// Jest Snapshot v1, https://goo.gl/fbAQLP

exports[`PitchedRoofCalculator Protrusions component renders correctly 1`] = `
<div>
  <div
    class="Protrusions"
  >
    <h6
      class="title"
    >
      MC: roofDimensions.protrusions.title
    </h6>
    <div
      class="protrusion"
    >
      <div
        class="FieldContainer fieldsContainer"
      >
        <div
          class="MuiGrid-root Grid Grid--justifyContent MuiGrid-container MuiGrid-spacing-xs-3 MuiGrid-justify-content-xs-center"
        >
          <div
            class="MuiGrid-root card MuiGrid-item MuiGrid-grid-xs-6 MuiGrid-grid-lg-2"
          >
            <div
              class="CardInput"
            >
              <label>
                <input
                  class="input"
                  name="select-protrusion-0"
                  type="radio"
                  value="protrusion01"
                />
                <div
                  aria-disabled="false"
                  class="MuiButtonBase-root ToggleCard card"
                  role="button"
                  tabindex="0"
                >
                  <div
                    class="MuiPaper-root MuiCard-root body MuiPaper-elevation1 MuiPaper-rounded"
                  >
                    <svg
                      preserveAspectRatio="xMidYMid"
                    />
                  </div>
                  <span
                    class="MuiTouchRipple-root"
                  />
                </div>
              </label>
            </div>
          </div>
          <div
            class="MuiGrid-root card MuiGrid-item MuiGrid-grid-xs-6 MuiGrid-grid-lg-2"
          >
            <div
              class="CardInput"
            >
              <label>
                <input
                  class="input"
                  name="select-protrusion-0"
                  type="radio"
                  value="protrusion02"
                />
                <div
                  aria-disabled="false"
                  class="MuiButtonBase-root ToggleCard card"
                  role="button"
                  tabindex="0"
                >
                  <div
                    class="MuiPaper-root MuiCard-root body MuiPaper-elevation1 MuiPaper-rounded"
                  >
                    <svg
                      preserveAspectRatio="xMidYMid"
                    />
                  </div>
                  <span
                    class="MuiTouchRipple-root"
                  />
                </div>
              </label>
            </div>
          </div>
          <div
            class="MuiGrid-root card MuiGrid-item MuiGrid-grid-xs-6 MuiGrid-grid-lg-2"
          >
            <div
              class="CardInput"
            >
              <label>
                <input
                  class="input"
                  name="select-protrusion-0"
                  type="radio"
                  value="protrusion03"
                />
                <div
                  aria-disabled="false"
                  class="MuiButtonBase-root ToggleCard card"
                  role="button"
                  tabindex="0"
                >
                  <div
                    class="MuiPaper-root MuiCard-root body MuiPaper-elevation1 MuiPaper-rounded"
                  >
                    <svg
                      preserveAspectRatio="xMidYMid"
                    />
                  </div>
                  <span
                    class="MuiTouchRipple-root"
                  />
                </div>
              </label>
            </div>
          </div>
        </div>
      </div>
    </div>
  </div>
</div>
`;
