// Jest Snapshot v1, https://goo.gl/fbAQLP

exports[`PitchedRoofCalculator TileOptions component renders correctly 1`] = `
<div>
  <div>
    <div
      class="FieldContainer"
    >
      <div
        class="head"
      >
        <h6
          class="MuiTypography-root Typography MuiTypography-h6"
        >
          MC: tileOptions.verge.title
        </h6>
        <p
          class="MuiTypography-root help Typography MuiTypography-body2"
        >
          MC: tileOptions.verge.help
        </p>
      </div>
      <div
        class="CardRadioGroup"
      >
        <div
          class="MuiGrid-root Grid MuiGrid-container MuiGrid-spacing-xs-2"
        >
          <div
            class="MuiGrid-root item MuiGrid-item MuiGrid-grid-xs-6 MuiGrid-grid-md-4 MuiGrid-grid-lg-2"
          >
            <div
              class="CardInput item"
            >
              <label>
                <input
                  class="input"
                  name="verge"
                  type="radio"
                  value="Verge Metal Flush"
                />
                <div
                  aria-disabled="false"
                  class="MuiButtonBase-root ToggleCard card"
                  role="button"
                  tabindex="0"
                >
                  <div
                    class="MuiPaper-root MuiCard-root body MuiPaper-elevation1 MuiPaper-rounded"
                  >
                    <div
                      class="image"
                      style="background-image: url(https://bmipimngprodtfe.azureedge.net/sys-master-hybris-media/h77/hdc/8975277129758/Product-Hero-Small-Desktop-Tablet-44134186-Icopal-Takshingel-type-S-Kullsortjpg);"
                    />
                    <h6
                      class="MuiTypography-root title Typography MuiTypography-h6"
                    >
                      Verge Metal Flush
                    </h6>
                  </div>
                  <span
                    class="MuiTouchRipple-root"
                  />
                </div>
              </label>
            </div>
          </div>
          <div
            class="MuiGrid-root item MuiGrid-item MuiGrid-grid-xs-6 MuiGrid-grid-md-4 MuiGrid-grid-lg-2"
          >
            <div
              class="CardInput item"
            >
              <label>
                <input
                  class="input"
                  name="verge"
                  type="radio"
                  value="Verge Tile"
                />
                <div
                  aria-disabled="false"
                  class="MuiButtonBase-root ToggleCard card"
                  role="button"
                  tabindex="0"
                >
                  <div
                    class="MuiPaper-root MuiCard-root body MuiPaper-elevation1 MuiPaper-rounded"
                  >
                    <div
                      class="image"
                      style="background-image: url(https://bmipimngprodtfe.azureedge.net/sys-master-hybris-media/ha8/hf4/8975277850654/Product-Hero-Small-Desktop-Tablet-44134160-Icopal-Takshingel-type-S-Teglrodjpg);"
                    />
                    <h6
                      class="MuiTypography-root title Typography MuiTypography-h6"
                    >
                      Verge Tile
                    </h6>
                  </div>
                  <span
                    class="MuiTouchRipple-root"
                  />
                </div>
              </label>
            </div>
          </div>
          <div
            class="MuiGrid-root item MuiGrid-item MuiGrid-grid-xs-6 MuiGrid-grid-md-4 MuiGrid-grid-lg-2"
          >
            <div
              class="CardInput item"
            >
              <label>
                <input
                  class="input"
                  name="verge"
                  type="radio"
                  value="none"
                />
                <div
                  aria-disabled="false"
                  class="MuiButtonBase-root ToggleCard card"
                  role="button"
                  tabindex="0"
                >
                  <div
                    class="MuiPaper-root MuiCard-root body MuiPaper-elevation1 MuiPaper-rounded"
                  >
                    <h6
                      class="MuiTypography-root title title--only Typography MuiTypography-h6"
                    >
                      MC: tileOptions.verge.noneLabel
                    </h6>
                  </div>
                  <span
                    class="MuiTouchRipple-root"
                  />
                </div>
              </label>
            </div>
          </div>
        </div>
      </div>
    </div>
    <div
      class="FieldContainer"
    >
      <div
        class="head"
      >
        <h6
          class="MuiTypography-root Typography MuiTypography-h6"
        >
          MC: tileOptions.ridge.title
        </h6>
        <p
          class="MuiTypography-root help Typography MuiTypography-body2"
        >
          MC: tileOptions.ridge.help
        </p>
      </div>
      <div
        class="CardRadioGroup"
      >
        <div
          class="MuiGrid-root Grid MuiGrid-container MuiGrid-spacing-xs-2"
        >
          <div
            class="MuiGrid-root item MuiGrid-item MuiGrid-grid-xs-6 MuiGrid-grid-md-4 MuiGrid-grid-lg-2"
          >
            <div
              class="CardInput item"
            >
              <label>
                <input
                  class="input"
                  name="ridge"
                  type="radio"
                  value="46035761"
                />
                <div
                  aria-disabled="false"
                  class="MuiButtonBase-root ToggleCard card"
                  role="button"
                  tabindex="0"
                >
                  <div
                    class="MuiPaper-root MuiCard-root body MuiPaper-elevation1 MuiPaper-rounded"
                  >
                    <div
                      class="image"
                      style="background-image: url(https://bmipimngprodtfe.azureedge.net/sys-master-hybris-media/h77/hdc/8975277129758/Product-Hero-Small-Desktop-Tablet-44134186-Icopal-Takshingel-type-S-Kullsortjpg);"
                    />
                    <h6
                      class="MuiTypography-root title Typography MuiTypography-h6"
                    >
                      Zanda_Protector_ridge tile black
                    </h6>
                    <p
                      class="MuiTypography-root paragraph Typography MuiTypography-body1"
                    >
                      MC: calculator.nobb.label
                      :
                       
                      <strong>
                        46035761
                      </strong>
                    </p>
                  </div>
                  <span
                    class="MuiTouchRipple-root"
                  />
                </div>
              </label>
            </div>
          </div>
          <div
            class="MuiGrid-root item MuiGrid-item MuiGrid-grid-xs-6 MuiGrid-grid-md-4 MuiGrid-grid-lg-2"
          >
            <div
              class="CardInput item"
            >
              <label>
                <input
                  class="input"
                  name="ridge"
                  type="radio"
                  value="46035001"
                />
                <div
                  aria-disabled="false"
                  class="MuiButtonBase-root ToggleCard card"
                  role="button"
                  tabindex="0"
                >
                  <div
                    class="MuiPaper-root MuiCard-root body MuiPaper-elevation1 MuiPaper-rounded"
                  >
                    <div
                      class="image"
                      style="background-image: url(https://bmipimngprodtfe.azureedge.net/sys-master-hybris-media/h77/hdc/8975277129758/Product-Hero-Small-Desktop-Tablet-44134186-Icopal-Takshingel-type-S-Kullsortjpg);"
                    />
                    <h6
                      class="MuiTypography-root title Typography MuiTypography-h6"
                    >
                      Zanda_Protector_ridge sample metal flush black
                    </h6>
                    <p
                      class="MuiTypography-root paragraph Typography MuiTypography-body1"
                    >
                      MC: calculator.nobb.label
                      :
                       
                      <strong>
                        46035001
                      </strong>
                    </p>
                  </div>
                  <span
                    class="MuiTouchRipple-root"
                  />
                </div>
              </label>
            </div>
          </div>
        </div>
      </div>
    </div>
    <div
      class="FieldContainer"
    >
      <div
        class="head"
      >
        <h6
          class="MuiTypography-root Typography MuiTypography-h6"
        >
          MC: tileOptions.ventilationHood.title
        </h6>
        <p
          class="MuiTypography-root help Typography MuiTypography-body2"
        >
          MC: tileOptions.ventilationHood.help
        </p>
      </div>
      <div
        class="CardCheckboxGroup"
      >
        <div
          class="MuiGrid-root Grid MuiGrid-container MuiGrid-spacing-xs-2"
        >
          <div
            class="MuiGrid-root item MuiGrid-item MuiGrid-grid-xs-6 MuiGrid-grid-md-4 MuiGrid-grid-lg-2"
          >
            <div
              class="CardInput item"
            >
              <label>
                <input
                  class="input"
                  name="ventilation"
                  type="checkbox"
                  value="100456781"
                />
                <div
                  aria-disabled="false"
                  class="MuiButtonBase-root ToggleCard card"
                  role="button"
                  tabindex="0"
                >
                  <div
                    class="MuiPaper-root MuiCard-root body MuiPaper-elevation1 MuiPaper-rounded"
                  >
                    <div
                      class="image"
                      style="background-image: url(https://bmipimngprodtfe.azureedge.net/sys-master-hybris-media/ha8/hf4/8975277850654/Product-Hero-Small-Desktop-Tablet-44134160-Icopal-Takshingel-type-S-Teglrodjpg);"
                    />
                    <h6
                      class="MuiTypography-root title Typography MuiTypography-h6"
                    >
                      Ventilation Hood 1
                    </h6>
                    <p
                      class="MuiTypography-root paragraph Typography MuiTypography-body1"
                    >
                      MC: calculator.nobb.label
                      :
                       
                      <strong>
                        100456781
                      </strong>
                    </p>
                  </div>
                  <span
                    class="MuiTouchRipple-root"
                  />
                </div>
              </label>
            </div>
          </div>
          <div
            class="MuiGrid-root item MuiGrid-item MuiGrid-grid-xs-6 MuiGrid-grid-md-4 MuiGrid-grid-lg-2"
          >
            <div
              class="CardInput item"
            >
              <label>
                <input
                  class="input"
                  name="ventilation"
                  type="checkbox"
                  value="100456782"
                />
                <div
                  aria-disabled="false"
                  class="MuiButtonBase-root ToggleCard card"
                  role="button"
                  tabindex="0"
                >
                  <div
                    class="MuiPaper-root MuiCard-root body MuiPaper-elevation1 MuiPaper-rounded"
                  >
                    <div
                      class="image"
                      style="background-image: url(https://bmipimngprodtfe.azureedge.net/sys-master-hybris-media/ha8/hf4/8975277850654/Product-Hero-Small-Desktop-Tablet-44134160-Icopal-Takshingel-type-S-Teglrodjpg);"
                    />
                    <h6
                      class="MuiTypography-root title Typography MuiTypography-h6"
                    >
                      Ventilation Hood 2
                    </h6>
                    <p
                      class="MuiTypography-root paragraph Typography MuiTypography-body1"
                    >
                      MC: calculator.nobb.label
                      :
                       
                      <strong>
                        100456782
                      </strong>
                    </p>
                  </div>
                  <span
                    class="MuiTouchRipple-root"
                  />
                </div>
              </label>
            </div>
          </div>
          <div
            class="MuiGrid-root item MuiGrid-item MuiGrid-grid-xs-6 MuiGrid-grid-md-4 MuiGrid-grid-lg-2"
          >
            <div
              class="CardInput"
            >
              <label>
                <input
                  class="input"
                  type="checkbox"
                  value="none"
                />
                <div
                  aria-disabled="false"
                  class="MuiButtonBase-root ToggleCard card"
                  role="button"
                  tabindex="0"
                >
                  <div
                    class="MuiPaper-root MuiCard-root body MuiPaper-elevation1 MuiPaper-rounded"
                  >
                    <h6
                      class="MuiTypography-root title title--only Typography MuiTypography-h6"
                    >
                      MC: tileOptions.ventilationHood.noneLabel
                    </h6>
                  </div>
                  <span
                    class="MuiTouchRipple-root"
                  />
                </div>
              </label>
            </div>
          </div>
        </div>
      </div>
    </div>
  </div>
</div>
`;

exports[`PitchedRoofCalculator TileOptions component renders with no options 1`] = `
<div>
  <div />
</div>
`;
