// Jest Snapshot v1, https://goo.gl/fbAQLP

exports[`CompanyRegistrationPage render correctly 1`] = `
<div>
  <div>
    dialog
  </div>
</div>
`;
