// Jest Snapshot v1, https://goo.gl/fbAQLP

exports[`homepage render correctly 1`] = `
<div>
  <div>
    <div
      class="appContainer"
    >
      <div
        class="sidebar"
      >
        <div
          class="logoContainer"
        >
          <svg
            class="logo"
            style="width: 72px; display: block;"
          />
        </div>
        <nav
          class="sidebarNavigation"
        >
          <a
            class="sidebarLink"
            href="/"
          >
            <svg
              aria-hidden="true"
              class="MuiSvgIcon-root MuiSvgIcon-colorPrimary"
              focusable="false"
              style="font-size: 24px;"
              viewBox="0 0 24 24"
            >
              <path
                d="M10 20v-6h4v6h5v-8h3L12 3 2 12h3v8z"
              />
            </svg>
            Home
          </a>
          <a
            class="sidebarLink"
            href="/projects"
          >
            <svg
              color="primary"
              style="font-size: 24px;"
            />
            Projects
          </a>
          <a
            class="sidebarLink"
            href="/training"
          >
            <svg
              aria-hidden="true"
              class="MuiSvgIcon-root MuiSvgIcon-colorPrimary"
              focusable="false"
              style="font-size: 24px;"
              viewBox="0 0 24 24"
            >
              <path
                d="M5 13.18v4L12 21l7-3.82v-4L12 17l-7-3.82zM12 3L1 9l11 6 9-4.91V17h2V9L12 3z"
              />
            </svg>
            Training
          </a>
          <a
            class="sidebarLink"
            href="/team"
          >
            <svg
              aria-hidden="true"
              class="MuiSvgIcon-root MuiSvgIcon-colorPrimary"
              focusable="false"
              style="font-size: 24px;"
              viewBox="0 0 24 24"
            >
              <path
                d="M16 11c1.66 0 2.99-1.34 2.99-3S17.66 5 16 5c-1.66 0-3 1.34-3 3s1.34 3 3 3zm-8 0c1.66 0 2.99-1.34 2.99-3S9.66 5 8 5C6.34 5 5 6.34 5 8s1.34 3 3 3zm0 2c-2.33 0-7 1.17-7 3.5V19h14v-2.5c0-2.33-4.67-3.5-7-3.5zm8 0c-.29 0-.62.02-.97.05 1.16.84 1.97 1.97 1.97 3.45V19h6v-2.5c0-2.33-4.67-3.5-7-3.5z"
              />
            </svg>
            Team
          </a>
          <a
            class="sidebarLink"
            href="/companies/1"
          >
            <svg
              aria-hidden="true"
              class="MuiSvgIcon-root MuiSvgIcon-colorPrimary"
              focusable="false"
              style="font-size: 24px;"
              viewBox="0 0 24 24"
            >
              <path
                d="M12 7V3H2v18h20V7H12zM6 19H4v-2h2v2zm0-4H4v-2h2v2zm0-4H4V9h2v2zm0-4H4V5h2v2zm4 12H8v-2h2v2zm0-4H8v-2h2v2zm0-4H8V9h2v2zm0-4H8V5h2v2zm10 12h-8v-2h2v-2h-2v-2h2v-2h-2V9h8v10zm-2-8h-2v2h2v-2zm0 4h-2v2h2v-2z"
              />
            </svg>
            Company
          </a>
          <a
            class="sidebarLink"
            href="/toolkit"
          >
            <svg
              aria-hidden="true"
              class="MuiSvgIcon-root MuiSvgIcon-colorPrimary"
              focusable="false"
              style="font-size: 24px;"
              viewBox="0 0 24 24"
            >
              <path
                d="M22.7 19l-9.1-9.1c.9-2.3.4-5-1.5-6.9-2-2-5-2.4-7.4-1.3L9 6 6 9 1.6 4.7C.4 7.1.9 10.1 2.9 12.1c1.9 1.9 4.6 2.4 6.9 1.5l9.1 9.1c.4.4 1 .4 1.4 0l2.3-2.3c.5-.4.5-1.1.1-1.4z"
              />
            </svg>
            Tools
          </a>
          <a
            class="sidebarLink"
            href="/faq"
          >
            <svg
              color="primary"
              style="font-size: 24px;"
            />
            FAQ
          </a>
        </nav>
      </div>
      <div
        class="appMain"
      >
        <div
          class="headerContainer"
        >
          <div
            class="header"
          >
            <div
              class="upperHeader"
            >
              <nav>
                <a
                  href="/contact"
                >
                  Contact
                </a>
                <a
                  data-testid="global-external-link"
                  href="https://www.bmigroup.com/no/"
                  rel="noopener noreferrer"
                  target="_blank"
                >
                  BMI Norway Website
                </a>
              </nav>
            </div>
            <div
              class="midHeader"
            >
              <svg
                class="logo"
                style="width: 50px; display: block;"
              />
              <div
                class="midHeaderNav"
              >
                <button
                  aria-label="aria.notifications"
                  class="MuiButtonBase-root MuiIconButton-root notificationsIcon notificationsIcon--unread"
                  id="notifications-panel-toggle"
                  tabindex="0"
                  type="button"
                >
                  <span
                    class="MuiIconButton-label"
                  >
                    <svg
                      aria-hidden="true"
                      class="MuiSvgIcon-root MuiSvgIcon-colorPrimary MuiSvgIcon-fontSizeLarge"
                      focusable="false"
                      viewBox="0 0 24 24"
                    >
                      <path
                        d="M12 22c1.1 0 2-.9 2-2h-4c0 1.1.89 2 2 2zm6-6v-5c0-3.07-1.64-5.64-4.5-6.32V4c0-.83-.67-1.5-1.5-1.5s-1.5.67-1.5 1.5v.68C7.63 5.36 6 7.92 6 11v5l-2 2v1h16v-1l-2-2z"
                      />
                    </svg>
                  </span>
                  <span
                    class="MuiTouchRipple-root"
                  />
                </button>
                <div
                  class="tabletNavButton"
                >
                  <button
                    aria-label="aria.navigation"
                    class="MuiButtonBase-root"
                    id="tablet-navigation-panel-toggle"
                    tabindex="0"
                    type="button"
                  >
                    <svg
                      aria-hidden="true"
                      class="MuiSvgIcon-root MuiSvgIcon-colorPrimary MuiSvgIcon-fontSizeLarge"
                      focusable="false"
                      viewBox="0 0 24 24"
                    >
                      <path
                        d="M3 18h18v-2H3v2zm0-5h18v-2H3v2zm0-7v2h18V6H3z"
                      />
                    </svg>
                    <span
                      class="MuiTouchRipple-root"
                    />
                  </button>
                </div>
                <div
                  class="mobileNavButton"
                >
                  <button
                    aria-label="aria.navigation"
                    class="MuiButtonBase-root"
                    id="mobile-navigation-panel-toggle"
                    tabindex="0"
                    type="button"
                  >
                    <svg
                      aria-hidden="true"
                      class="MuiSvgIcon-root MuiSvgIcon-colorPrimary MuiSvgIcon-fontSizeLarge"
                      focusable="false"
                      viewBox="0 0 24 24"
                    >
                      <path
                        d="M3 18h18v-2H3v2zm0-5h18v-2H3v2zm0-7v2h18V6H3z"
                      />
                    </svg>
                    <span
                      class="MuiTouchRipple-root"
                    />
                  </button>
                </div>
              </div>
            </div>
            <div
              class="lowerHeader"
            >
              <div
                class="lowerHeaderMeta"
              >
                <h3
                  class="MuiTypography-root Typography MuiTypography-h3"
                >
                  Integrated Solutions Inc
                </h3>
                <hr
                  class="MuiDivider-root lowerHeaderDivider MuiDivider-flexItem MuiDivider-vertical"
                />
                <h3
                  class="MuiTypography-root lowerHeaderUserLevel Typography MuiTypography-h3"
                />
              </div>
              <div
                class="lowerHeaderNav"
              >
                <button
                  class="MuiButtonBase-root MuiIconButton-root notificationsIcon notificationsIcon--unread"
                  tabindex="0"
                  type="button"
                >
                  <span
                    class="MuiIconButton-label"
                  >
                    <svg
                      aria-hidden="true"
                      class="MuiSvgIcon-root MuiSvgIcon-colorPrimary"
                      focusable="false"
                      viewBox="0 0 24 24"
                    >
                      <path
                        d="M12 22c1.1 0 2-.9 2-2h-4c0 1.1.89 2 2 2zm6-6v-5c0-3.07-1.64-5.64-4.5-6.32V4c0-.83-.67-1.5-1.5-1.5s-1.5.67-1.5 1.5v.68C7.63 5.36 6 7.92 6 11v5l-2 2v1h16v-1l-2-2z"
                      />
                    </svg>
                  </span>
                  <span
                    class="MuiTouchRipple-root"
                  />
                </button>
                <div
                  class="makeStyles-root-1"
                >
                  <div>
                    <button
                      aria-haspopup="true"
                      class="MuiButtonBase-root MuiButton-root MuiButton-text"
                      tabindex="0"
                      type="button"
                    >
                      <span
                        class="MuiButton-label"
                      >
                        <div
                          class="userMenu"
                        >
                          <div
                            class="avatar"
                          >
                            <svg
                              aria-hidden="true"
                              class="MuiSvgIcon-root"
                              focusable="false"
                              style="width: 20px; color: rgb(238, 238, 238);"
                              viewBox="0 0 24 24"
                            >
                              <path
                                d="M12 12c2.21 0 4-1.79 4-4s-1.79-4-4-4-4 1.79-4 4 1.79 4 4 4zm0 2c-2.67 0-8 1.34-8 4v2h16v-2c0-2.66-5.33-4-8-4z"
                              />
                            </svg>
                          </div>
                          <div
                            class="userName"
                          >
                            Account
                          </div>
                          <svg
                            aria-hidden="true"
                            class="MuiSvgIcon-root MuiSvgIcon-colorAction"
                            focusable="false"
                            viewBox="0 0 24 24"
                          >
                            <path
                              d="M7.41 8.59L12 13.17l4.59-4.58L18 10l-6 6-6-6 1.41-1.41z"
                            />
                          </svg>
                        </div>
                      </span>
                      <span
                        class="MuiTouchRipple-root"
                      />
                    </button>
                  </div>
                </div>
              </div>
            </div>
          </div>
        </div>
        <div
          class="appContent"
        >
          <div
            class="Hero Hero--slim Hero--carousel Hero--space-bottom"
          >
            <div
              class="Container"
            >
              <div
                class="MuiContainer-root container MuiContainer-maxWidthXl"
              >
                <div
                  class="wrapper"
                >
                  <div
                    class="wrapper"
                  >
                    <div
                      class="Carousel Carousel--opacity Carousel--swipable"
                      data-testid="carousel"
                    >
                      <div
                        style="overflow-x: hidden;"
                      >
                        <div
                          class="react-swipeable-view-container"
                          style="flex-direction: row; transition: all 0s ease 0s; direction: ltr; display: flex; will-change: transform;"
                        >
                          <div
                            aria-hidden="false"
                            class="Carousel__slide--global"
                            data-swipeable="true"
                            style="width: 100%; flex-shrink: 0; overflow: auto;"
                          >
                            <div
                              class="page"
                            >
                              <div
                                class="slide"
                                style="width: 100%;"
                              >
                                <div
                                  class="content"
                                >
                                  <h1
                                    class="MuiTypography-root title title--truncated Typography Typography--underline Typography--underline--dark-bg MuiTypography-h1"
                                  >
                                    header
                                  </h1>
                                  <div
                                    class="text"
                                  >
                                    Body
                                  </div>
                                  <button
                                    class="MuiButtonBase-root MuiButton-root buttonStyles-root-3 MuiButton-outlined buttonStyles-outlinedDarkBg-9 MuiButton-outlinedPrimary"
                                    data-testid="project-cta"
                                    style="margin-top: 2em;"
                                    tabindex="0"
                                    type="button"
                                  >
                                    <span
                                      class="MuiButton-label buttonStyles-label-6"
                                    >
                                      hero.cta.PROJECT
                                    </span>
                                    <span
                                      class="MuiTouchRipple-root"
                                    />
                                  </button>
                                </div>
                              </div>
                            </div>
                          </div>
                        </div>
                      </div>
                    </div>
                  </div>
                  <div
                    class="SlideControls SlideControls--light SlideControls--hide controls"
                  >
                    <span
                      class="middle-container"
                    >
                      <span
                        class="sliding-slot"
                      >
                        <span
                          class="numbers"
                        >
                          <span
                            class="number number--active"
                          >
                            01
                          </span>
                        </span>
                      </span>
                      <span
                        class="total"
                      >
                        01
                      </span>
                    </span>
                  </div>
                  <div
                    class="children"
                  />
                </div>
              </div>
            </div>
            <div
              class="image-carousel"
            >
              <div
                class="wrapper"
              >
                <div
                  class="Carousel Carousel--swipable"
                  data-testid="carousel"
                >
                  <div
                    style="overflow-x: hidden;"
                  >
                    <div
                      class="react-swipeable-view-container"
                      style="flex-direction: row; transition: all 0s ease 0s; direction: ltr; display: flex; will-change: transform;"
                    >
                      <div
                        aria-hidden="false"
                        class="Carousel__slide--global"
                        data-swipeable="true"
                        style="width: 100%; flex-shrink: 0; overflow: auto;"
                      >
                        <div
                          class="page"
                        >
                          <div
                            class="slide"
                            style="width: 100%;"
                          >
                            <img
                              alt="header"
                              class="carouselImage image Media"
                              src="image url"
                            />
                          </div>
                        </div>
                      </div>
                    </div>
                  </div>
                </div>
              </div>
            </div>
          </div>
          <div
            class="Section Section--white Section--slim"
          >
            <div
              class="Container"
            >
              <div
                class="MuiContainer-root MuiContainer-maxWidthXl"
              >
                <h2
                  class="MuiTypography-root title Typography Typography--underline MuiTypography-h2"
                >
                  partnerBrands.title
                </h2>
                <p
                  class="MuiTypography-root Typography MuiTypography-body1"
                >
                  partnerBrands.description
                </p>
              </div>
            </div>
          </div>
          <div
            class="Section Section--alabaster Section--slim"
          >
            <div
              class="Container"
            >
              <div
                class="MuiContainer-root MuiContainer-maxWidthXl"
              >
                <div
                  class="wrapper wrapper--with-gutter"
                >
                  <div
                    class="Carousel Carousel--opacity Carousel--with-gutter"
                    data-testid="carousel"
                  >
                    <div
                      style="overflow-x: hidden;"
                    >
                      <div
                        class="react-swipeable-view-container"
                        style="flex-direction: row; transition: all 0s ease 0s; direction: ltr; display: flex; will-change: transform;"
                      >
                        <div
                          aria-hidden="false"
                          class="Carousel__slide--global"
                          data-swipeable="true"
                          style="width: 100%; flex-shrink: 0; overflow: auto;"
                        >
                          <div
                            class="page"
                          >
                            <div
                              class="slide"
                              style="width: 33.333333333333336%;"
                            >
                              <a
                                aria-disabled="false"
                                class="MuiButtonBase-root OverviewCard OverviewCard--clickable"
                                href="/partner-brands"
                                tabindex="0"
                                target="_blank"
                              >
                                <img
                                  alt="partner brand image title"
                                  class="header-picture Media"
                                  src="partner brand image url"
                                />
                                <div
                                  class="body"
                                >
                                  <div
                                    class="brand-logo brand-logo--negative"
                                  >
                                    <img
                                      alt=""
                                      src="partner brand logo url"
                                    />
                                  </div>
                                  <h4
                                    class="MuiTypography-root title Typography MuiTypography-h4"
                                  >
                                    partner brand name
                                  </h4>
                                  <div
                                    class="children text"
                                  >
                                    partner brand shortDescription
                                  </div>
                                  <div
                                    class="footer"
                                  >
                                    <span
                                      aria-disabled="false"
                                      class="MuiButtonBase-root MuiButton-root buttonStyles-root-3 MuiButton-outlined MuiButton-outlinedPrimary"
                                      role="button"
                                      tabindex="0"
                                    >
                                      <span
                                        class="MuiButton-label buttonStyles-label-6"
                                      >
                                        partnerBrands.ctaLabel
                                      </span>
                                      <span
                                        class="MuiTouchRipple-root"
                                      />
                                    </span>
                                  </div>
                                </div>
                                <span
                                  class="MuiTouchRipple-root"
                                />
                              </a>
                            </div>
                          </div>
                        </div>
                      </div>
                    </div>
                  </div>
                </div>
              </div>
            </div>
          </div>
          <div
            class="feedholder"
          >
            <div
              class="MuiPaper-root MuiCard-root card MuiPaper-elevation1 MuiPaper-rounded"
            >
              <div
                class="MuiCardContent-root"
              >
                <h4
                  class="MuiTypography-root Typography Typography--underline MuiTypography-h4"
                >
                  newsItemHeading
                </h4>
                <iframe
                  class="embed undefined"
                  frameborder="0"
                  height="400px"
                  src="newsItemUrl"
                  title="newsItemHeading"
                  width="100%"
                />
                <a
                  aria-disabled="false"
                  class="MuiButtonBase-root MuiButton-root buttonStyles-root-3 MuiButton-outlined MuiButton-outlinedPrimary"
                  href="newsItemCta"
                  tabindex="0"
                  target="_blank"
                >
                  <span
                    class="MuiButton-label buttonStyles-label-6"
                  >
                    linkedin.ctaLabel
                  </span>
                  <span
                    class="MuiTouchRipple-root"
                  />
                </a>
              </div>
            </div>
            <div
              class="MuiPaper-root MuiCard-root card MuiPaper-elevation1 MuiPaper-rounded"
            >
              <div
                class="MuiCardContent-root"
              >
                <h4
                  class="MuiTypography-root Typography Typography--underline MuiTypography-h4"
                >
                  tier benefit name
                </h4>
                <div
                  class="tierBenefits"
                >
                  <div
                    class="main"
                  />
                </div>
              </div>
            </div>
          </div>
        </div>
        <div
          class="footer"
        >
          <svg
            style="width: 50px;"
          />
          <nav
            class="footerNav"
          >
            <a
              href="/footer/link/relativePath"
            >
              Footer link title
            </a>
          </nav>
          <svg
            style="width: 120px;"
          />
        </div>
      </div>
    </div>
  </div>
</div>
`;
