// Jest Snapshot v1, https://goo.gl/fbAQLP

exports[`Brands component renders correctly 1`] = `
<div>
  <div
    class="MuiGrid2-root MuiGrid2-container MuiGrid2-direction-xs-row MuiGrid2-spacing-xs-3  css-1qxu916-MuiGrid2-root"
    data-testid="document-cards-results-grid"
  >
    <div
      class="MuiGrid2-root MuiGrid2-direction-xs-row MuiGrid2-grid-xs-12 MuiGrid2-grid-sm-12 MuiGrid2-grid-lg-6 MuiGrid2-grid-xl-4 Grid-item css-8c4xmf-MuiGrid2-root"
      data-testid="grid-item"
    >
      <div
        class="OverviewCard-clickable MuiBox-root css-lww50j"
      >
        <a
          class="MuiButtonBase-root OverviewCard-main css-10d1a0h-MuiButtonBase-root"
          data-gtm="{"id":"cta-click1","label":"MC: documentLibrary.card.download","action":"http://localhost:9000/asset-filename.jpg"}"
          href="https:http://localhost:9000/asset-filename.jpg"
          rel="noopener noreferrer"
          tabindex="0"
          target="_blank"
        >
          <img
            alt="contentful image alt text"
            class="OverviewCard-headerPicture css-7mgsqw-Media"
            src="http://localhost:9000/image-filname.jpg"
            style="object-fit: cover; object-position: center;"
            title="contentful image title"
          />
          <a
            class="MuiButtonBase-root OverviewCard-body css-10d1a0h-MuiButtonBase-root"
            data-gtm="{"id":"cta-click1","label":"MC: documentLibrary.card.download","action":"http://localhost:9000/asset-filename.jpg"}"
            href="https:http://localhost:9000/asset-filename.jpg"
            rel="noopener noreferrer"
            tabindex="0"
            target="_blank"
          >
            <div
              class="OverviewCard-brandLogo OverviewCard-negative"
            />
            <h4
              class="MuiTypography-root MuiTypography-h4 OverviewCard-title css-1x9euu8-MuiTypography-root"
              data-testid="overview-card-body-title"
            >
              contentful document title
            </h4>
            <div
              class="OverviewCard-text css-kl66ak"
              data-testid="overview-card-body-description"
            />
            <span
              class="MuiTouchRipple-root css-8je8zh-MuiTouchRipple-root"
            />
          </a>
          <span
            class="MuiTouchRipple-root css-8je8zh-MuiTouchRipple-root"
          />
        </a>
        <div
          class="OverviewCard-clickable css-1cyx9t4"
          data-testid="overview-card-body-footer"
        >
          <div
            class="css-1elv8vm"
          >
            <div
              aria-label="MC: document.library.copyLink.tooltip.title"
              class="MuiBox-root css-mvc5fa"
              data-mui-internal-clone-element="true"
              data-testid="tooltip"
            >
              <button
                aria-label="Copy contentful document title"
                class="MuiButtonBase-root MuiIconButton-root Button-root iconButton Button-large Button-text MuiIconButton-sizeLarge css-aq4cim-MuiButtonBase-root-MuiIconButton-root"
                data-testid="document-table-actions-copy-url-contentful-document-id"
                tabindex="0"
                type="button"
              >
                <svg
                  class="document-simple-table-results-actionIcon css-546mkb"
                  viewBox="0 0 24 24"
                  xmlns="http://www.w3.org/2000/svg"
                >
                  <path
                    d="M15.0786 3.99902H6.86837C6.11356 4.0012 5.50221 4.6036 5.5 5.34736V14.7857H6.86837V5.34736H15.0786V3.99902ZM17.1327 6.69556H9.60665C8.85184 6.69794 8.24049 7.35835 8.23828 8.17373V18.5209C8.24049 19.3363 8.85184 19.9967 9.60665 19.9991H17.1327C17.8875 19.9967 18.4989 19.3363 18.5011 18.5209V8.17373C18.4989 7.35835 17.8875 6.69794 17.1327 6.69556ZM17.1315 18.521H9.60547V8.17383H17.1315V18.521Z"
                  />
                </svg>
                <span
                  class="MuiTouchRipple-root css-8je8zh-MuiTouchRipple-root"
                />
              </button>
            </div>
            <div
              class="css-b7sks0"
            />
            <div
              aria-label="MC: document.library.download.tooltip.title"
              class=""
              data-mui-internal-clone-element="true"
              data-testid="tooltip"
            >
              <a
                aria-label="Download contentful document title"
                class="MuiButtonBase-root MuiIconButton-root Button-root iconButton Button-large Button-text MuiIconButton-sizeLarge css-aq4cim-MuiButtonBase-root-MuiIconButton-root"
                data-gtm="{"id":"download1","label":"Download","action":"http://localhost:9000/asset-filename.jpg"}"
                data-testid="document-table-actions-download-contentful-document-id"
                href="http://localhost:9000/asset-filename.jpg"
                rel="noopener noreferrer"
                tabindex="0"
                target="_blank"
              >
                <svg
                  class="document-simple-table-results-actionIcon css-546mkb"
                  viewBox="0 0 24 24"
                  xmlns="http://www.w3.org/2000/svg"
                >
                  <path
                    d="M19 20v-2H5v2Zm0-10h-4V4H9v6H5l7 7Z"
                    fill="currentColor"
                  />
                </svg>
                <span
                  class="MuiTouchRipple-root css-8je8zh-MuiTouchRipple-root"
                />
              </a>
            </div>
          </div>
        </div>
      </div>
    </div>
    <div
      class="MuiGrid2-root MuiGrid2-direction-xs-row MuiGrid2-grid-xs-12 MuiGrid2-grid-sm-12 MuiGrid2-grid-lg-6 MuiGrid2-grid-xl-4 Grid-item css-8c4xmf-MuiGrid2-root"
      data-testid="grid-item"
    >
      <div
        class="OverviewCard-clickable MuiBox-root css-lww50j"
      >
        <a
          class="MuiButtonBase-root OverviewCard-main css-10d1a0h-MuiButtonBase-root"
          data-gtm="{"id":"cta-click1","label":"MC: documentLibrary.card.download","action":"http://localhost:9000/asset-filename.jpg"}"
          href="https:http://localhost:9000/asset-filename.jpg"
          rel="noopener noreferrer"
          tabindex="0"
          target="_blank"
        >
          <a
            class="MuiButtonBase-root OverviewCard-body css-10d1a0h-MuiButtonBase-root"
            data-gtm="{"id":"cta-click1","label":"MC: documentLibrary.card.download","action":"http://localhost:9000/asset-filename.jpg"}"
            href="https:http://localhost:9000/asset-filename.jpg"
            rel="noopener noreferrer"
            tabindex="0"
            target="_blank"
          >
            <div
              class="OverviewCard-brandLogo"
            >
              <svg
                class="BrandLogo css-gn1fhj"
                data-testid="brand-logo"
                preserveAspectRatio="xMinYMin"
                viewBox="0 0 244 100"
                xml:space="preserve"
                xmlns="http://www.w3.org/2000/svg"
              >
                <path
                  d="M15.506 29H25.89l15.236 41.02H30.882l-3.187-9.387H13.02L9.833 70.02H0L15.506 29Zm9.833 24.444-4.981-15.466-5.263 15.466H25.34ZM72.008 66.851c-.28.14-.832.55-1.523.97-.832.55-1.664.97-2.636 1.38-1.243.55-2.496.97-3.74 1.24-1.663.409-3.327.549-4.98.549-2.356 0-4.572-.41-6.787-1.11-1.934-.69-3.598-1.8-5.122-3.179-1.383-1.38-2.495-3.04-3.187-4.839-.692-2.07-1.113-4.139-1.113-6.358 0-1.93.28-4.01.972-5.799 1.243-3.729 4.15-6.628 7.759-8.288a16.83 16.83 0 0 1 6.374-1.24c2.226 0 4.29.41 6.235 1.24 1.804.83 3.328 1.93 4.57 3.45a14.765 14.765 0 0 1 2.767 5.248c.692 2.21.973 4.419.973 6.628v1.52H51.66c0 1.66.833 3.04 2.076 4.139 1.523 1.24 3.598 1.93 5.543 1.8 1.934.14 3.878-.28 5.673-.97 1.112-.55 2.215-1.11 3.187-1.8l3.88 5.389-.01.03ZM64.12 52.624c0-.69-.14-1.24-.411-1.93-.27-.689-.692-1.239-1.113-1.799a6.98 6.98 0 0 0-1.934-1.38c-.822-.41-1.804-.55-2.636-.55-.973 0-1.935.14-2.767.55-.691.28-1.383.83-1.934 1.38-.552.55-.973 1.11-1.243 1.8-.281.55-.411 1.24-.411 1.93H64.13h-.01ZM77.692 41.157h8.59l.28 3.59c.832-1.11 1.935-2.07 3.047-2.76 1.524-.97 3.328-1.38 5.122-1.38.692 0 1.384 0 2.075.14l1.664.41-1.383 7.868a13.282 13.282 0 0 0-3.188-.41c-1.934-.14-3.738.55-5.122 1.93-1.383 1.38-2.075 3.32-1.934 5.389V70.02h-9.001l-.14-28.863h-.01ZM99.703 55.524c0-2.07.411-4.14 1.113-5.939.701-1.8 1.804-3.45 3.187-4.839 1.383-1.39 3.047-2.49 4.982-3.319a16.823 16.823 0 0 1 6.374-1.24c2.226 0 4.291.41 6.375 1.24 1.805.69 3.458 1.93 4.982 3.32 1.383 1.379 2.496 3.038 3.187 4.838a16.364 16.364 0 0 1 0 12.017c-.691 1.8-1.804 3.45-3.187 4.84-1.383 1.389-3.047 2.489-4.982 3.318a16.825 16.825 0 0 1-6.375 1.24c-2.225 0-4.43-.41-6.374-1.24a14.767 14.767 0 0 1-8.169-8.148c-.692-1.93-1.113-4.009-1.113-6.078v-.01Zm15.787 7.738c.972 0 2.075-.14 3.047-.69.832-.41 1.664-.97 2.215-1.8.551-.69 1.113-1.52 1.383-2.489.552-1.8.552-3.87 0-5.659-.28-.97-.691-1.8-1.383-2.489-.551-.69-1.383-1.24-2.215-1.66-.972-.41-1.935-.69-3.047-.69-1.113 0-2.075.14-3.047.69-.832.41-1.664.97-2.216 1.66-.551.69-1.112 1.52-1.383 2.49a7.982 7.982 0 0 0 0 5.658c.281.97.692 1.8 1.383 2.49a7.107 7.107 0 0 0 2.216 1.799c.972.55 1.934.83 3.047.69ZM137.231 29h15.786c3.048 0 5.954.41 8.861 1.24 2.626.69 4.982 2.07 7.067 3.729a16.476 16.476 0 0 1 4.57 6.488c1.113 2.9 1.805 6.079 1.664 9.258.141 3.04-.551 6.079-1.664 8.838-1.112 2.49-2.626 4.559-4.711 6.358-2.085 1.8-4.43 3.04-7.066 3.87a32.622 32.622 0 0 1-8.861 1.24h-15.646V29Zm15.235 32.732c4.15 0 7.337-1.11 9.693-3.179 2.355-2.35 3.598-5.529 3.328-8.838 0-1.8-.281-3.45-.832-5.109-.411-1.52-1.243-2.76-2.356-3.869-1.112-1.11-2.496-1.93-4.019-2.49-1.935-.689-3.879-.969-5.814-.829h-5.813v24.314h5.813ZM208.687 66.851c-.28.14-.831.55-1.523.97-.832.55-1.664.97-2.626 1.38-1.243.55-2.496.97-3.739 1.24-1.664.409-3.328.549-4.982.549-2.355 0-4.57-.41-6.785-1.11-1.935-.69-3.599-1.8-5.122-3.179-1.384-1.38-2.496-3.04-3.188-4.839-.691-2.07-1.112-4.139-1.112-6.358 0-1.93.28-4.01.972-5.799 1.243-3.729 4.15-6.628 7.758-8.288 2.075-.83 4.15-1.24 6.375-1.24 2.225 0 4.29.41 6.234 1.24 1.805.83 3.328 1.93 4.571 3.45a14.775 14.775 0 0 1 2.767 5.248c.691 2.21.972 4.419.972 6.628v1.52H188.35c0 1.66.832 3.04 2.075 4.139 1.523 1.24 3.598 1.93 5.543 1.8 1.934.14 3.879-.28 5.673-.97 1.113-.55 2.215-1.11 3.187-1.8l3.88 5.389-.021.03Zm-7.888-14.227c0-.69-.14-1.24-.411-1.93-.271-.689-.692-1.239-1.112-1.799a6.991 6.991 0 0 0-1.935-1.38c-.822-.41-1.804-.55-2.626-.55-.972 0-1.935.14-2.767.55-.691.28-1.383.69-1.934 1.38-.551.55-.972 1.11-1.243 1.8-.281.55-.411 1.24-.411 1.93h12.459-.02ZM214.371 29h9.001v21.275l9.001-9.118h10.244l-10.525 10.638L244 70.03h-10.384l-7.478-12.157-2.626 2.63v9.527h-9.001l-.14-41.02V29Z"
                  fill="#70706F"
                />
              </svg>
            </div>
            <h4
              class="MuiTypography-root MuiTypography-h4 OverviewCard-title css-1x9euu8-MuiTypography-root"
              data-testid="overview-card-body-title"
            >
              contentful document title
            </h4>
            <div
              class="OverviewCard-text css-kl66ak"
              data-testid="overview-card-body-description"
            />
            <span
              class="MuiTouchRipple-root css-8je8zh-MuiTouchRipple-root"
            />
          </a>
          <span
            class="MuiTouchRipple-root css-8je8zh-MuiTouchRipple-root"
          />
        </a>
        <div
          class="OverviewCard-clickable css-1cyx9t4"
          data-testid="overview-card-body-footer"
        >
          <div
            class="css-1elv8vm"
          >
            <div
              aria-label="MC: document.library.copyLink.tooltip.title"
              class="MuiBox-root css-mvc5fa"
              data-mui-internal-clone-element="true"
              data-testid="tooltip"
            >
              <button
                aria-label="Copy contentful document title"
                class="MuiButtonBase-root MuiIconButton-root Button-root iconButton Button-large Button-text MuiIconButton-sizeLarge css-aq4cim-MuiButtonBase-root-MuiIconButton-root"
                data-testid="document-table-actions-copy-url-contentful-document-id"
                tabindex="0"
                type="button"
              >
                <svg
                  class="document-simple-table-results-actionIcon css-546mkb"
                  viewBox="0 0 24 24"
                  xmlns="http://www.w3.org/2000/svg"
                >
                  <path
                    d="M15.0786 3.99902H6.86837C6.11356 4.0012 5.50221 4.6036 5.5 5.34736V14.7857H6.86837V5.34736H15.0786V3.99902ZM17.1327 6.69556H9.60665C8.85184 6.69794 8.24049 7.35835 8.23828 8.17373V18.5209C8.24049 19.3363 8.85184 19.9967 9.60665 19.9991H17.1327C17.8875 19.9967 18.4989 19.3363 18.5011 18.5209V8.17373C18.4989 7.35835 17.8875 6.69794 17.1327 6.69556ZM17.1315 18.521H9.60547V8.17383H17.1315V18.521Z"
                  />
                </svg>
                <span
                  class="MuiTouchRipple-root css-8je8zh-MuiTouchRipple-root"
                />
              </button>
            </div>
            <div
              class="css-b7sks0"
            />
            <div
              aria-label="MC: document.library.download.tooltip.title"
              class=""
              data-mui-internal-clone-element="true"
              data-testid="tooltip"
            >
              <a
                aria-label="Download contentful document title"
                class="MuiButtonBase-root MuiIconButton-root Button-root iconButton Button-large Button-text MuiIconButton-sizeLarge css-aq4cim-MuiButtonBase-root-MuiIconButton-root"
                data-gtm="{"id":"download1","label":"Download","action":"http://localhost:9000/asset-filename.jpg"}"
                data-testid="document-table-actions-download-contentful-document-id"
                href="http://localhost:9000/asset-filename.jpg"
                rel="noopener noreferrer"
                tabindex="0"
                target="_blank"
              >
                <svg
                  class="document-simple-table-results-actionIcon css-546mkb"
                  viewBox="0 0 24 24"
                  xmlns="http://www.w3.org/2000/svg"
                >
                  <path
                    d="M19 20v-2H5v2Zm0-10h-4V4H9v6H5l7 7Z"
                    fill="currentColor"
                  />
                </svg>
                <span
                  class="MuiTouchRipple-root css-8je8zh-MuiTouchRipple-root"
                />
              </a>
            </div>
          </div>
        </div>
      </div>
    </div>
  </div>
</div>
`;

exports[`Brands component renders correctly for mobile 1`] = `
<div>
  <div
    class="MuiGrid2-root MuiGrid2-container MuiGrid2-direction-xs-row MuiGrid2-spacing-xs-3  css-1qxu916-MuiGrid2-root"
    data-testid="document-cards-results-grid"
  >
    <div
      class="MuiGrid2-root MuiGrid2-direction-xs-row MuiGrid2-grid-xs-12 MuiGrid2-grid-sm-12 MuiGrid2-grid-lg-6 MuiGrid2-grid-xl-4 Grid-item css-8c4xmf-MuiGrid2-root"
      data-testid="grid-item"
    >
      <div
        class="OverviewCard-clickable MuiBox-root css-lww50j"
      >
        <a
          class="MuiButtonBase-root OverviewCard-main css-10d1a0h-MuiButtonBase-root"
          data-gtm="{"id":"cta-click1","label":"MC: documentLibrary.card.download","action":"http://localhost:9000/asset-filename.jpg"}"
          href="https:http://localhost:9000/asset-filename.jpg"
          rel="noopener noreferrer"
          tabindex="0"
          target="_blank"
        >
          <img
            alt="contentful image alt text"
            class="OverviewCard-headerPicture css-7mgsqw-Media"
            src="http://localhost:9000/image-filname.jpg"
            style="object-fit: cover; object-position: center;"
            title="contentful image title"
          />
          <a
            class="MuiButtonBase-root OverviewCard-body css-10d1a0h-MuiButtonBase-root"
            data-gtm="{"id":"cta-click1","label":"MC: documentLibrary.card.download","action":"http://localhost:9000/asset-filename.jpg"}"
            href="https:http://localhost:9000/asset-filename.jpg"
            rel="noopener noreferrer"
            tabindex="0"
            target="_blank"
          >
            <div
              class="OverviewCard-brandLogo OverviewCard-negative"
            />
            <h4
              class="MuiTypography-root MuiTypography-h4 OverviewCard-title css-1x9euu8-MuiTypography-root"
              data-testid="overview-card-body-title"
            >
              contentful document title
            </h4>
            <div
              class="OverviewCard-text css-kl66ak"
              data-testid="overview-card-body-description"
            />
            <span
              class="MuiTouchRipple-root css-8je8zh-MuiTouchRipple-root"
            />
          </a>
          <span
            class="MuiTouchRipple-root css-8je8zh-MuiTouchRipple-root"
          />
        </a>
        <div
          class="OverviewCard-clickable css-1cyx9t4"
          data-testid="overview-card-body-footer"
        >
          <div
            class="css-1elv8vm"
          >
            <div
              aria-label="MC: document.library.copyLink.tooltip.title"
              class="MuiBox-root css-mvc5fa"
              data-mui-internal-clone-element="true"
              data-testid="tooltip"
            >
              <button
                aria-label="Copy contentful document title"
                class="MuiButtonBase-root MuiIconButton-root Button-root iconButton Button-large Button-text MuiIconButton-sizeLarge css-aq4cim-MuiButtonBase-root-MuiIconButton-root"
                data-testid="document-table-actions-copy-url-contentful-document-id"
                tabindex="0"
                type="button"
              >
                <svg
                  class="document-simple-table-results-actionIcon css-546mkb"
                  viewBox="0 0 24 24"
                  xmlns="http://www.w3.org/2000/svg"
                >
                  <path
                    d="M15.0786 3.99902H6.86837C6.11356 4.0012 5.50221 4.6036 5.5 5.34736V14.7857H6.86837V5.34736H15.0786V3.99902ZM17.1327 6.69556H9.60665C8.85184 6.69794 8.24049 7.35835 8.23828 8.17373V18.5209C8.24049 19.3363 8.85184 19.9967 9.60665 19.9991H17.1327C17.8875 19.9967 18.4989 19.3363 18.5011 18.5209V8.17373C18.4989 7.35835 17.8875 6.69794 17.1327 6.69556ZM17.1315 18.521H9.60547V8.17383H17.1315V18.521Z"
                  />
                </svg>
                <span
                  class="MuiTouchRipple-root css-8je8zh-MuiTouchRipple-root"
                />
              </button>
            </div>
            <div
              class="css-b7sks0"
            />
            <div
              aria-label="MC: document.library.download.tooltip.title"
              class=""
              data-mui-internal-clone-element="true"
              data-testid="tooltip"
            >
              <a
                aria-label="Download contentful document title"
                class="MuiButtonBase-root MuiIconButton-root Button-root iconButton Button-large Button-text MuiIconButton-sizeLarge css-aq4cim-MuiButtonBase-root-MuiIconButton-root"
                data-gtm="{"id":"download1","label":"Download","action":"http://localhost:9000/asset-filename.jpg"}"
                data-testid="document-table-actions-download-contentful-document-id"
                href="http://localhost:9000/asset-filename.jpg"
                rel="noopener noreferrer"
                tabindex="0"
                target="_blank"
              >
                <svg
                  class="document-simple-table-results-actionIcon css-546mkb"
                  viewBox="0 0 24 24"
                  xmlns="http://www.w3.org/2000/svg"
                >
                  <path
                    d="M19 20v-2H5v2Zm0-10h-4V4H9v6H5l7 7Z"
                    fill="currentColor"
                  />
                </svg>
                <span
                  class="MuiTouchRipple-root css-8je8zh-MuiTouchRipple-root"
                />
              </a>
            </div>
          </div>
        </div>
      </div>
    </div>
    <div
      class="MuiGrid2-root MuiGrid2-direction-xs-row MuiGrid2-grid-xs-12 MuiGrid2-grid-sm-12 MuiGrid2-grid-lg-6 MuiGrid2-grid-xl-4 Grid-item css-8c4xmf-MuiGrid2-root"
      data-testid="grid-item"
    >
      <div
        class="OverviewCard-clickable MuiBox-root css-lww50j"
      >
        <a
          class="MuiButtonBase-root OverviewCard-main css-10d1a0h-MuiButtonBase-root"
          data-gtm="{"id":"cta-click1","label":"MC: documentLibrary.card.download","action":"http://localhost:9000/asset-filename.jpg"}"
          href="https:http://localhost:9000/asset-filename.jpg"
          rel="noopener noreferrer"
          tabindex="0"
          target="_blank"
        >
          <a
            class="MuiButtonBase-root OverviewCard-body css-10d1a0h-MuiButtonBase-root"
            data-gtm="{"id":"cta-click1","label":"MC: documentLibrary.card.download","action":"http://localhost:9000/asset-filename.jpg"}"
            href="https:http://localhost:9000/asset-filename.jpg"
            rel="noopener noreferrer"
            tabindex="0"
            target="_blank"
          >
            <div
              class="OverviewCard-brandLogo"
            >
              <svg
                class="BrandLogo css-gn1fhj"
                data-testid="brand-logo"
                preserveAspectRatio="xMinYMin"
                viewBox="0 0 244 100"
                xml:space="preserve"
                xmlns="http://www.w3.org/2000/svg"
              >
                <path
                  d="M15.506 29H25.89l15.236 41.02H30.882l-3.187-9.387H13.02L9.833 70.02H0L15.506 29Zm9.833 24.444-4.981-15.466-5.263 15.466H25.34ZM72.008 66.851c-.28.14-.832.55-1.523.97-.832.55-1.664.97-2.636 1.38-1.243.55-2.496.97-3.74 1.24-1.663.409-3.327.549-4.98.549-2.356 0-4.572-.41-6.787-1.11-1.934-.69-3.598-1.8-5.122-3.179-1.383-1.38-2.495-3.04-3.187-4.839-.692-2.07-1.113-4.139-1.113-6.358 0-1.93.28-4.01.972-5.799 1.243-3.729 4.15-6.628 7.759-8.288a16.83 16.83 0 0 1 6.374-1.24c2.226 0 4.29.41 6.235 1.24 1.804.83 3.328 1.93 4.57 3.45a14.765 14.765 0 0 1 2.767 5.248c.692 2.21.973 4.419.973 6.628v1.52H51.66c0 1.66.833 3.04 2.076 4.139 1.523 1.24 3.598 1.93 5.543 1.8 1.934.14 3.878-.28 5.673-.97 1.112-.55 2.215-1.11 3.187-1.8l3.88 5.389-.01.03ZM64.12 52.624c0-.69-.14-1.24-.411-1.93-.27-.689-.692-1.239-1.113-1.799a6.98 6.98 0 0 0-1.934-1.38c-.822-.41-1.804-.55-2.636-.55-.973 0-1.935.14-2.767.55-.691.28-1.383.83-1.934 1.38-.552.55-.973 1.11-1.243 1.8-.281.55-.411 1.24-.411 1.93H64.13h-.01ZM77.692 41.157h8.59l.28 3.59c.832-1.11 1.935-2.07 3.047-2.76 1.524-.97 3.328-1.38 5.122-1.38.692 0 1.384 0 2.075.14l1.664.41-1.383 7.868a13.282 13.282 0 0 0-3.188-.41c-1.934-.14-3.738.55-5.122 1.93-1.383 1.38-2.075 3.32-1.934 5.389V70.02h-9.001l-.14-28.863h-.01ZM99.703 55.524c0-2.07.411-4.14 1.113-5.939.701-1.8 1.804-3.45 3.187-4.839 1.383-1.39 3.047-2.49 4.982-3.319a16.823 16.823 0 0 1 6.374-1.24c2.226 0 4.291.41 6.375 1.24 1.805.69 3.458 1.93 4.982 3.32 1.383 1.379 2.496 3.038 3.187 4.838a16.364 16.364 0 0 1 0 12.017c-.691 1.8-1.804 3.45-3.187 4.84-1.383 1.389-3.047 2.489-4.982 3.318a16.825 16.825 0 0 1-6.375 1.24c-2.225 0-4.43-.41-6.374-1.24a14.767 14.767 0 0 1-8.169-8.148c-.692-1.93-1.113-4.009-1.113-6.078v-.01Zm15.787 7.738c.972 0 2.075-.14 3.047-.69.832-.41 1.664-.97 2.215-1.8.551-.69 1.113-1.52 1.383-2.489.552-1.8.552-3.87 0-5.659-.28-.97-.691-1.8-1.383-2.489-.551-.69-1.383-1.24-2.215-1.66-.972-.41-1.935-.69-3.047-.69-1.113 0-2.075.14-3.047.69-.832.41-1.664.97-2.216 1.66-.551.69-1.112 1.52-1.383 2.49a7.982 7.982 0 0 0 0 5.658c.281.97.692 1.8 1.383 2.49a7.107 7.107 0 0 0 2.216 1.799c.972.55 1.934.83 3.047.69ZM137.231 29h15.786c3.048 0 5.954.41 8.861 1.24 2.626.69 4.982 2.07 7.067 3.729a16.476 16.476 0 0 1 4.57 6.488c1.113 2.9 1.805 6.079 1.664 9.258.141 3.04-.551 6.079-1.664 8.838-1.112 2.49-2.626 4.559-4.711 6.358-2.085 1.8-4.43 3.04-7.066 3.87a32.622 32.622 0 0 1-8.861 1.24h-15.646V29Zm15.235 32.732c4.15 0 7.337-1.11 9.693-3.179 2.355-2.35 3.598-5.529 3.328-8.838 0-1.8-.281-3.45-.832-5.109-.411-1.52-1.243-2.76-2.356-3.869-1.112-1.11-2.496-1.93-4.019-2.49-1.935-.689-3.879-.969-5.814-.829h-5.813v24.314h5.813ZM208.687 66.851c-.28.14-.831.55-1.523.97-.832.55-1.664.97-2.626 1.38-1.243.55-2.496.97-3.739 1.24-1.664.409-3.328.549-4.982.549-2.355 0-4.57-.41-6.785-1.11-1.935-.69-3.599-1.8-5.122-3.179-1.384-1.38-2.496-3.04-3.188-4.839-.691-2.07-1.112-4.139-1.112-6.358 0-1.93.28-4.01.972-5.799 1.243-3.729 4.15-6.628 7.758-8.288 2.075-.83 4.15-1.24 6.375-1.24 2.225 0 4.29.41 6.234 1.24 1.805.83 3.328 1.93 4.571 3.45a14.775 14.775 0 0 1 2.767 5.248c.691 2.21.972 4.419.972 6.628v1.52H188.35c0 1.66.832 3.04 2.075 4.139 1.523 1.24 3.598 1.93 5.543 1.8 1.934.14 3.879-.28 5.673-.97 1.113-.55 2.215-1.11 3.187-1.8l3.88 5.389-.021.03Zm-7.888-14.227c0-.69-.14-1.24-.411-1.93-.271-.689-.692-1.239-1.112-1.799a6.991 6.991 0 0 0-1.935-1.38c-.822-.41-1.804-.55-2.626-.55-.972 0-1.935.14-2.767.55-.691.28-1.383.69-1.934 1.38-.551.55-.972 1.11-1.243 1.8-.281.55-.411 1.24-.411 1.93h12.459-.02ZM214.371 29h9.001v21.275l9.001-9.118h10.244l-10.525 10.638L244 70.03h-10.384l-7.478-12.157-2.626 2.63v9.527h-9.001l-.14-41.02V29Z"
                  fill="#70706F"
                />
              </svg>
            </div>
            <h4
              class="MuiTypography-root MuiTypography-h4 OverviewCard-title css-1x9euu8-MuiTypography-root"
              data-testid="overview-card-body-title"
            >
              contentful document title
            </h4>
            <div
              class="OverviewCard-text css-kl66ak"
              data-testid="overview-card-body-description"
            />
            <span
              class="MuiTouchRipple-root css-8je8zh-MuiTouchRipple-root"
            />
          </a>
          <span
            class="MuiTouchRipple-root css-8je8zh-MuiTouchRipple-root"
          />
        </a>
        <div
          class="OverviewCard-clickable css-1cyx9t4"
          data-testid="overview-card-body-footer"
        >
          <div
            class="css-1elv8vm"
          >
            <div
              aria-label="MC: document.library.copyLink.tooltip.title"
              class="MuiBox-root css-mvc5fa"
              data-mui-internal-clone-element="true"
              data-testid="tooltip"
            >
              <button
                aria-label="Copy contentful document title"
                class="MuiButtonBase-root MuiIconButton-root Button-root iconButton Button-large Button-text MuiIconButton-sizeLarge css-aq4cim-MuiButtonBase-root-MuiIconButton-root"
                data-testid="document-table-actions-copy-url-contentful-document-id"
                tabindex="0"
                type="button"
              >
                <svg
                  class="document-simple-table-results-actionIcon css-546mkb"
                  viewBox="0 0 24 24"
                  xmlns="http://www.w3.org/2000/svg"
                >
                  <path
                    d="M15.0786 3.99902H6.86837C6.11356 4.0012 5.50221 4.6036 5.5 5.34736V14.7857H6.86837V5.34736H15.0786V3.99902ZM17.1327 6.69556H9.60665C8.85184 6.69794 8.24049 7.35835 8.23828 8.17373V18.5209C8.24049 19.3363 8.85184 19.9967 9.60665 19.9991H17.1327C17.8875 19.9967 18.4989 19.3363 18.5011 18.5209V8.17373C18.4989 7.35835 17.8875 6.69794 17.1327 6.69556ZM17.1315 18.521H9.60547V8.17383H17.1315V18.521Z"
                  />
                </svg>
                <span
                  class="MuiTouchRipple-root css-8je8zh-MuiTouchRipple-root"
                />
              </button>
            </div>
            <div
              class="css-b7sks0"
            />
            <div
              aria-label="MC: document.library.download.tooltip.title"
              class=""
              data-mui-internal-clone-element="true"
              data-testid="tooltip"
            >
              <a
                aria-label="Download contentful document title"
                class="MuiButtonBase-root MuiIconButton-root Button-root iconButton Button-large Button-text MuiIconButton-sizeLarge css-aq4cim-MuiButtonBase-root-MuiIconButton-root"
                data-gtm="{"id":"download1","label":"Download","action":"http://localhost:9000/asset-filename.jpg"}"
                data-testid="document-table-actions-download-contentful-document-id"
                href="http://localhost:9000/asset-filename.jpg"
                rel="noopener noreferrer"
                tabindex="0"
                target="_blank"
              >
                <svg
                  class="document-simple-table-results-actionIcon css-546mkb"
                  viewBox="0 0 24 24"
                  xmlns="http://www.w3.org/2000/svg"
                >
                  <path
                    d="M19 20v-2H5v2Zm0-10h-4V4H9v6H5l7 7Z"
                    fill="currentColor"
                  />
                </svg>
                <span
                  class="MuiTouchRipple-root css-8je8zh-MuiTouchRipple-root"
                />
              </a>
            </div>
          </div>
        </div>
      </div>
    </div>
  </div>
</div>
`;
