// Jest Snapshot v1, https://goo.gl/fbAQLP

exports[`TrainingProcessCard component renders correctly 1`] = `
<div
  class="MuiPaper-root MuiCard-root card MuiPaper-elevation1 MuiPaper-rounded"
  style="margin-top: 1.5rem;"
>
  <div
    class="MuiCardContent-root"
  >
    <h4
      class="MuiTypography-root Typography Typography--underline MuiTypography-h4"
    >
      The Training Process
    </h4>
    <div
      class="body"
    >
      <div
        class="subcontent"
      >
        <div
          class="heading"
        >
          <svg
            aria-hidden="true"
            class="MuiSvgIcon-root"
            focusable="false"
            viewBox="0 0 24 24"
          >
            <path
              d="M15.5 14h-.79l-.28-.27C15.41 12.59 16 11.11 16 9.5 16 5.91 13.09 3 9.5 3S3 5.91 3 9.5 5.91 16 9.5 16c1.61 0 3.09-.59 4.23-1.57l.27.28v.79l5 4.99L20.49 19l-4.99-5zm-6 0C7.01 14 5 11.99 5 9.5S7.01 5 9.5 5 14 7.01 14 9.5 11.99 14 9.5 14z"
            />
          </svg>
          <h5
            class="MuiTypography-root Typography MuiTypography-h5"
          >
            Step 1
          </h5>
        </div>
        <div
          style="margin-bottom: 1.5rem;"
        >
          <h6
            class="MuiTypography-root Typography MuiTypography-h6"
          >
            Find the right training
          </h6>
          <p
            class="MuiTypography-root Typography MuiTypography-body1"
          >
            Search our extensive library of classroom training, workshops,
      online webinars and e-learning courses to find what you need and
      take your skills to the next level.
          </p>
        </div>
      </div>
      <div
        class="subcontent"
      >
        <div
          class="heading"
        >
          <svg
            aria-hidden="true"
            class="MuiSvgIcon-root"
            focusable="false"
            viewBox="0 0 24 24"
          >
            <path
              d="M5 13.18v4L12 21l7-3.82v-4L12 17l-7-3.82zM12 3L1 9l11 6 9-4.91V17h2V9L12 3z"
            />
          </svg>
          <h5
            class="MuiTypography-root Typography MuiTypography-h5"
          >
            Step 2
          </h5>
        </div>
        <div
          style="margin-bottom: 1.5rem;"
        >
          <h6
            class="MuiTypography-root Typography MuiTypography-h6"
          >
            Increase your skills
          </h6>
          <p
            class="MuiTypography-root Typography MuiTypography-body1"
          >
            Continue personal development to hone your skills in areas where you
      need additional knowledge.
          </p>
        </div>
      </div>
      <div
        class="subcontent"
      >
        <div
          class="heading"
        >
          <svg
            aria-hidden="true"
            class="MuiSvgIcon-root"
            focusable="false"
            viewBox="0 0 24 24"
          >
            <path
              d="M12 1L3 5v6c0 5.55 3.84 10.74 9 12 5.16-1.26 9-6.45 9-12V5l-9-4zm-2 16l-4-4 1.41-1.41L10 14.17l6.59-6.59L18 9l-8 8z"
            />
          </svg>
          <h5
            class="MuiTypography-root Typography MuiTypography-h5"
          >
            Step 3
          </h5>
        </div>
        <div
          style="margin-bottom: 1.5rem;"
        >
          <h6
            class="MuiTypography-root Typography MuiTypography-h6"
          >
            Get certified
          </h6>
          <p
            class="MuiTypography-root Typography MuiTypography-body1"
          >
            Develop your training achievements by collecting BMI certificates,
      which you can additionally share with others. They will always be
      visible on your profile.
          </p>
        </div>
      </div>
    </div>
  </div>
</div>
`;
