// Jest Snapshot v1, https://goo.gl/fbAQLP

exports[`ArrowControl component renders correctly 1`] = `
<button
  aria-label="Move left"
  class="MuiButtonBase-root MuiIconButton-root iconButtonStyles-root-11 iconButtonStyles-medium-17 iconButtonStyles-contained-12 ArrowControl ArrowControl--left"
  tabindex="0"
  type="button"
>
  <span
    class="MuiIconButton-label"
  >
    <svg
      aria-hidden="true"
      class="MuiSvgIcon-root chevron"
      focusable="false"
      viewBox="0 0 24 24"
    >
      <path
        d="M15.41 16.59L10.83 12l4.58-4.59L14 6l-6 6 6 6 1.41-1.41z"
      />
    </svg>
  </span>
  <span
    class="MuiTouchRipple-root"
  />
</button>
`;

exports[`ArrowControl component triggers an onClick event 1`] = `
Array [
  Array [],
]
`;
