// Jest Snapshot v1, https://goo.gl/fbAQLP

exports[`BimIframe component renders correctly 1`] = `
<div>
  <iframe
    class="bimIframe"
    src="https://google.com"
  />
</div>
`;
