// Jest Snapshot v1, https://goo.gl/fbAQLP

exports[`ExploreBarSection component renders correctly 1`] = `
<div
  class="Section"
>
  <div
    class="Container"
  >
    <div
      class="MuiContainer-root MuiContainer-maxWidthXl"
    >
      <nav
        aria-labelledby="explore-bar"
        class="ExploreBar"
      >
        <h2
          class="MuiTypography-root heading Typography MuiTypography-h6"
          id="explore-bar"
        >
          Lorem ipsum
        </h2>
        <button
          class="MuiButtonBase-root MuiButton-root buttonStyles-root-1 MuiButton-outlined link MuiButton-outlinedPrimary"
          tabindex="0"
          type="button"
        >
          <span
            class="MuiButton-label buttonStyles-label-4"
          >
            String
          </span>
          <span
            class="MuiTouchRipple-root"
          />
        </button>
        <button
          class="MuiButtonBase-root MuiButton-root buttonStyles-root-1 MuiButton-outlined link MuiButton-outlinedPrimary"
          tabindex="0"
          type="button"
        >
          <span
            class="MuiButton-label buttonStyles-label-4"
          >
            Another string
          </span>
          <span
            class="MuiTouchRipple-root"
          />
        </button>
      </nav>
    </div>
  </div>
</div>
`;
