// Jest Snapshot v1, https://goo.gl/fbAQLP

exports[`Footer component renders correctly 1`] = `
<div>
  <div
    class=" css-bnck4c-HidePrint"
  >
    <div
      class=" css-1djs9y8"
      data-testid="footer"
    >
      <div
        class=" css-ze8cyt"
      >
        <div
          class="MuiContainer-root MuiContainer-maxWidthXl css-15p7r21-MuiContainer-root"
        >
          <div
            class="MuiGrid2-root MuiGrid2-container MuiGrid2-direction-xs-row MuiGrid2-spacing-xs-3  css-12nbjhz-MuiGrid2-root"
            data-testid="grid-container"
          >
            <div
              class="MuiGrid2-root MuiGrid2-direction-xs-row Grid-item css-27y2fm-MuiGrid2-root"
              data-testid="grid-item"
            >
              <h4
                class="MuiTypography-root MuiTypography-h4  css-1x9euu8-MuiTypography-root"
                data-testid="typography"
              >
                Get in touch
              </h4>
              <nav>
                <ul
                  class="css-p4h7lm"
                >
                  <li
                    class="Footer-listItem"
                  >
                    <a
                      class="MuiButtonBase-root MuiButton-root Button-root MuiButton-text Button-text Button-textDarkBg MuiButton-textPrimary MuiButton-sizeMedium MuiButton-textSizeMedium MuiButton-root Button-root MuiButton-text Button-text Button-textDarkBg MuiButton-textPrimary MuiButton-sizeMedium MuiButton-textSizeMedium Footer-link css-1r6mhvx-MuiButtonBase-root-MuiButton-root"
                      data-gtm="{"id":"nav-footer1","label":"+44 (0) 1234567890","action":"tel:+4401234567890"}"
                      href="tel:+4401234567890"
                      tabindex="0"
                    >
                      <span
                        class="MuiButton-startIcon Button-startIcon MuiButton-iconSizeMedium css-1d6wzja-MuiButton-startIcon"
                      >
                        <svg
                          aria-hidden="true"
                          class="MuiSvgIcon-root MuiSvgIcon-fontSizeMedium css-i4bv87-MuiSvgIcon-root"
                          data-testid="PhoneIcon"
                          focusable="false"
                          viewBox="0 0 24 24"
                        >
                          <path
                            d="M6.62 10.79c1.44 2.83 3.76 5.14 6.59 6.59l2.2-2.2c.27-.27.67-.36 1.02-.24 1.12.37 2.33.57 3.57.57.55 0 1 .45 1 1V20c0 .55-.45 1-1 1-9.39 0-17-7.61-17-17 0-.55.45-1 1-1h3.5c.55 0 1 .45 1 1 0 1.25.2 2.45.57 3.57.11.35.03.74-.25 1.02l-2.2 2.2z"
                          />
                        </svg>
                      </span>
                      +44 (0) 1234567890
                      <span
                        class="MuiTouchRipple-root css-8je8zh-MuiTouchRipple-root"
                      />
                    </a>
                  </li>
                </ul>
              </nav>
            </div>
            <div
              class="MuiGrid2-root MuiGrid2-direction-xs-row Grid-item css-27y2fm-MuiGrid2-root"
              data-testid="grid-item"
            >
              <h4
                class="MuiTypography-root MuiTypography-h4  css-1x9euu8-MuiTypography-root"
                data-testid="typography"
              >
                About BMI
              </h4>
              <nav>
                <ul
                  class="css-p4h7lm"
                >
                  <li
                    class="Footer-listItem"
                  >
                    <a
                      class="MuiButtonBase-root MuiButton-root Button-root MuiButton-text Button-text Button-textDarkBg MuiButton-textPrimary MuiButton-sizeMedium MuiButton-textSizeMedium MuiButton-root Button-root MuiButton-text Button-text Button-textDarkBg MuiButton-textPrimary MuiButton-sizeMedium MuiButton-textSizeMedium Footer-link css-1r6mhvx-MuiButtonBase-root-MuiButton-root"
                      data-gtm="{"id":"nav-footer1","label":"Our story","action":"/uk/landing-page/"}"
                      href="/uk/landing-page/"
                      tabindex="0"
                    >
                      Our story
                      <span
                        class="MuiTouchRipple-root css-8je8zh-MuiTouchRipple-root"
                      />
                    </a>
                  </li>
                </ul>
              </nav>
            </div>
          </div>
          <div
            class="Footer-secondaryNavigation"
          >
            <div
              class="css-5shjl0"
            >
              <svg
                class="css-87lb9q"
                viewBox="0 0 250 250"
                xmlns="http://www.w3.org/2000/svg"
              >
                <path
                  d="M0 0h250v250H0z"
                  fill="#009fe3"
                />
                <g
                  fill="#fff"
                >
                  <path
                    d="M155.393 86.416 144.565 131h-.212l-10.829-44.584H100.3v50.634c-.76-9.718-6.732-14.589-13.079-16.771 5.626-3.078 9.342-7.218 9.342-14.862 0-7.749-4.247-19-24.2-19H30.848v75.8h42.994c12.786 0 25.368-7.183 26.455-21.075v21.075h22.081V113.6h.212l13.164 48.62h17.41l13.163-48.62h.213v48.62h22.081v-75.8ZM54.2 104.461h12.317c4.777 0 7.962 1.381 7.962 5.2 0 4.884-3.079 6.264-7.962 6.264H54.2Zm13.694 39.7H54.2v-14.115h14.652c5.521 0 8.174 2.442 8.174 6.9 0 5.839-4.246 7.219-9.126 7.219ZM195.798 86.416h23.355v75.797h-23.355z"
                  />
                </g>
              </svg>
            </div>
            <ul
              class="Footer-listInline css-p4h7lm"
            >
              <li
                class="Footer-listItem"
              >
                <a
                  class="MuiButtonBase-root MuiButton-root Button-root MuiButton-text Button-text Button-textDarkBg MuiButton-textPrimary MuiButton-sizeMedium MuiButton-textSizeMedium MuiButton-root Button-root MuiButton-text Button-text Button-textDarkBg MuiButton-textPrimary MuiButton-sizeMedium MuiButton-textSizeMedium Footer-link css-1r6mhvx-MuiButtonBase-root-MuiButton-root"
                  data-gtm="{"id":"nav-footer1","label":"Our story","action":"/uk/landing-page/"}"
                  href="/uk/landing-page/"
                  tabindex="0"
                >
                  Our story
                  <span
                    class="MuiTouchRipple-root css-8je8zh-MuiTouchRipple-root"
                  />
                </a>
              </li>
              <li
                class="Footer-listItem"
              >
                <a
                  class="MuiButtonBase-root MuiButton-root Button-root MuiButton-text Button-text Button-textDarkBg MuiButton-textPrimary MuiButton-sizeMedium MuiButton-textSizeMedium MuiButton-root Button-root MuiButton-text Button-text Button-textDarkBg MuiButton-textPrimary MuiButton-sizeMedium MuiButton-textSizeMedium Footer-link css-1r6mhvx-MuiButtonBase-root-MuiButton-root"
                  data-gtm="{"id":"nav-footer1","label":"global.sitemap","action":"/uk/sitemap/"}"
                  href="/uk/sitemap/"
                  tabindex="0"
                >
                  global.sitemap
                  <span
                    class="MuiTouchRipple-root css-8je8zh-MuiTouchRipple-root"
                  />
                </a>
              </li>
            </ul>
            <div
              class="css-p15bbt"
            >
              <svg
                fill="currentColor"
                viewBox="0 0 250 63.333"
                xmlns="http://www.w3.org/2000/svg"
              >
                <g>
                  <path
                    d="M0 44.595h2.928v18.444H0zM9.248 50.246l6.987 12.849h2.723v-18.5h-2.98v12.844L8.94 44.595H6.268v18.5h2.98ZM34.525 61.806c.822-.873 1.233-2.415 1.233-4.727v-6.422c0-2.312-.411-3.9-1.233-4.727-.822-.873-2.363-1.284-4.573-1.284H22.76V63.09h7.244c2.156 0 3.699-.462 4.521-1.284Zm-2.312-1.952a3.3 3.3 0 0 1-2.466.668h-4.11V47.215h4.11a3.3 3.3 0 0 1 2.466.668 4.469 4.469 0 0 1 .617 2.826v6.319a4.469 4.469 0 0 1-.617 2.826ZM48.603 44.595v12.639a4.469 4.469 0 0 1-.617 2.826 3.233 3.233 0 0 1-2.415.668h-1.592a3.156 3.156 0 0 1-2.415-.668 4.469 4.469 0 0 1-.617-2.826V44.595h-2.928v12.639q0 3.468 1.233 4.778c.822.822 2.363 1.284 4.573 1.284h1.9c2.261 0 3.751-.411 4.573-1.284q1.233-1.233 1.233-4.778V44.595ZM66.173 54.51a5.152 5.152 0 0 0-2.826-1.439l-3.6-.925a5.057 5.057 0 0 1-2.055-.822 2.482 2.482 0 0 1-.411-1.593v-.719a1.912 1.912 0 0 1 .514-1.593 3.638 3.638 0 0 1 2-.411h1.233a3.517 3.517 0 0 1 2 .411 1.912 1.912 0 0 1 .514 1.593v1.13h2.928v-.873c0-1.8-.36-3.083-1.13-3.751s-2.209-1.028-4.316-1.028h-1.336c-2.158 0-3.6.36-4.316 1.028-.771.668-1.13 1.952-1.13 3.751v.514a5.488 5.488 0 0 0 .719 3.185 5.152 5.152 0 0 0 2.826 1.439l3.6.925a4.725 4.725 0 0 1 2.055.822 2.482 2.482 0 0 1 .411 1.593v1.079a1.912 1.912 0 0 1-.514 1.593 3.638 3.638 0 0 1-2 .411h-1.284a3.518 3.518 0 0 1-2-.411 1.912 1.912 0 0 1-.514-1.593v-1.182h-2.927v.873c0 1.8.36 3.083 1.13 3.75s2.209 1.028 4.316 1.028h1.387c2.158 0 3.6-.36 4.316-1.028.771-.668 1.13-1.952 1.13-3.75v-.825a5.018 5.018 0 0 0-.72-3.182ZM73.058 47.215v15.88h2.928v-15.88h4.47v-2.62H68.074v2.62ZM94.123 49.938c0-2-.411-3.391-1.284-4.162s-2.363-1.13-4.521-1.13h-6.834V63.09h2.928v-5.96h3.751l2.877 5.96h3.083l-3.083-6.217a3.793 3.793 0 0 0 2.363-1.593 6.873 6.873 0 0 0 .719-3.442Zm-9.659-2.723h4.007a2.786 2.786 0 0 1 2.107.616 3.022 3.022 0 0 1 .565 2.158v1.8a3.3 3.3 0 0 1-.565 2.158 2.866 2.866 0 0 1-2.107.617h-4.007ZM97.359 44.595h2.928v18.444h-2.928zM114.776 60.522h-8.22v-5.395h7.09v-2.62h-7.09v-5.292h8.066v-2.62h-10.995v18.5h11.149ZM128.545 54.51a5.152 5.152 0 0 0-2.826-1.439l-3.6-.925a5.057 5.057 0 0 1-2.055-.822 2.483 2.483 0 0 1-.411-1.593v-.719a1.913 1.913 0 0 1 .514-1.593 3.638 3.638 0 0 1 2-.411h1.233a3.517 3.517 0 0 1 2 .411 1.912 1.912 0 0 1 .514 1.593v1.13h2.928v-.873c0-1.8-.36-3.083-1.13-3.751s-2.209-1.028-4.316-1.028h-1.336c-2.158 0-3.6.36-4.316 1.028-.771.668-1.13 1.952-1.13 3.751v.514a5.489 5.489 0 0 0 .719 3.185 5.152 5.152 0 0 0 2.826 1.439l3.6.925a4.725 4.725 0 0 1 2.055.822 2.482 2.482 0 0 1 .411 1.593v1.079a1.912 1.912 0 0 1-.514 1.593 3.638 3.638 0 0 1-2 .411h-1.284a3.518 3.518 0 0 1-2-.411 1.912 1.912 0 0 1-.514-1.593v-1.182h-2.927v.873c0 1.8.36 3.083 1.13 3.75s2.209 1.028 4.316 1.028h1.387c2.158 0 3.6-.36 4.316-1.028.771-.668 1.13-1.952 1.13-3.75v-.825a5.377 5.377 0 0 0-.72-3.182ZM149.352 57.747c0 1.439-.206 1.85-.617 2.312a3.233 3.233 0 0 1-2.415.668h-1.54a3.156 3.156 0 0 1-2.415-.668 4.469 4.469 0 0 1-.616-2.826v-6.781a4.469 4.469 0 0 1 .616-2.826 3.234 3.234 0 0 1 2.415-.668h1.54a3.156 3.156 0 0 1 2.415.668c.411.462.617.873.617 2.312v1.233h2.928v-1.284c0-2.312-.411-3.391-1.233-4.264s-2.363-1.284-4.573-1.284h-1.85c-2.261 0-3.75.411-4.573 1.284q-1.233 1.233-1.233 4.778v6.837q0 3.468 1.233 4.778c.822.822 2.363 1.284 4.573 1.284h1.85c2.261 0 3.751-.411 4.573-1.284.822-.822 1.233-1.9 1.233-4.264v-1.238h-2.928ZM166.872 45.673c-.822-.822-2.363-1.284-4.572-1.284h-1.9c-2.261 0-3.75.411-4.573 1.284q-1.233 1.233-1.233 4.778v6.838q0 3.468 1.233 4.778c.822.822 2.363 1.284 4.573 1.284h1.9c2.26 0 3.75-.411 4.572-1.284q1.233-1.233 1.233-4.778v-6.838q0-3.545-1.233-4.778Zm-2.312 14.386a3.233 3.233 0 0 1-2.415.668h-1.592a3.156 3.156 0 0 1-2.415-.668 4.469 4.469 0 0 1-.617-2.826v-6.782a4.469 4.469 0 0 1 .617-2.826 3.233 3.233 0 0 1 2.415-.668h1.593a3.156 3.156 0 0 1 2.415.668 4.469 4.469 0 0 1 .617 2.826v6.782a4.469 4.469 0 0 1-.618 2.826ZM170.982 44.595v18.5h2.928V48.14l4.472 11.255 2.723-.051 4.521-11.354v15.1h2.98V44.595h-4.524l-4.316 11.611-4.314-11.611ZM194.359 47.215h4.059a2.259 2.259 0 0 1 2.723 2.774v2.057a3.3 3.3 0 0 1-.565 2.158 3.008 3.008 0 0 1-2.158.617h-4.059Zm8.477 8.991c.873-.771 1.284-2.158 1.284-4.162v-2.106c0-2-.411-3.391-1.284-4.162s-2.363-1.13-4.573-1.13h-6.884V63.09h2.98v-5.7h3.9c2.162-.003 3.704-.414 4.577-1.184ZM219.071 63.09l-5.806-18.444h-3.648l-5.805 18.444h3.083l1.182-3.751h7.035l1.182 3.751Zm-4.778-6.217h-5.5l2.774-8.837ZM223.849 50.246l7.193 12.844h2.776V44.595h-3.031v12.844l-7.246-12.844h-2.723v18.5h3.031ZM244.143 56.977 250 44.595h-2.928l-4.316 9.3-4.316-9.3h-2.928l5.857 12.382v6.118h2.774Z"
                  />
                </g>
                <path
                  d="M52.059 15.259h-3.6l-5.7 19.42h3.031l1.13-3.956h6.884l1.13 3.956h2.774Zm-4.418 12.947 2.723-9.3 2.672 9.3Z"
                />
                <g>
                  <path
                    d="M66.7 23.274a4.457 4.457 0 0 0 1.8 1.85 12.991 12.991 0 0 0 2.312.976 12.638 12.638 0 0 0 2.312.565 7.321 7.321 0 0 1 1.8.565 1.409 1.409 0 0 1 .771 1.079v.668a1.4 1.4 0 0 1-.411.976 1.519 1.519 0 0 1-1.028.308h-2.315a1.478 1.478 0 0 1-1.028-.462 1.594 1.594 0 0 1-.462-1.13v-.206c0-.462-.206-.668-.565-.668h-3.288c-.411 0-.617.206-.617.668v.206a7.124 7.124 0 0 0 1.593 4.213 4.506 4.506 0 0 0 3.75 1.8h3.545a4.691 4.691 0 0 0 3.751-1.593 6.242 6.242 0 0 0 1.541-3.956v-.514a6.059 6.059 0 0 0-.976-3.545 5.145 5.145 0 0 0-2.415-1.9 17.813 17.813 0 0 0-2.826-.822 13.06 13.06 0 0 1-2.415-.719c-.668-.257-1.028-.668-1.028-1.182v-.465a1.4 1.4 0 0 1 .411-.976 1.519 1.519 0 0 1 1.028-.308h2.055a1.478 1.478 0 0 1 1.028.462 1.594 1.594 0 0 1 .462 1.13v.206c0 .411.206.668.617.668h3.288c.36 0 .565-.206.565-.668v-.206a7.417 7.417 0 0 0-1.541-4.213 4.506 4.506 0 0 0-3.751-1.8h-3.34a4.692 4.692 0 0 0-3.751 1.593 6.242 6.242 0 0 0-1.541 3.956v.308a6.069 6.069 0 0 0 .669 3.136ZM82.627 19.06h2.312v9.453a7.124 7.124 0 0 0 1.593 4.213 4.6 4.6 0 0 0 3.8 1.8h3.288c.411 0 .617-.206.617-.668V30.62c0-.462-.206-.668-.617-.668h-2.158a1.478 1.478 0 0 1-1.028-.462 1.594 1.594 0 0 1-.462-1.13v-9.3h3.6c.411 0 .616-.206.616-.668v-3.288c0-.462-.205-.668-.616-.668h-3.6V9.453h-5.035v4.984h-2.312c-.411 0-.616.206-.616.668v3.288c0 .411.205.668.616.668ZM125.989 18.702h.514a1.457 1.457 0 0 1 1.13.514 1.556 1.556 0 0 1 .514 1.13v13.512a.619.619 0 0 0 .514.668h3.9a.58.58 0 0 0 .668-.514V20.14a6.422 6.422 0 0 0-1.9-4.367 6.168 6.168 0 0 0-4.418-1.747h-.617a4.2 4.2 0 0 0-4.007 2.261h-.308v-1.336c0-.462-.206-.719-.617-.719h-3.8a.64.64 0 0 0-.719.514v19.009a.618.618 0 0 0 .514.668h3.9a.58.58 0 0 0 .668-.514V20.962a4.382 4.382 0 0 1 4.059-2.261ZM147.362 29.593a1.652 1.652 0 0 1-1.081.514h-2.98a1.446 1.446 0 0 1-1.079-.514 1.594 1.594 0 0 1-.462-1.13v-8.118a1.594 1.594 0 0 1 .462-1.13 1.652 1.652 0 0 1 1.079-.514h2.98a1.446 1.446 0 0 1 1.079.514 1.594 1.594 0 0 1 .462 1.13v8.118a1.406 1.406 0 0 1-.46 1.13Zm.205-14.026a3.012 3.012 0 0 0-2.723-1.49h-2.672a4.472 4.472 0 0 0-3.8 1.644 7.273 7.273 0 0 0-1.49 4.418v8.478a8 8 0 0 0 1.49 4.418 4.532 4.532 0 0 0 3.8 1.644h2.672a2.958 2.958 0 0 0 2.723-1.49h.308v.617c0 .462.205.668.668.668h3.6a.6.6 0 0 0 .668-.668v-26.1c0-.462-.205-.719-.668-.719h-3.6c-.36 0-.565.257-.565.719v7.861ZM188.158 18.29l.257-3.237a.766.766 0 0 0-.462-.771 7.165 7.165 0 0 0-2.107-.206 4.054 4.054 0 0 0-4.007 2.261h-.257v-1.335c0-.462-.154-.719-.514-.719h-3.391c-.411 0-.616.257-.616.719v18.855c0 .462.205.668.616.668h3.34c.411 0 .616-.205.616-.668v-12.9c.719-1.49 2-2.209 4.008-2.209l2 .206c.308 0 .514-.257.514-.668ZM200.845 29.593a1.911 1.911 0 0 1-1.13.514h-3.083a1.768 1.768 0 0 1-1.644-1.644v-8.118a1.65 1.65 0 0 1 .514-1.13 1.911 1.911 0 0 1 1.13-.514h3.083a1.768 1.768 0 0 1 1.644 1.644v8.118a1.911 1.911 0 0 1-.514 1.13Zm.157-14.026a3.177 3.177 0 0 0-2.826-1.49h-2.774a4.83 4.83 0 0 0-3.956 1.644 7.672 7.672 0 0 0-1.541 4.418v8.478a7.672 7.672 0 0 0 1.541 4.418 4.73 4.73 0 0 0 3.9 1.644h2.774a3.177 3.177 0 0 0 2.826-1.49h.308v.617a.58.58 0 0 0 .514.668h3.853a.619.619 0 0 0 .668-.514V7.706a.64.64 0 0 0-.514-.719h-3.9c-.411 0-.565.257-.565.719v7.861ZM167.656 29.588a1.911 1.911 0 0 1-1.13.514h-2.928a1.768 1.768 0 0 1-1.644-1.644v-8.113a1.65 1.65 0 0 1 .514-1.13 1.911 1.911 0 0 1 1.13-.514h2.928a1.768 1.768 0 0 1 1.644 1.644v8.118a1.912 1.912 0 0 1-.514 1.125Zm-5.238-15.1c-3.751 0-5.5 3.237-5.5 6.268v7.861a7.672 7.672 0 0 0 1.541 4.418 4.729 4.729 0 0 0 3.9 1.644h2.774a3.177 3.177 0 0 0 2.826-1.49h.308v.617a.58.58 0 0 0 .514.668h3.853a.619.619 0 0 0 .668-.514V14.488ZM107.339 29.588a1.911 1.911 0 0 1-1.13.514h-2.929a1.768 1.768 0 0 1-1.644-1.644v-8.113a1.65 1.65 0 0 1 .514-1.13 1.911 1.911 0 0 1 1.13-.514h2.928a1.768 1.768 0 0 1 1.644 1.644v8.118a1.911 1.911 0 0 1-.513 1.125Zm-5.289-15.1c-3.75 0-5.5 3.237-5.5 6.268v7.861a7.672 7.672 0 0 0 1.541 4.418 4.73 4.73 0 0 0 3.9 1.644h2.774a3.177 3.177 0 0 0 2.826-1.49h.308v.617a.58.58 0 0 0 .514.668h3.853a.619.619 0 0 0 .668-.514V14.488ZM117.666 5.395a1.516 1.516 0 0 0-.565 1.13v3.956c0 .36.257.514.565.257l6.885-5.238a1.021 1.021 0 0 1 1.079 0l6.833 5.24c.308.206.565.1.565-.257V6.525a1.714 1.714 0 0 0-.565-1.13L125.63.154a1.021 1.021 0 0 0-1.079 0Z"
                  />
                </g>
              </svg>
            </div>
          </div>
        </div>
      </div>
    </div>
  </div>
</div>
`;

exports[`Footer component renders without brand logo Icon if it is presented in link 1`] = `
<div>
  <div
    class=" css-bnck4c-HidePrint"
  >
    <div
      class=" css-1djs9y8"
      data-testid="footer"
    >
      <div
        class=" css-ze8cyt"
      >
        <div
          class="MuiContainer-root MuiContainer-maxWidthXl css-15p7r21-MuiContainer-root"
        >
          <div
            class="MuiGrid2-root MuiGrid2-container MuiGrid2-direction-xs-row MuiGrid2-spacing-xs-3  css-12nbjhz-MuiGrid2-root"
            data-testid="grid-container"
          >
            <div
              class="MuiGrid2-root MuiGrid2-direction-xs-row Grid-item css-27y2fm-MuiGrid2-root"
              data-testid="grid-item"
            >
              <h4
                class="MuiTypography-root MuiTypography-h4  css-1x9euu8-MuiTypography-root"
                data-testid="typography"
              >
                Get in touch
              </h4>
              <nav>
                <ul
                  class="css-p4h7lm"
                >
                  <li
                    class="Footer-listItem"
                  >
                    <a
                      class="MuiButtonBase-root MuiButton-root Button-root MuiButton-text Button-text Button-textDarkBg MuiButton-textPrimary MuiButton-sizeMedium MuiButton-textSizeMedium MuiButton-root Button-root MuiButton-text Button-text Button-textDarkBg MuiButton-textPrimary MuiButton-sizeMedium MuiButton-textSizeMedium Footer-link css-1r6mhvx-MuiButtonBase-root-MuiButton-root"
                      data-gtm="{"id":"nav-footer1","label":"+44 (0) 1234567890","action":"tel:+4401234567890"}"
                      href="tel:+4401234567890"
                      tabindex="0"
                    >
                      <span
                        class="MuiButton-startIcon Button-startIcon MuiButton-iconSizeMedium css-1d6wzja-MuiButton-startIcon"
                      >
                        <svg
                          aria-hidden="true"
                          class="MuiSvgIcon-root MuiSvgIcon-fontSizeMedium css-i4bv87-MuiSvgIcon-root"
                          data-testid="PhoneIcon"
                          focusable="false"
                          viewBox="0 0 24 24"
                        >
                          <path
                            d="M6.62 10.79c1.44 2.83 3.76 5.14 6.59 6.59l2.2-2.2c.27-.27.67-.36 1.02-.24 1.12.37 2.33.57 3.57.57.55 0 1 .45 1 1V20c0 .55-.45 1-1 1-9.39 0-17-7.61-17-17 0-.55.45-1 1-1h3.5c.55 0 1 .45 1 1 0 1.25.2 2.45.57 3.57.11.35.03.74-.25 1.02l-2.2 2.2z"
                          />
                        </svg>
                      </span>
                      +44 (0) 1234567890
                      <span
                        class="MuiTouchRipple-root css-8je8zh-MuiTouchRipple-root"
                      />
                    </a>
                  </li>
                </ul>
              </nav>
            </div>
            <div
              class="MuiGrid2-root MuiGrid2-direction-xs-row Grid-item css-27y2fm-MuiGrid2-root"
              data-testid="grid-item"
            >
              <h4
                class="MuiTypography-root MuiTypography-h4  css-1x9euu8-MuiTypography-root"
                data-testid="typography"
              >
                About BMI
              </h4>
              <nav>
                <ul
                  class="css-p4h7lm"
                >
                  <li
                    class="Footer-listItem"
                  >
                    <a
                      class="MuiButtonBase-root MuiButton-root Button-root MuiButton-text Button-text Button-textDarkBg MuiButton-textPrimary MuiButton-sizeMedium MuiButton-textSizeMedium MuiButton-root Button-root MuiButton-text Button-text Button-textDarkBg MuiButton-textPrimary MuiButton-sizeMedium MuiButton-textSizeMedium Footer-link css-1r6mhvx-MuiButtonBase-root-MuiButton-root"
                      data-gtm="{"id":"nav-footer1","label":"Our story","action":"/uk/landing-page/"}"
                      href="/uk/landing-page/"
                      tabindex="0"
                    >
                      Our story
                      <span
                        class="MuiTouchRipple-root css-8je8zh-MuiTouchRipple-root"
                      />
                    </a>
                  </li>
                </ul>
              </nav>
            </div>
          </div>
          <div
            class="Footer-secondaryNavigation"
          >
            <div
              class="css-5shjl0"
            >
              <svg
                class="css-87lb9q"
                viewBox="0 0 250 250"
                xmlns="http://www.w3.org/2000/svg"
              >
                <path
                  d="M0 0h250v250H0z"
                  fill="#009fe3"
                />
                <g
                  fill="#fff"
                >
                  <path
                    d="M155.393 86.416 144.565 131h-.212l-10.829-44.584H100.3v50.634c-.76-9.718-6.732-14.589-13.079-16.771 5.626-3.078 9.342-7.218 9.342-14.862 0-7.749-4.247-19-24.2-19H30.848v75.8h42.994c12.786 0 25.368-7.183 26.455-21.075v21.075h22.081V113.6h.212l13.164 48.62h17.41l13.163-48.62h.213v48.62h22.081v-75.8ZM54.2 104.461h12.317c4.777 0 7.962 1.381 7.962 5.2 0 4.884-3.079 6.264-7.962 6.264H54.2Zm13.694 39.7H54.2v-14.115h14.652c5.521 0 8.174 2.442 8.174 6.9 0 5.839-4.246 7.219-9.126 7.219ZM195.798 86.416h23.355v75.797h-23.355z"
                  />
                </g>
              </svg>
            </div>
            <ul
              class="Footer-listInline css-p4h7lm"
            >
              <li
                class="Footer-listItem"
              >
                <a
                  class="MuiButtonBase-root MuiButton-root Button-root MuiButton-text Button-text Button-textDarkBg MuiButton-textPrimary MuiButton-sizeMedium MuiButton-textSizeMedium MuiButton-root Button-root MuiButton-text Button-text Button-textDarkBg MuiButton-textPrimary MuiButton-sizeMedium MuiButton-textSizeMedium Footer-link css-1r6mhvx-MuiButtonBase-root-MuiButton-root"
                  data-gtm="{"id":"nav-footer1","label":"Icopal brand","action":"/uk/landing-page/"}"
                  href="/uk/landing-page/"
                  tabindex="0"
                >
                  <span
                    class="MuiButton-startIcon Button-startIcon MuiButton-iconSizeMedium css-1d6wzja-MuiButton-startIcon"
                  >
                    <svg
                      viewBox="0 0 154 100"
                      xml:space="preserve"
                      xmlns="http://www.w3.org/2000/svg"
                    >
                      <path
                        d="M154 26h-7.66v37.67H154V26ZM7.66 35.262H0V63.67h7.66V35.262ZM7.66 26H0v7.213h7.66V26ZM59.765 56.545c-3.919 0-7.214-3.294-7.214-7.213 0-3.918 3.295-7.213 7.214-7.213 3.92 0 7.215 3.295 7.215 7.213 0 4.097-3.296 7.213-7.215 7.213Zm0-21.907A14.748 14.748 0 0 0 44.98 49.421a14.748 14.748 0 0 0 14.785 14.783c8.195 0 14.786-6.59 14.786-14.783a14.748 14.748 0 0 0-14.786-14.783ZM33.668 50.579c-.623 3.918-4.364 6.59-8.283 5.877-3.92-.623-6.591-4.363-5.879-8.282.713-3.918 4.364-6.59 8.284-5.877 2.939.534 5.344 2.76 5.878 5.788h7.66c-.89-8.104-8.105-14.07-16.21-13.358-8.106.802-14.073 8.015-13.36 16.03.8 8.104 8.015 14.07 16.032 13.358 7.125-.623 12.825-6.323 13.36-13.536h-7.482ZM141.709 49.332c0-8.193-6.681-14.783-14.786-14.783-8.194 0-14.785 6.68-14.785 14.783 0 8.104 6.68 14.783 14.785 14.783 1.871 0 3.741-.445 5.433-1.069v-8.994c-2.583 2.939-7.125 3.384-10.064.801-2.94-2.582-3.385-7.124-.802-10.063 2.583-2.938 7.125-3.384 10.065-.801 1.603 1.425 2.494 3.384 2.494 5.432v14.07h7.57V49.333h.09ZM93.166 34.638c-8.105 0-14.785 6.59-14.785 14.783V74h7.57V49.332c0-4.007 3.207-7.302 7.215-7.302s7.304 3.206 7.304 7.213c0 4.008-3.207 7.302-7.215 7.302-2.227 0-4.275-.89-5.611-2.493v8.994c1.781.802 3.563 1.069 5.433 1.069 8.194 0 14.785-6.679 14.785-14.783 0-8.193-6.502-14.694-14.696-14.694Z"
                        fill="#009FE3"
                      />
                    </svg>
                  </span>
                  Icopal brand
                  <span
                    class="MuiTouchRipple-root css-8je8zh-MuiTouchRipple-root"
                  />
                </a>
              </li>
              <li
                class="Footer-listItem"
              >
                <a
                  class="MuiButtonBase-root MuiButton-root Button-root MuiButton-text Button-text Button-textDarkBg MuiButton-textPrimary MuiButton-sizeMedium MuiButton-textSizeMedium MuiButton-root Button-root MuiButton-text Button-text Button-textDarkBg MuiButton-textPrimary MuiButton-sizeMedium MuiButton-textSizeMedium Footer-link css-1r6mhvx-MuiButtonBase-root-MuiButton-root"
                  data-gtm="{"id":"nav-footer1","label":"global.sitemap","action":"/uk/sitemap/"}"
                  href="/uk/sitemap/"
                  tabindex="0"
                >
                  global.sitemap
                  <span
                    class="MuiTouchRipple-root css-8je8zh-MuiTouchRipple-root"
                  />
                </a>
              </li>
            </ul>
            <div
              class="css-p15bbt"
            >
              <svg
                fill="currentColor"
                viewBox="0 0 250 63.333"
                xmlns="http://www.w3.org/2000/svg"
              >
                <g>
                  <path
                    d="M0 44.595h2.928v18.444H0zM9.248 50.246l6.987 12.849h2.723v-18.5h-2.98v12.844L8.94 44.595H6.268v18.5h2.98ZM34.525 61.806c.822-.873 1.233-2.415 1.233-4.727v-6.422c0-2.312-.411-3.9-1.233-4.727-.822-.873-2.363-1.284-4.573-1.284H22.76V63.09h7.244c2.156 0 3.699-.462 4.521-1.284Zm-2.312-1.952a3.3 3.3 0 0 1-2.466.668h-4.11V47.215h4.11a3.3 3.3 0 0 1 2.466.668 4.469 4.469 0 0 1 .617 2.826v6.319a4.469 4.469 0 0 1-.617 2.826ZM48.603 44.595v12.639a4.469 4.469 0 0 1-.617 2.826 3.233 3.233 0 0 1-2.415.668h-1.592a3.156 3.156 0 0 1-2.415-.668 4.469 4.469 0 0 1-.617-2.826V44.595h-2.928v12.639q0 3.468 1.233 4.778c.822.822 2.363 1.284 4.573 1.284h1.9c2.261 0 3.751-.411 4.573-1.284q1.233-1.233 1.233-4.778V44.595ZM66.173 54.51a5.152 5.152 0 0 0-2.826-1.439l-3.6-.925a5.057 5.057 0 0 1-2.055-.822 2.482 2.482 0 0 1-.411-1.593v-.719a1.912 1.912 0 0 1 .514-1.593 3.638 3.638 0 0 1 2-.411h1.233a3.517 3.517 0 0 1 2 .411 1.912 1.912 0 0 1 .514 1.593v1.13h2.928v-.873c0-1.8-.36-3.083-1.13-3.751s-2.209-1.028-4.316-1.028h-1.336c-2.158 0-3.6.36-4.316 1.028-.771.668-1.13 1.952-1.13 3.751v.514a5.488 5.488 0 0 0 .719 3.185 5.152 5.152 0 0 0 2.826 1.439l3.6.925a4.725 4.725 0 0 1 2.055.822 2.482 2.482 0 0 1 .411 1.593v1.079a1.912 1.912 0 0 1-.514 1.593 3.638 3.638 0 0 1-2 .411h-1.284a3.518 3.518 0 0 1-2-.411 1.912 1.912 0 0 1-.514-1.593v-1.182h-2.927v.873c0 1.8.36 3.083 1.13 3.75s2.209 1.028 4.316 1.028h1.387c2.158 0 3.6-.36 4.316-1.028.771-.668 1.13-1.952 1.13-3.75v-.825a5.018 5.018 0 0 0-.72-3.182ZM73.058 47.215v15.88h2.928v-15.88h4.47v-2.62H68.074v2.62ZM94.123 49.938c0-2-.411-3.391-1.284-4.162s-2.363-1.13-4.521-1.13h-6.834V63.09h2.928v-5.96h3.751l2.877 5.96h3.083l-3.083-6.217a3.793 3.793 0 0 0 2.363-1.593 6.873 6.873 0 0 0 .719-3.442Zm-9.659-2.723h4.007a2.786 2.786 0 0 1 2.107.616 3.022 3.022 0 0 1 .565 2.158v1.8a3.3 3.3 0 0 1-.565 2.158 2.866 2.866 0 0 1-2.107.617h-4.007ZM97.359 44.595h2.928v18.444h-2.928zM114.776 60.522h-8.22v-5.395h7.09v-2.62h-7.09v-5.292h8.066v-2.62h-10.995v18.5h11.149ZM128.545 54.51a5.152 5.152 0 0 0-2.826-1.439l-3.6-.925a5.057 5.057 0 0 1-2.055-.822 2.483 2.483 0 0 1-.411-1.593v-.719a1.913 1.913 0 0 1 .514-1.593 3.638 3.638 0 0 1 2-.411h1.233a3.517 3.517 0 0 1 2 .411 1.912 1.912 0 0 1 .514 1.593v1.13h2.928v-.873c0-1.8-.36-3.083-1.13-3.751s-2.209-1.028-4.316-1.028h-1.336c-2.158 0-3.6.36-4.316 1.028-.771.668-1.13 1.952-1.13 3.751v.514a5.489 5.489 0 0 0 .719 3.185 5.152 5.152 0 0 0 2.826 1.439l3.6.925a4.725 4.725 0 0 1 2.055.822 2.482 2.482 0 0 1 .411 1.593v1.079a1.912 1.912 0 0 1-.514 1.593 3.638 3.638 0 0 1-2 .411h-1.284a3.518 3.518 0 0 1-2-.411 1.912 1.912 0 0 1-.514-1.593v-1.182h-2.927v.873c0 1.8.36 3.083 1.13 3.75s2.209 1.028 4.316 1.028h1.387c2.158 0 3.6-.36 4.316-1.028.771-.668 1.13-1.952 1.13-3.75v-.825a5.377 5.377 0 0 0-.72-3.182ZM149.352 57.747c0 1.439-.206 1.85-.617 2.312a3.233 3.233 0 0 1-2.415.668h-1.54a3.156 3.156 0 0 1-2.415-.668 4.469 4.469 0 0 1-.616-2.826v-6.781a4.469 4.469 0 0 1 .616-2.826 3.234 3.234 0 0 1 2.415-.668h1.54a3.156 3.156 0 0 1 2.415.668c.411.462.617.873.617 2.312v1.233h2.928v-1.284c0-2.312-.411-3.391-1.233-4.264s-2.363-1.284-4.573-1.284h-1.85c-2.261 0-3.75.411-4.573 1.284q-1.233 1.233-1.233 4.778v6.837q0 3.468 1.233 4.778c.822.822 2.363 1.284 4.573 1.284h1.85c2.261 0 3.751-.411 4.573-1.284.822-.822 1.233-1.9 1.233-4.264v-1.238h-2.928ZM166.872 45.673c-.822-.822-2.363-1.284-4.572-1.284h-1.9c-2.261 0-3.75.411-4.573 1.284q-1.233 1.233-1.233 4.778v6.838q0 3.468 1.233 4.778c.822.822 2.363 1.284 4.573 1.284h1.9c2.26 0 3.75-.411 4.572-1.284q1.233-1.233 1.233-4.778v-6.838q0-3.545-1.233-4.778Zm-2.312 14.386a3.233 3.233 0 0 1-2.415.668h-1.592a3.156 3.156 0 0 1-2.415-.668 4.469 4.469 0 0 1-.617-2.826v-6.782a4.469 4.469 0 0 1 .617-2.826 3.233 3.233 0 0 1 2.415-.668h1.593a3.156 3.156 0 0 1 2.415.668 4.469 4.469 0 0 1 .617 2.826v6.782a4.469 4.469 0 0 1-.618 2.826ZM170.982 44.595v18.5h2.928V48.14l4.472 11.255 2.723-.051 4.521-11.354v15.1h2.98V44.595h-4.524l-4.316 11.611-4.314-11.611ZM194.359 47.215h4.059a2.259 2.259 0 0 1 2.723 2.774v2.057a3.3 3.3 0 0 1-.565 2.158 3.008 3.008 0 0 1-2.158.617h-4.059Zm8.477 8.991c.873-.771 1.284-2.158 1.284-4.162v-2.106c0-2-.411-3.391-1.284-4.162s-2.363-1.13-4.573-1.13h-6.884V63.09h2.98v-5.7h3.9c2.162-.003 3.704-.414 4.577-1.184ZM219.071 63.09l-5.806-18.444h-3.648l-5.805 18.444h3.083l1.182-3.751h7.035l1.182 3.751Zm-4.778-6.217h-5.5l2.774-8.837ZM223.849 50.246l7.193 12.844h2.776V44.595h-3.031v12.844l-7.246-12.844h-2.723v18.5h3.031ZM244.143 56.977 250 44.595h-2.928l-4.316 9.3-4.316-9.3h-2.928l5.857 12.382v6.118h2.774Z"
                  />
                </g>
                <path
                  d="M52.059 15.259h-3.6l-5.7 19.42h3.031l1.13-3.956h6.884l1.13 3.956h2.774Zm-4.418 12.947 2.723-9.3 2.672 9.3Z"
                />
                <g>
                  <path
                    d="M66.7 23.274a4.457 4.457 0 0 0 1.8 1.85 12.991 12.991 0 0 0 2.312.976 12.638 12.638 0 0 0 2.312.565 7.321 7.321 0 0 1 1.8.565 1.409 1.409 0 0 1 .771 1.079v.668a1.4 1.4 0 0 1-.411.976 1.519 1.519 0 0 1-1.028.308h-2.315a1.478 1.478 0 0 1-1.028-.462 1.594 1.594 0 0 1-.462-1.13v-.206c0-.462-.206-.668-.565-.668h-3.288c-.411 0-.617.206-.617.668v.206a7.124 7.124 0 0 0 1.593 4.213 4.506 4.506 0 0 0 3.75 1.8h3.545a4.691 4.691 0 0 0 3.751-1.593 6.242 6.242 0 0 0 1.541-3.956v-.514a6.059 6.059 0 0 0-.976-3.545 5.145 5.145 0 0 0-2.415-1.9 17.813 17.813 0 0 0-2.826-.822 13.06 13.06 0 0 1-2.415-.719c-.668-.257-1.028-.668-1.028-1.182v-.465a1.4 1.4 0 0 1 .411-.976 1.519 1.519 0 0 1 1.028-.308h2.055a1.478 1.478 0 0 1 1.028.462 1.594 1.594 0 0 1 .462 1.13v.206c0 .411.206.668.617.668h3.288c.36 0 .565-.206.565-.668v-.206a7.417 7.417 0 0 0-1.541-4.213 4.506 4.506 0 0 0-3.751-1.8h-3.34a4.692 4.692 0 0 0-3.751 1.593 6.242 6.242 0 0 0-1.541 3.956v.308a6.069 6.069 0 0 0 .669 3.136ZM82.627 19.06h2.312v9.453a7.124 7.124 0 0 0 1.593 4.213 4.6 4.6 0 0 0 3.8 1.8h3.288c.411 0 .617-.206.617-.668V30.62c0-.462-.206-.668-.617-.668h-2.158a1.478 1.478 0 0 1-1.028-.462 1.594 1.594 0 0 1-.462-1.13v-9.3h3.6c.411 0 .616-.206.616-.668v-3.288c0-.462-.205-.668-.616-.668h-3.6V9.453h-5.035v4.984h-2.312c-.411 0-.616.206-.616.668v3.288c0 .411.205.668.616.668ZM125.989 18.702h.514a1.457 1.457 0 0 1 1.13.514 1.556 1.556 0 0 1 .514 1.13v13.512a.619.619 0 0 0 .514.668h3.9a.58.58 0 0 0 .668-.514V20.14a6.422 6.422 0 0 0-1.9-4.367 6.168 6.168 0 0 0-4.418-1.747h-.617a4.2 4.2 0 0 0-4.007 2.261h-.308v-1.336c0-.462-.206-.719-.617-.719h-3.8a.64.64 0 0 0-.719.514v19.009a.618.618 0 0 0 .514.668h3.9a.58.58 0 0 0 .668-.514V20.962a4.382 4.382 0 0 1 4.059-2.261ZM147.362 29.593a1.652 1.652 0 0 1-1.081.514h-2.98a1.446 1.446 0 0 1-1.079-.514 1.594 1.594 0 0 1-.462-1.13v-8.118a1.594 1.594 0 0 1 .462-1.13 1.652 1.652 0 0 1 1.079-.514h2.98a1.446 1.446 0 0 1 1.079.514 1.594 1.594 0 0 1 .462 1.13v8.118a1.406 1.406 0 0 1-.46 1.13Zm.205-14.026a3.012 3.012 0 0 0-2.723-1.49h-2.672a4.472 4.472 0 0 0-3.8 1.644 7.273 7.273 0 0 0-1.49 4.418v8.478a8 8 0 0 0 1.49 4.418 4.532 4.532 0 0 0 3.8 1.644h2.672a2.958 2.958 0 0 0 2.723-1.49h.308v.617c0 .462.205.668.668.668h3.6a.6.6 0 0 0 .668-.668v-26.1c0-.462-.205-.719-.668-.719h-3.6c-.36 0-.565.257-.565.719v7.861ZM188.158 18.29l.257-3.237a.766.766 0 0 0-.462-.771 7.165 7.165 0 0 0-2.107-.206 4.054 4.054 0 0 0-4.007 2.261h-.257v-1.335c0-.462-.154-.719-.514-.719h-3.391c-.411 0-.616.257-.616.719v18.855c0 .462.205.668.616.668h3.34c.411 0 .616-.205.616-.668v-12.9c.719-1.49 2-2.209 4.008-2.209l2 .206c.308 0 .514-.257.514-.668ZM200.845 29.593a1.911 1.911 0 0 1-1.13.514h-3.083a1.768 1.768 0 0 1-1.644-1.644v-8.118a1.65 1.65 0 0 1 .514-1.13 1.911 1.911 0 0 1 1.13-.514h3.083a1.768 1.768 0 0 1 1.644 1.644v8.118a1.911 1.911 0 0 1-.514 1.13Zm.157-14.026a3.177 3.177 0 0 0-2.826-1.49h-2.774a4.83 4.83 0 0 0-3.956 1.644 7.672 7.672 0 0 0-1.541 4.418v8.478a7.672 7.672 0 0 0 1.541 4.418 4.73 4.73 0 0 0 3.9 1.644h2.774a3.177 3.177 0 0 0 2.826-1.49h.308v.617a.58.58 0 0 0 .514.668h3.853a.619.619 0 0 0 .668-.514V7.706a.64.64 0 0 0-.514-.719h-3.9c-.411 0-.565.257-.565.719v7.861ZM167.656 29.588a1.911 1.911 0 0 1-1.13.514h-2.928a1.768 1.768 0 0 1-1.644-1.644v-8.113a1.65 1.65 0 0 1 .514-1.13 1.911 1.911 0 0 1 1.13-.514h2.928a1.768 1.768 0 0 1 1.644 1.644v8.118a1.912 1.912 0 0 1-.514 1.125Zm-5.238-15.1c-3.751 0-5.5 3.237-5.5 6.268v7.861a7.672 7.672 0 0 0 1.541 4.418 4.729 4.729 0 0 0 3.9 1.644h2.774a3.177 3.177 0 0 0 2.826-1.49h.308v.617a.58.58 0 0 0 .514.668h3.853a.619.619 0 0 0 .668-.514V14.488ZM107.339 29.588a1.911 1.911 0 0 1-1.13.514h-2.929a1.768 1.768 0 0 1-1.644-1.644v-8.113a1.65 1.65 0 0 1 .514-1.13 1.911 1.911 0 0 1 1.13-.514h2.928a1.768 1.768 0 0 1 1.644 1.644v8.118a1.911 1.911 0 0 1-.513 1.125Zm-5.289-15.1c-3.75 0-5.5 3.237-5.5 6.268v7.861a7.672 7.672 0 0 0 1.541 4.418 4.73 4.73 0 0 0 3.9 1.644h2.774a3.177 3.177 0 0 0 2.826-1.49h.308v.617a.58.58 0 0 0 .514.668h3.853a.619.619 0 0 0 .668-.514V14.488ZM117.666 5.395a1.516 1.516 0 0 0-.565 1.13v3.956c0 .36.257.514.565.257l6.885-5.238a1.021 1.021 0 0 1 1.079 0l6.833 5.24c.308.206.565.1.565-.257V6.525a1.714 1.714 0 0 0-.565-1.13L125.63.154a1.021 1.021 0 0 0-1.079 0Z"
                  />
                </g>
              </svg>
            </div>
          </div>
        </div>
      </div>
    </div>
  </div>
</div>
`;
