// Jest Snapshot v1, https://goo.gl/fbAQLP

exports[`SampleBasketSectionProducts component render correctly on mobile devices renders correctly for mobile 1`] = `
<div>
  <div
    class="css-1yyiycy"
  >
    <button
      class="MuiButtonBase-root OverviewCard-clickable SampleBasketSectionProducts-product-wrapper MuiBox-root css-rctto-MuiButtonBase-root"
      data-testid="overview-card-box"
      tabindex="0"
      type="button"
    >
      <div
        class="OverviewCard-main"
        data-testid="overview-card-main"
      >
        <img
          alt="sample-1"
          class="SampleBasketSectionProducts-product-image OverviewCard-headerPicture css-7mgsqw-Media"
          loading="lazy"
          src="http://localhost:8000/image-main-source.jpg"
          style="object-fit: contain; object-position: center;"
        />
        <div
          class="OverviewCard-body OverviewCard-noFooter"
        >
          <h4
            class="MuiTypography-root MuiTypography-h4 OverviewCard-title OverviewCard-noBrandLogo css-1x9euu8-MuiTypography-root"
            data-testid="overview-card-body-title"
          />
          <div
            class="OverviewCard-text OverviewCard-withoutMargin css-kl66ak"
            data-testid="overview-card-body-description"
          >
            <div
              class="SampleBasketSectionProducts-product"
            >
              <div
                class="SampleBasketSectionProducts-product-description"
              >
                <p
                  class="MuiTypography-root MuiTypography-body1 SampleBasketSectionProducts-product-title css-1o02bdp-MuiTypography-root"
                  data-testid="typography"
                >
                  sample-1
                </p>
                <p
                  class="MuiTypography-root MuiTypography-body1 SampleBasketSectionProducts-product-color css-1o02bdp-MuiTypography-root"
                  data-testid="typography"
                />
                <p
                  class="MuiTypography-root MuiTypography-body1 SampleBasketSectionProducts-product-size css-1o02bdp-MuiTypography-root"
                  data-testid="typography"
                />
              </div>
              <button
                class="MuiButtonBase-root MuiIconButton-root Button-root iconButton Button-medium MuiIconButton-sizeLarge SampleBasketSectionProducts-product-button css-142qa0u-MuiButtonBase-root-MuiIconButton-root"
                tabindex="0"
                type="button"
              >
                <svg
                  aria-hidden="true"
                  class="MuiSvgIcon-root MuiSvgIcon-fontSizeMedium css-i4bv87-MuiSvgIcon-root"
                  data-testid="RemoveIcon"
                  focusable="false"
                  viewBox="0 0 24 24"
                >
                  <path
                    d="M19 13H5v-2h14v2z"
                  />
                </svg>
                <span
                  class="MuiTouchRipple-root css-8je8zh-MuiTouchRipple-root"
                />
              </button>
            </div>
          </div>
        </div>
        <div
          class="css-iicyj8"
        />
      </div>
      <span
        class="MuiTouchRipple-root css-8je8zh-MuiTouchRipple-root"
      />
    </button>
    <button
      class="MuiButtonBase-root OverviewCard-clickable SampleBasketSectionProducts-product-wrapper MuiBox-root css-rctto-MuiButtonBase-root"
      data-testid="overview-card-box"
      tabindex="0"
      type="button"
    >
      <div
        class="OverviewCard-main"
        data-testid="overview-card-main"
      >
        <img
          alt="sample-2"
          class="SampleBasketSectionProducts-product-image OverviewCard-headerPicture css-7mgsqw-Media"
          loading="lazy"
          src="http://localhost:8000/image-main-source.jpg"
          style="object-fit: contain; object-position: center;"
        />
        <div
          class="OverviewCard-body OverviewCard-noFooter"
        >
          <h4
            class="MuiTypography-root MuiTypography-h4 OverviewCard-title OverviewCard-noBrandLogo css-1x9euu8-MuiTypography-root"
            data-testid="overview-card-body-title"
          />
          <div
            class="OverviewCard-text OverviewCard-withoutMargin css-kl66ak"
            data-testid="overview-card-body-description"
          >
            <div
              class="SampleBasketSectionProducts-product"
            >
              <div
                class="SampleBasketSectionProducts-product-description"
              >
                <p
                  class="MuiTypography-root MuiTypography-body1 SampleBasketSectionProducts-product-title css-1o02bdp-MuiTypography-root"
                  data-testid="typography"
                >
                  sample-2
                </p>
                <p
                  class="MuiTypography-root MuiTypography-body1 SampleBasketSectionProducts-product-color css-1o02bdp-MuiTypography-root"
                  data-testid="typography"
                >
                  Red | Matte
                </p>
                <p
                  class="MuiTypography-root MuiTypography-body1 SampleBasketSectionProducts-product-size css-1o02bdp-MuiTypography-root"
                  data-testid="typography"
                >
                  10x20x30 mm
                </p>
              </div>
              <button
                class="MuiButtonBase-root MuiIconButton-root Button-root iconButton Button-medium MuiIconButton-sizeLarge SampleBasketSectionProducts-product-button css-142qa0u-MuiButtonBase-root-MuiIconButton-root"
                tabindex="0"
                type="button"
              >
                <svg
                  aria-hidden="true"
                  class="MuiSvgIcon-root MuiSvgIcon-fontSizeMedium css-i4bv87-MuiSvgIcon-root"
                  data-testid="RemoveIcon"
                  focusable="false"
                  viewBox="0 0 24 24"
                >
                  <path
                    d="M19 13H5v-2h14v2z"
                  />
                </svg>
                <span
                  class="MuiTouchRipple-root css-8je8zh-MuiTouchRipple-root"
                />
              </button>
            </div>
          </div>
        </div>
        <div
          class="css-iicyj8"
        />
      </div>
      <span
        class="MuiTouchRipple-root css-8je8zh-MuiTouchRipple-root"
      />
    </button>
    <button
      class="MuiButtonBase-root OverviewCard-clickable SampleBasketSectionProducts-product-wrapper MuiBox-root css-rctto-MuiButtonBase-root"
      data-testid="overview-card-box"
      tabindex="0"
      type="button"
    >
      <div
        class="OverviewCard-main"
        data-testid="overview-card-main"
      >
        <img
          alt="sample-3"
          class="SampleBasketSectionProducts-product-image OverviewCard-headerPicture css-7mgsqw-Media"
          loading="lazy"
          src="http://localhost:8000/image-main-source.jpg"
          style="object-fit: contain; object-position: center;"
        />
        <div
          class="OverviewCard-body OverviewCard-noFooter"
        >
          <h4
            class="MuiTypography-root MuiTypography-h4 OverviewCard-title OverviewCard-noBrandLogo css-1x9euu8-MuiTypography-root"
            data-testid="overview-card-body-title"
          />
          <div
            class="OverviewCard-text OverviewCard-withoutMargin css-kl66ak"
            data-testid="overview-card-body-description"
          >
            <div
              class="SampleBasketSectionProducts-product"
            >
              <div
                class="SampleBasketSectionProducts-product-description"
              >
                <p
                  class="MuiTypography-root MuiTypography-body1 SampleBasketSectionProducts-product-title css-1o02bdp-MuiTypography-root"
                  data-testid="typography"
                >
                  sample-3
                </p>
                <p
                  class="MuiTypography-root MuiTypography-body1 SampleBasketSectionProducts-product-color css-1o02bdp-MuiTypography-root"
                  data-testid="typography"
                >
                  Black
                </p>
                <p
                  class="MuiTypography-root MuiTypography-body1 SampleBasketSectionProducts-product-size css-1o02bdp-MuiTypography-root"
                  data-testid="typography"
                />
              </div>
              <button
                class="MuiButtonBase-root MuiIconButton-root Button-root iconButton Button-medium MuiIconButton-sizeLarge SampleBasketSectionProducts-product-button css-142qa0u-MuiButtonBase-root-MuiIconButton-root"
                tabindex="0"
                type="button"
              >
                <svg
                  aria-hidden="true"
                  class="MuiSvgIcon-root MuiSvgIcon-fontSizeMedium css-i4bv87-MuiSvgIcon-root"
                  data-testid="RemoveIcon"
                  focusable="false"
                  viewBox="0 0 24 24"
                >
                  <path
                    d="M19 13H5v-2h14v2z"
                  />
                </svg>
                <span
                  class="MuiTouchRipple-root css-8je8zh-MuiTouchRipple-root"
                />
              </button>
            </div>
          </div>
        </div>
        <div
          class="css-iicyj8"
        />
      </div>
      <span
        class="MuiTouchRipple-root css-8je8zh-MuiTouchRipple-root"
      />
    </button>
  </div>
</div>
`;
