// Jest Snapshot v1, https://goo.gl/fbAQLP

exports[`SampleBasketSectionProducts component renders correctly 1`] = `
<div>
  <div
    class="SampleBasketSectionProducts"
  >
    <button
      class="MuiButtonBase-root OverviewCard-clickable product-wrapper MuiBox-root css-lx6wpa-MuiButtonBase-root"
      tabindex="0"
      type="button"
    >
      <div
        class="OverviewCard-main"
        data-testid="overview-card-main"
      >
        <img
          alt="sample-1"
          class="product-image OverviewCard-headerPicture css-7mgsqw-Media"
          src="http://localhost:8000/image-main-source.jpg"
          style="object-fit: contain; object-position: center;"
        />
        <div
          class="OverviewCard-body"
        >
          <h4
            class="MuiTypography-root MuiTypography-h4 OverviewCard-title OverviewCard-noBrandLogo css-1x9euu8-MuiTypography-root"
            data-testid="overview-card-body-title"
          />
          <div
            class="OverviewCard-text OverviewCard-withoutMargin css-kl66ak"
            data-testid="overview-card-body-description"
          >
            <div
              class="product"
            >
              <div
                class="product-description"
              >
                <p
                  class="MuiTypography-root MuiTypography-body1 product-title css-1o02bdp-MuiTypography-root"
                  data-testid="typography"
                >
                  sample-1
                </p>
                <p
                  class="MuiTypography-root MuiTypography-body1 product-color css-1o02bdp-MuiTypography-root"
                  data-testid="typography"
                />
                <p
                  class="MuiTypography-root MuiTypography-body1 product-size css-1o02bdp-MuiTypography-root"
                  data-testid="typography"
                />
              </div>
            </div>
          </div>
        </div>
      </div>
      <div
        class="OverviewCard-clickable css-1cyx9t4"
        data-testid="overview-card-body-footer"
      >
        <button
          class="MuiButtonBase-root MuiButton-root Button-root MuiButton-outlined MuiButton-outlinedPrimary MuiButton-sizeMedium MuiButton-outlinedSizeMedium MuiButton-root Button-root MuiButton-outlined MuiButton-outlinedPrimary MuiButton-sizeMedium MuiButton-outlinedSizeMedium product-button css-1ga0prt-MuiButtonBase-root-MuiButton-root"
          tabindex="0"
          type="button"
        >
          MC: pdp.overview.removeSample
          <span
            class="MuiButton-endIcon MuiButton-iconSizeMedium css-9tj150-MuiButton-endIcon"
          >
            <svg
              aria-hidden="true"
              class="MuiSvgIcon-root MuiSvgIcon-fontSizeMedium css-i4bv87-MuiSvgIcon-root"
              data-testid="RemoveIcon"
              focusable="false"
              viewBox="0 0 24 24"
            >
              <path
                d="M19 13H5v-2h14v2z"
              />
            </svg>
          </span>
          <span
            class="MuiTouchRipple-root css-8je8zh-MuiTouchRipple-root"
          />
        </button>
      </div>
      <span
        class="MuiTouchRipple-root css-8je8zh-MuiTouchRipple-root"
      />
    </button>
    <button
      class="MuiButtonBase-root OverviewCard-clickable product-wrapper MuiBox-root css-lx6wpa-MuiButtonBase-root"
      tabindex="0"
      type="button"
    >
      <div
        class="OverviewCard-main"
        data-testid="overview-card-main"
      >
        <img
          alt="sample-2"
          class="product-image OverviewCard-headerPicture css-7mgsqw-Media"
          src="http://localhost:8000/image-main-source.jpg"
          style="object-fit: contain; object-position: center;"
        />
        <div
          class="OverviewCard-body"
        >
          <h4
            class="MuiTypography-root MuiTypography-h4 OverviewCard-title OverviewCard-noBrandLogo css-1x9euu8-MuiTypography-root"
            data-testid="overview-card-body-title"
          />
          <div
            class="OverviewCard-text OverviewCard-withoutMargin css-kl66ak"
            data-testid="overview-card-body-description"
          >
            <div
              class="product"
            >
              <div
                class="product-description"
              >
                <p
                  class="MuiTypography-root MuiTypography-body1 product-title css-1o02bdp-MuiTypography-root"
                  data-testid="typography"
                >
                  sample-2
                </p>
                <p
                  class="MuiTypography-root MuiTypography-body1 product-color css-1o02bdp-MuiTypography-root"
                  data-testid="typography"
                >
                  Red | Matte
                </p>
                <p
                  class="MuiTypography-root MuiTypography-body1 product-size css-1o02bdp-MuiTypography-root"
                  data-testid="typography"
                >
                  10x20x30 mm
                </p>
              </div>
            </div>
          </div>
        </div>
      </div>
      <div
        class="OverviewCard-clickable css-1cyx9t4"
        data-testid="overview-card-body-footer"
      >
        <button
          class="MuiButtonBase-root MuiButton-root Button-root MuiButton-outlined MuiButton-outlinedPrimary MuiButton-sizeMedium MuiButton-outlinedSizeMedium MuiButton-root Button-root MuiButton-outlined MuiButton-outlinedPrimary MuiButton-sizeMedium MuiButton-outlinedSizeMedium product-button css-1ga0prt-MuiButtonBase-root-MuiButton-root"
          tabindex="0"
          type="button"
        >
          MC: pdp.overview.removeSample
          <span
            class="MuiButton-endIcon MuiButton-iconSizeMedium css-9tj150-MuiButton-endIcon"
          >
            <svg
              aria-hidden="true"
              class="MuiSvgIcon-root MuiSvgIcon-fontSizeMedium css-i4bv87-MuiSvgIcon-root"
              data-testid="RemoveIcon"
              focusable="false"
              viewBox="0 0 24 24"
            >
              <path
                d="M19 13H5v-2h14v2z"
              />
            </svg>
          </span>
          <span
            class="MuiTouchRipple-root css-8je8zh-MuiTouchRipple-root"
          />
        </button>
      </div>
      <span
        class="MuiTouchRipple-root css-8je8zh-MuiTouchRipple-root"
      />
    </button>
    <button
      class="MuiButtonBase-root OverviewCard-clickable product-wrapper MuiBox-root css-lx6wpa-MuiButtonBase-root"
      tabindex="0"
      type="button"
    >
      <div
        class="OverviewCard-main"
        data-testid="overview-card-main"
      >
        <img
          alt="sample-3"
          class="product-image OverviewCard-headerPicture css-7mgsqw-Media"
          src="http://localhost:8000/image-main-source.jpg"
          style="object-fit: contain; object-position: center;"
        />
        <div
          class="OverviewCard-body"
        >
          <h4
            class="MuiTypography-root MuiTypography-h4 OverviewCard-title OverviewCard-noBrandLogo css-1x9euu8-MuiTypography-root"
            data-testid="overview-card-body-title"
          />
          <div
            class="OverviewCard-text OverviewCard-withoutMargin css-kl66ak"
            data-testid="overview-card-body-description"
          >
            <div
              class="product"
            >
              <div
                class="product-description"
              >
                <p
                  class="MuiTypography-root MuiTypography-body1 product-title css-1o02bdp-MuiTypography-root"
                  data-testid="typography"
                >
                  sample-3
                </p>
                <p
                  class="MuiTypography-root MuiTypography-body1 product-color css-1o02bdp-MuiTypography-root"
                  data-testid="typography"
                >
                  Black
                </p>
                <p
                  class="MuiTypography-root MuiTypography-body1 product-size css-1o02bdp-MuiTypography-root"
                  data-testid="typography"
                />
              </div>
            </div>
          </div>
        </div>
      </div>
      <div
        class="OverviewCard-clickable css-1cyx9t4"
        data-testid="overview-card-body-footer"
      >
        <button
          class="MuiButtonBase-root MuiButton-root Button-root MuiButton-outlined MuiButton-outlinedPrimary MuiButton-sizeMedium MuiButton-outlinedSizeMedium MuiButton-root Button-root MuiButton-outlined MuiButton-outlinedPrimary MuiButton-sizeMedium MuiButton-outlinedSizeMedium product-button css-1ga0prt-MuiButtonBase-root-MuiButton-root"
          tabindex="0"
          type="button"
        >
          MC: pdp.overview.removeSample
          <span
            class="MuiButton-endIcon MuiButton-iconSizeMedium css-9tj150-MuiButton-endIcon"
          >
            <svg
              aria-hidden="true"
              class="MuiSvgIcon-root MuiSvgIcon-fontSizeMedium css-i4bv87-MuiSvgIcon-root"
              data-testid="RemoveIcon"
              focusable="false"
              viewBox="0 0 24 24"
            >
              <path
                d="M19 13H5v-2h14v2z"
              />
            </svg>
          </span>
          <span
            class="MuiTouchRipple-root css-8je8zh-MuiTouchRipple-root"
          />
        </button>
      </div>
      <span
        class="MuiTouchRipple-root css-8je8zh-MuiTouchRipple-root"
      />
    </button>
  </div>
</div>
`;
