// Jest Snapshot v1, https://goo.gl/fbAQLP

exports[`TabsOrAccordionSection Accordion default to name if title is null 1`] = `
<div>
  <div
    class="Section-root Section-white css-cxq310"
  >
    <div
      class=" css-ze8cyt"
    >
      <div
        class="MuiContainer-root MuiContainer-maxWidthXl css-15p7r21-MuiContainer-root"
      >
        <h2
          class="MuiTypography-root MuiTypography-h2 Typography-underline css-je89nd-MuiTypography-root"
          data-testid="typography"
        >
          string
        </h2>
        <p
          class="MuiTypography-root MuiTypography-body1  css-87ejlm-MuiTypography-root"
          data-testid="typography"
        >
          string
        </p>
        <div
          style="margin-top: 40px;"
        >
          <div
            class=" css-1u48ai"
          >
            <div
              class="MuiPaper-root MuiPaper-elevation MuiPaper-rounded MuiPaper-elevation1 MuiAccordion-root MuiAccordion-rounded MuiAccordion-gutters css-1g8jyxy-MuiPaper-root-MuiAccordion-root"
            >
              <div
                aria-expanded="false"
                class="MuiButtonBase-root MuiAccordionSummary-root Accordion-summaryRoot MuiAccordionSummary-gutters css-1b94k5e-MuiButtonBase-root-MuiAccordionSummary-root"
                data-gtm="{\\"id\\":\\"selector-accordion1\\",\\"label\\":\\"name\\",\\"action\\":\\"Selector – Accordion\\"}"
                role="button"
                tabindex="0"
              >
                <div
                  class="MuiAccordionSummary-content Accordion-summaryContent MuiAccordionSummary-contentGutters css-o4b71y-MuiAccordionSummary-content"
                >
                  <h3
                    class="MuiTypography-root MuiTypography-h6  css-1le86ss-MuiTypography-root"
                    data-testid="typography"
                  >
                    name
                  </h3>
                </div>
                <div
                  class="MuiAccordionSummary-expandIconWrapper css-yw020d-MuiAccordionSummary-expandIconWrapper"
                >
                  <svg
                    aria-hidden="true"
                    class="MuiSvgIcon-root MuiSvgIcon-fontSizeMedium css-i4bv87-MuiSvgIcon-root"
                    data-testid="ExpandMoreIcon"
                    focusable="false"
                    viewBox="0 0 24 24"
                  >
                    <path
                      d="M16.59 8.59 12 13.17 7.41 8.59 6 10l6 6 6-6z"
                    />
                  </svg>
                </div>
              </div>
              <div
                class="MuiCollapse-root MuiCollapse-vertical MuiCollapse-hidden css-bz4dnt-MuiCollapse-root"
                style="min-height: 0px;"
              >
                <div
                  class="MuiCollapse-wrapper MuiCollapse-vertical css-smkl36-MuiCollapse-wrapper"
                >
                  <div
                    class="MuiCollapse-wrapperInner MuiCollapse-vertical css-9l5vo-MuiCollapse-wrapperInner"
                  >
                    <div
                      class="MuiAccordion-region"
                      role="region"
                    >
                      <div
                        class="MuiAccordionDetails-root  css-glpxpj-MuiAccordionDetails-root"
                      >
                        <div
                          class="RichText-root css-17t4j5c"
                        >
                          <p
                            class="MuiTypography-root MuiTypography-body1 MuiTypography-gutterBottom  css-abi5v8-MuiTypography-root"
                            data-testid="typography"
                          >
                            Lorem Ipsum has been the industry's standard dummy text ever since the 1500s
                          </p>
                        </div>
                      </div>
                    </div>
                  </div>
                </div>
              </div>
            </div>
          </div>
        </div>
      </div>
    </div>
  </div>
</div>
`;

exports[`TabsOrAccordionSection Accordion renders Correctly  1`] = `
<div>
  <div
    class="Section-root Section-white css-cxq310"
  >
    <div
      class=" css-ze8cyt"
    >
      <div
        class="MuiContainer-root MuiContainer-maxWidthXl css-15p7r21-MuiContainer-root"
      >
        <h2
          class="MuiTypography-root MuiTypography-h2 Typography-underline css-je89nd-MuiTypography-root"
          data-testid="typography"
        >
          string
        </h2>
        <p
          class="MuiTypography-root MuiTypography-body1  css-87ejlm-MuiTypography-root"
          data-testid="typography"
        >
          string
        </p>
        <div
          style="margin-top: 40px;"
        >
          <div
            class=" css-1u48ai"
          >
            <div
              class="MuiPaper-root MuiPaper-elevation MuiPaper-rounded MuiPaper-elevation1 MuiAccordion-root MuiAccordion-rounded MuiAccordion-gutters css-1g8jyxy-MuiPaper-root-MuiAccordion-root"
            >
              <div
                aria-expanded="false"
                class="MuiButtonBase-root MuiAccordionSummary-root Accordion-summaryRoot MuiAccordionSummary-gutters css-1b94k5e-MuiButtonBase-root-MuiAccordionSummary-root"
                data-gtm="{\\"id\\":\\"selector-accordion1\\",\\"label\\":\\"hello\\",\\"action\\":\\"Selector – Accordion\\"}"
                role="button"
                tabindex="0"
              >
                <div
                  class="MuiAccordionSummary-content Accordion-summaryContent MuiAccordionSummary-contentGutters css-o4b71y-MuiAccordionSummary-content"
                >
                  <h3
                    class="MuiTypography-root MuiTypography-h6  css-1le86ss-MuiTypography-root"
                    data-testid="typography"
                  >
                    hello
                  </h3>
                </div>
                <div
                  class="MuiAccordionSummary-expandIconWrapper css-yw020d-MuiAccordionSummary-expandIconWrapper"
                >
                  <svg
                    aria-hidden="true"
                    class="MuiSvgIcon-root MuiSvgIcon-fontSizeMedium css-i4bv87-MuiSvgIcon-root"
                    data-testid="ExpandMoreIcon"
                    focusable="false"
                    viewBox="0 0 24 24"
                  >
                    <path
                      d="M16.59 8.59 12 13.17 7.41 8.59 6 10l6 6 6-6z"
                    />
                  </svg>
                </div>
              </div>
              <div
                class="MuiCollapse-root MuiCollapse-vertical MuiCollapse-hidden css-bz4dnt-MuiCollapse-root"
                style="min-height: 0px;"
              >
                <div
                  class="MuiCollapse-wrapper MuiCollapse-vertical css-smkl36-MuiCollapse-wrapper"
                >
                  <div
                    class="MuiCollapse-wrapperInner MuiCollapse-vertical css-9l5vo-MuiCollapse-wrapperInner"
                  >
                    <div
                      class="MuiAccordion-region"
                      role="region"
                    >
                      <div
                        class="MuiAccordionDetails-root  css-glpxpj-MuiAccordionDetails-root"
                      >
                        <div
                          class="RichText-root css-17t4j5c"
                        >
                          <p
                            class="MuiTypography-root MuiTypography-body1 MuiTypography-gutterBottom  css-abi5v8-MuiTypography-root"
                            data-testid="typography"
                          >
                            Lorem Ipsum has been the industry's standard dummy text ever since the 1500s
                          </p>
                        </div>
                      </div>
                    </div>
                  </div>
                </div>
              </div>
            </div>
          </div>
        </div>
      </div>
    </div>
  </div>
</div>
`;

exports[`TabsOrAccordionSection Tabs default to name if title is null 1`] = `
<div>
  <div
    class="Section-root Section-pearl css-cxq310"
  >
    <div
      class=" css-ze8cyt"
    >
      <div
        class="MuiContainer-root MuiContainer-maxWidthXl css-15p7r21-MuiContainer-root"
      >
        <h2
          class="MuiTypography-root MuiTypography-h2 Typography-underline css-je89nd-MuiTypography-root"
          data-testid="typography"
        >
          string
        </h2>
        <p
          class="MuiTypography-root MuiTypography-body1  css-87ejlm-MuiTypography-root"
          data-testid="typography"
        >
          string
        </p>
        <div
          style="margin-top: 40px;"
        >
          <div
            class=" css-fpjlvn"
            data-testid="tabs"
          >
            <div
              class="Tabs-tabsBar"
            >
              <div
                class=" css-ze8cyt"
              >
                <div
                  class="MuiContainer-root MuiContainer-maxWidthXl css-1ozv57h-MuiContainer-root"
                >
                  <div
                    class="MuiTabs-root css-7cgbzd-MuiTabs-root"
                    color="primary"
                  >
                    <div
                      class="MuiButtonBase-root MuiTabScrollButton-root MuiTabScrollButton-horizontal Mui-disabled MuiTabs-scrollButtons MuiTabs-scrollButtonsHideMobile tabsScrollBtn css-145v6pe-MuiButtonBase-root-MuiTabScrollButton-root"
                    >
                      <svg
                        aria-hidden="true"
                        class="MuiSvgIcon-root MuiSvgIcon-fontSizeSmall css-ptiqhd-MuiSvgIcon-root"
                        data-testid="KeyboardArrowLeftIcon"
                        focusable="false"
                        viewBox="0 0 24 24"
                      >
                        <path
                          d="M15.41 16.09l-4.58-4.59 4.58-4.59L14 5.5l-6 6 6 6z"
                        />
                      </svg>
                      <span
                        class="MuiTouchRipple-root css-8je8zh-MuiTouchRipple-root"
                      />
                    </div>
                    <div
                      class="MuiTabs-scrollableX MuiTabs-hideScrollbar css-agdkjh-MuiTabs-scrollbarSize"
                      style="width: 99px; height: 99px; position: absolute; top: -9999px; overflow: scroll;"
                    />
                    <div
                      class="MuiTabs-scroller MuiTabs-hideScrollbar MuiTabs-scrollableX css-69z67c-MuiTabs-scroller"
                      style="margin-bottom: 0px;"
                    >
                      <div
                        aria-label="tabs"
                        class="MuiTabs-flexContainer css-heg063-MuiTabs-flexContainer"
                        role="tablist"
                      >
                        <button
                          aria-controls="tabpanel-name"
                          aria-selected="true"
                          class="MuiButtonBase-root MuiTab-root MuiTab-textColorPrimary Mui-selected Tabs-tabRoot css-15jz8p0-MuiButtonBase-root-MuiTab-root"
                          data-gtm="{\\"id\\":\\"selector-tabs2\\",\\"label\\":\\"name\\",\\"action\\":\\"Selector – Tabs\\"}"
                          data-testid="tab-name"
                          id="tab-name"
                          role="tab"
                          tabindex="0"
                          type="button"
                        >
                          name
                          <span
                            class="MuiTouchRipple-root css-8je8zh-MuiTouchRipple-root"
                          />
                        </button>
                      </div>
                      <span
                        class="MuiTabs-indicator css-tv859c-MuiTabs-indicator"
                        style="left: 0px; width: 0px;"
                      />
                    </div>
                    <div
                      class="MuiButtonBase-root MuiTabScrollButton-root MuiTabScrollButton-horizontal Mui-disabled MuiTabs-scrollButtons MuiTabs-scrollButtonsHideMobile tabsScrollBtn css-145v6pe-MuiButtonBase-root-MuiTabScrollButton-root"
                    >
                      <svg
                        aria-hidden="true"
                        class="MuiSvgIcon-root MuiSvgIcon-fontSizeSmall css-ptiqhd-MuiSvgIcon-root"
                        data-testid="KeyboardArrowRightIcon"
                        focusable="false"
                        viewBox="0 0 24 24"
                      >
                        <path
                          d="M8.59 16.34l4.58-4.59-4.58-4.59L10 5.75l6 6-6 6z"
                        />
                      </svg>
                      <span
                        class="MuiTouchRipple-root css-8je8zh-MuiTouchRipple-root"
                      />
                    </div>
                  </div>
                </div>
              </div>
            </div>
            <div
              aria-labelledby="tab-name"
              class="Tabs-tabPanel Tabs-tabPanelBox MuiBox-root css-19kzrtu"
              data-testid="tabpanel-name"
              heading="name"
              id="tabpanel-name"
              role="tabpanel"
            >
              <div
                class="RichText-root css-17t4j5c"
              >
                <p
                  class="MuiTypography-root MuiTypography-body1 MuiTypography-gutterBottom  css-abi5v8-MuiTypography-root"
                  data-testid="typography"
                >
                  Lorem Ipsum has been the industry's standard dummy text ever since the 1500s
                </p>
              </div>
            </div>
          </div>
        </div>
      </div>
    </div>
  </div>
</div>
`;

exports[`TabsOrAccordionSection Tabs renders Correctly  1`] = `
<div>
  <div
    class="Section-root Section-pearl css-cxq310"
  >
    <div
      class=" css-ze8cyt"
    >
      <div
        class="MuiContainer-root MuiContainer-maxWidthXl css-15p7r21-MuiContainer-root"
      >
        <h2
          class="MuiTypography-root MuiTypography-h2 Typography-underline css-je89nd-MuiTypography-root"
          data-testid="typography"
        >
          string
        </h2>
        <p
          class="MuiTypography-root MuiTypography-body1  css-87ejlm-MuiTypography-root"
          data-testid="typography"
        >
          string
        </p>
        <div
          style="margin-top: 40px;"
        >
          <div
            class=" css-fpjlvn"
            data-testid="tabs"
          >
            <div
              class="Tabs-tabsBar"
            >
              <div
                class=" css-ze8cyt"
              >
                <div
                  class="MuiContainer-root MuiContainer-maxWidthXl css-1ozv57h-MuiContainer-root"
                >
                  <div
                    class="MuiTabs-root css-7cgbzd-MuiTabs-root"
                    color="primary"
                  >
                    <div
                      class="MuiButtonBase-root MuiTabScrollButton-root MuiTabScrollButton-horizontal Mui-disabled MuiTabs-scrollButtons MuiTabs-scrollButtonsHideMobile tabsScrollBtn css-145v6pe-MuiButtonBase-root-MuiTabScrollButton-root"
                    >
                      <svg
                        aria-hidden="true"
                        class="MuiSvgIcon-root MuiSvgIcon-fontSizeSmall css-ptiqhd-MuiSvgIcon-root"
                        data-testid="KeyboardArrowLeftIcon"
                        focusable="false"
                        viewBox="0 0 24 24"
                      >
                        <path
                          d="M15.41 16.09l-4.58-4.59 4.58-4.59L14 5.5l-6 6 6 6z"
                        />
                      </svg>
                      <span
                        class="MuiTouchRipple-root css-8je8zh-MuiTouchRipple-root"
                      />
                    </div>
                    <div
                      class="MuiTabs-scrollableX MuiTabs-hideScrollbar css-agdkjh-MuiTabs-scrollbarSize"
                      style="width: 99px; height: 99px; position: absolute; top: -9999px; overflow: scroll;"
                    />
                    <div
                      class="MuiTabs-scroller MuiTabs-hideScrollbar MuiTabs-scrollableX css-69z67c-MuiTabs-scroller"
                      style="margin-bottom: 0px;"
                    >
                      <div
                        aria-label="tabs"
                        class="MuiTabs-flexContainer css-heg063-MuiTabs-flexContainer"
                        role="tablist"
                      >
                        <button
                          aria-controls="tabpanel-hello"
                          aria-selected="true"
                          class="MuiButtonBase-root MuiTab-root MuiTab-textColorPrimary Mui-selected Tabs-tabRoot css-15jz8p0-MuiButtonBase-root-MuiTab-root"
                          data-gtm="{\\"id\\":\\"selector-tabs2\\",\\"label\\":\\"hello\\",\\"action\\":\\"Selector – Tabs\\"}"
                          data-testid="tab-hello"
                          id="tab-hello"
                          role="tab"
                          tabindex="0"
                          type="button"
                        >
                          hello
                          <span
                            class="MuiTouchRipple-root css-8je8zh-MuiTouchRipple-root"
                          />
                        </button>
                      </div>
                      <span
                        class="MuiTabs-indicator css-tv859c-MuiTabs-indicator"
                        style="left: 0px; width: 0px;"
                      />
                    </div>
                    <div
                      class="MuiButtonBase-root MuiTabScrollButton-root MuiTabScrollButton-horizontal Mui-disabled MuiTabs-scrollButtons MuiTabs-scrollButtonsHideMobile tabsScrollBtn css-145v6pe-MuiButtonBase-root-MuiTabScrollButton-root"
                    >
                      <svg
                        aria-hidden="true"
                        class="MuiSvgIcon-root MuiSvgIcon-fontSizeSmall css-ptiqhd-MuiSvgIcon-root"
                        data-testid="KeyboardArrowRightIcon"
                        focusable="false"
                        viewBox="0 0 24 24"
                      >
                        <path
                          d="M8.59 16.34l4.58-4.59-4.58-4.59L10 5.75l6 6-6 6z"
                        />
                      </svg>
                      <span
                        class="MuiTouchRipple-root css-8je8zh-MuiTouchRipple-root"
                      />
                    </div>
                  </div>
                </div>
              </div>
            </div>
            <div
              aria-labelledby="tab-hello"
              class="Tabs-tabPanel Tabs-tabPanelBox MuiBox-root css-19kzrtu"
              data-testid="tabpanel-hello"
              heading="hello"
              id="tabpanel-hello"
              role="tabpanel"
            >
              <div
                class="RichText-root css-17t4j5c"
              >
                <p
                  class="MuiTypography-root MuiTypography-body1 MuiTypography-gutterBottom  css-abi5v8-MuiTypography-root"
                  data-testid="typography"
                >
                  Lorem Ipsum has been the industry's standard dummy text ever since the 1500s
                </p>
              </div>
            </div>
          </div>
        </div>
      </div>
    </div>
  </div>
</div>
`;

exports[`TabsOrAccordionSection not render tab panel if item array is empty 1`] = `
<div>
  <div
    class="Section-root Section-pearl css-cxq310"
  >
    <div
      class=" css-ze8cyt"
    >
      <div
        class="MuiContainer-root MuiContainer-maxWidthXl css-15p7r21-MuiContainer-root"
      >
        <h2
          class="MuiTypography-root MuiTypography-h2 Typography-underline css-je89nd-MuiTypography-root"
          data-testid="typography"
        >
          string
        </h2>
        <p
          class="MuiTypography-root MuiTypography-body1  css-87ejlm-MuiTypography-root"
          data-testid="typography"
        >
          string
        </p>
        <div
          style="margin-top: 40px;"
        >
          <div
            class=" css-fpjlvn"
            data-testid="tabs"
          >
            <div
              class="Tabs-tabsBar"
            >
              <div
                class=" css-ze8cyt"
              >
                <div
                  class="MuiContainer-root MuiContainer-maxWidthXl css-1ozv57h-MuiContainer-root"
                >
                  <div
                    class="MuiTabs-root css-7cgbzd-MuiTabs-root"
                    color="primary"
                  >
                    <div
                      class="MuiButtonBase-root MuiTabScrollButton-root MuiTabScrollButton-horizontal Mui-disabled MuiTabs-scrollButtons MuiTabs-scrollButtonsHideMobile tabsScrollBtn css-145v6pe-MuiButtonBase-root-MuiTabScrollButton-root"
                    >
                      <svg
                        aria-hidden="true"
                        class="MuiSvgIcon-root MuiSvgIcon-fontSizeSmall css-ptiqhd-MuiSvgIcon-root"
                        data-testid="KeyboardArrowLeftIcon"
                        focusable="false"
                        viewBox="0 0 24 24"
                      >
                        <path
                          d="M15.41 16.09l-4.58-4.59 4.58-4.59L14 5.5l-6 6 6 6z"
                        />
                      </svg>
                      <span
                        class="MuiTouchRipple-root css-8je8zh-MuiTouchRipple-root"
                      />
                    </div>
                    <div
                      class="MuiTabs-scrollableX MuiTabs-hideScrollbar css-agdkjh-MuiTabs-scrollbarSize"
                      style="width: 99px; height: 99px; position: absolute; top: -9999px; overflow: scroll;"
                    />
                    <div
                      class="MuiTabs-scroller MuiTabs-hideScrollbar MuiTabs-scrollableX css-69z67c-MuiTabs-scroller"
                      style="margin-bottom: 0px;"
                    >
                      <div
                        aria-label="tabs"
                        class="MuiTabs-flexContainer css-heg063-MuiTabs-flexContainer"
                        role="tablist"
                      />
                      <span
                        class="MuiTabs-indicator css-tv859c-MuiTabs-indicator"
                        style="left: 0px; width: 0px;"
                      />
                    </div>
                    <div
                      class="MuiButtonBase-root MuiTabScrollButton-root MuiTabScrollButton-horizontal Mui-disabled MuiTabs-scrollButtons MuiTabs-scrollButtonsHideMobile tabsScrollBtn css-145v6pe-MuiButtonBase-root-MuiTabScrollButton-root"
                    >
                      <svg
                        aria-hidden="true"
                        class="MuiSvgIcon-root MuiSvgIcon-fontSizeSmall css-ptiqhd-MuiSvgIcon-root"
                        data-testid="KeyboardArrowRightIcon"
                        focusable="false"
                        viewBox="0 0 24 24"
                      >
                        <path
                          d="M8.59 16.34l4.58-4.59-4.58-4.59L10 5.75l6 6-6 6z"
                        />
                      </svg>
                      <span
                        class="MuiTouchRipple-root css-8je8zh-MuiTouchRipple-root"
                      />
                    </div>
                  </div>
                </div>
              </div>
            </div>
          </div>
        </div>
      </div>
    </div>
  </div>
</div>
`;

exports[`TabsOrAccordionSection title attribute is rendered if both name and title exists for tab panels 1`] = `
<div>
  <div
    class="Section-root Section-pearl css-cxq310"
  >
    <div
      class=" css-ze8cyt"
    >
      <div
        class="MuiContainer-root MuiContainer-maxWidthXl css-15p7r21-MuiContainer-root"
      >
        <h2
          class="MuiTypography-root MuiTypography-h2 Typography-underline css-je89nd-MuiTypography-root"
          data-testid="typography"
        >
          string
        </h2>
        <p
          class="MuiTypography-root MuiTypography-body1  css-87ejlm-MuiTypography-root"
          data-testid="typography"
        >
          string
        </p>
        <div
          style="margin-top: 40px;"
        >
          <div
            class=" css-fpjlvn"
            data-testid="tabs"
          >
            <div
              class="Tabs-tabsBar"
            >
              <div
                class=" css-ze8cyt"
              >
                <div
                  class="MuiContainer-root MuiContainer-maxWidthXl css-1ozv57h-MuiContainer-root"
                >
                  <div
                    class="MuiTabs-root css-7cgbzd-MuiTabs-root"
                    color="primary"
                  >
                    <div
                      class="MuiButtonBase-root MuiTabScrollButton-root MuiTabScrollButton-horizontal Mui-disabled MuiTabs-scrollButtons MuiTabs-scrollButtonsHideMobile tabsScrollBtn css-145v6pe-MuiButtonBase-root-MuiTabScrollButton-root"
                    >
                      <svg
                        aria-hidden="true"
                        class="MuiSvgIcon-root MuiSvgIcon-fontSizeSmall css-ptiqhd-MuiSvgIcon-root"
                        data-testid="KeyboardArrowLeftIcon"
                        focusable="false"
                        viewBox="0 0 24 24"
                      >
                        <path
                          d="M15.41 16.09l-4.58-4.59 4.58-4.59L14 5.5l-6 6 6 6z"
                        />
                      </svg>
                      <span
                        class="MuiTouchRipple-root css-8je8zh-MuiTouchRipple-root"
                      />
                    </div>
                    <div
                      class="MuiTabs-scrollableX MuiTabs-hideScrollbar css-agdkjh-MuiTabs-scrollbarSize"
                      style="width: 99px; height: 99px; position: absolute; top: -9999px; overflow: scroll;"
                    />
                    <div
                      class="MuiTabs-scroller MuiTabs-hideScrollbar MuiTabs-scrollableX css-69z67c-MuiTabs-scroller"
                      style="margin-bottom: 0px;"
                    >
                      <div
                        aria-label="tabs"
                        class="MuiTabs-flexContainer css-heg063-MuiTabs-flexContainer"
                        role="tablist"
                      >
                        <button
                          aria-controls="tabpanel-title"
                          aria-selected="true"
                          class="MuiButtonBase-root MuiTab-root MuiTab-textColorPrimary Mui-selected Tabs-tabRoot css-15jz8p0-MuiButtonBase-root-MuiTab-root"
                          data-gtm="{\\"id\\":\\"selector-tabs2\\",\\"label\\":\\"title\\",\\"action\\":\\"Selector – Tabs\\"}"
                          data-testid="tab-title"
                          id="tab-title"
                          role="tab"
                          tabindex="0"
                          type="button"
                        >
                          title
                          <span
                            class="MuiTouchRipple-root css-8je8zh-MuiTouchRipple-root"
                          />
                        </button>
                      </div>
                      <span
                        class="MuiTabs-indicator css-tv859c-MuiTabs-indicator"
                        style="left: 0px; width: 0px;"
                      />
                    </div>
                    <div
                      class="MuiButtonBase-root MuiTabScrollButton-root MuiTabScrollButton-horizontal Mui-disabled MuiTabs-scrollButtons MuiTabs-scrollButtonsHideMobile tabsScrollBtn css-145v6pe-MuiButtonBase-root-MuiTabScrollButton-root"
                    >
                      <svg
                        aria-hidden="true"
                        class="MuiSvgIcon-root MuiSvgIcon-fontSizeSmall css-ptiqhd-MuiSvgIcon-root"
                        data-testid="KeyboardArrowRightIcon"
                        focusable="false"
                        viewBox="0 0 24 24"
                      >
                        <path
                          d="M8.59 16.34l4.58-4.59-4.58-4.59L10 5.75l6 6-6 6z"
                        />
                      </svg>
                      <span
                        class="MuiTouchRipple-root css-8je8zh-MuiTouchRipple-root"
                      />
                    </div>
                  </div>
                </div>
              </div>
            </div>
            <div
              aria-labelledby="tab-title"
              class="Tabs-tabPanel Tabs-tabPanelBox MuiBox-root css-19kzrtu"
              data-testid="tabpanel-title"
              heading="title"
              id="tabpanel-title"
              role="tabpanel"
            >
              <div
                class="RichText-root css-17t4j5c"
              >
                <p
                  class="MuiTypography-root MuiTypography-body1 MuiTypography-gutterBottom  css-abi5v8-MuiTypography-root"
                  data-testid="typography"
                >
                  Lorem Ipsum has been the industry's standard dummy text ever since the 1500s
                </p>
              </div>
            </div>
          </div>
        </div>
      </div>
    </div>
  </div>
</div>
`;
