// Jest Snapshot v1, https://goo.gl/fbAQLP

exports[`Header component renders correctly 1`] = `
<header
  class="MuiPaper-root Header MuiPaper-elevation3"
>
  <nav
    aria-label="Utilities"
    class="UtilitiesBar"
    role="navigation"
  >
    <div
      class="MuiContainer-root Container MuiContainer-maxWidthXl"
    >
      <ul>
        <li
          class="NavItem"
        >
          <a
            class="MuiButtonBase-root MuiButton-root MuiButton-text Button UtilitiesButton MuiButton-textPrimary"
            href="/gb/landing-page"
          >
            <span
              class="MuiButton-label"
            >
              Our story
            </span>
            <span
              class="MuiTouchRipple-root"
            />
          </a>
        </li>
      </ul>
    </div>
  </nav>
  <div
    class="NavigationBar"
  >
    <div
      class="MuiContainer-root Container MuiContainer-maxWidthXl"
    >
      <div
        class="NavigationBar__Left"
      >
        <a
          class="LogoLink"
          href="/gb/"
        >
          <svg
            class="Logo"
          />
        </a>
        <nav
          aria-label="Navigation"
          class="Navigation"
          role="navigation"
        >
          <div
            class="MuiTabs-root"
          >
            <div
              class="MuiTabs-scrollable"
              style="width: 99px; height: 99px; position: absolute; top: -9999px; overflow: scroll;"
            />
            <div
              class="MuiTabs-scroller MuiTabs-scrollable"
              style="margin-bottom: 0px;"
            >
              <div
                class="MuiTabs-flexContainer"
                role="tablist"
              >
                <button
                  aria-controls="navigation-tabpanel-0"
                  aria-selected="false"
                  class="MuiButtonBase-root MuiTab-root MuiTab-textColorInherit NavItem MuiTab-labelIcon"
                  id="navigation-tab-0"
                  role="tab"
                  tabindex="-1"
                  type="button"
                >
                  <span
                    class="MuiTab-wrapper"
                  >
                    <svg
                      aria-hidden="true"
                      class="MuiSvgIcon-root"
                      focusable="false"
                      viewBox="0 0 24 24"
                    >
                      <path
                        d="M7.41 8.59L12 13.17l4.59-4.58L18 10l-6 6-6-6 1.41-1.41z"
                      />
                    </svg>
                    Get in touch
                  </span>
                  <span
                    class="MuiTouchRipple-root"
                  />
                </button>
                <button
                  aria-controls="navigation-tabpanel-1"
                  aria-selected="false"
                  class="MuiButtonBase-root MuiTab-root MuiTab-textColorInherit NavItem MuiTab-labelIcon"
                  id="navigation-tab-1"
                  role="tab"
                  tabindex="-1"
                  type="button"
                >
                  <span
                    class="MuiTab-wrapper"
                  >
                    <svg
                      aria-hidden="true"
                      class="MuiSvgIcon-root"
                      focusable="false"
                      viewBox="0 0 24 24"
                    >
                      <path
                        d="M7.41 8.59L12 13.17l4.59-4.58L18 10l-6 6-6-6 1.41-1.41z"
                      />
                    </svg>
                    About BMI
                  </span>
                  <span
                    class="MuiTouchRipple-root"
                  />
                </button>
              </div>
              <span
                class="PrivateTabIndicator-root-1 PrivateTabIndicator-colorSecondary-3 MuiTabs-indicator"
                style="left: 0px; width: 0px;"
              />
            </div>
          </div>
        </nav>
      </div>
      <div
        class="NavigationBar__Right"
      >
        <button
          aria-label="Search"
          class="MuiButtonBase-root MuiIconButton-root IconButton IconButton--medium IconButton--contained"
          tabindex="0"
          type="button"
        >
          <span
            class="MuiIconButton-label"
          >
            <svg
              aria-hidden="true"
              class="MuiSvgIcon-root"
              focusable="false"
              viewBox="0 0 24 24"
            >
              <path
                d="M15.5 14h-.79l-.28-.27C15.41 12.59 16 11.11 16 9.5 16 5.91 13.09 3 9.5 3S3 5.91 3 9.5 5.91 16 9.5 16c1.61 0 3.09-.59 4.23-1.57l.27.28v.79l5 4.99L20.49 19l-4.99-5zm-6 0C7.01 14 5 11.99 5 9.5S7.01 5 9.5 5 14 7.01 14 9.5 11.99 14 9.5 14z"
              />
            </svg>
          </span>
          <span
            class="MuiTouchRipple-root"
          />
        </button>
        <button
          aria-label="Open menu"
          class="MuiButtonBase-root MuiIconButton-root IconButton IconButton--medium IconButton--contained BurgerButton"
          tabindex="0"
          type="button"
        >
          <span
            class="MuiIconButton-label"
          >
            <svg
              aria-hidden="true"
              class="MuiSvgIcon-root"
              focusable="false"
              viewBox="0 0 24 24"
            >
              <path
                d="M3 18h18v-2H3v2zm0-5h18v-2H3v2zm0-7v2h18V6H3z"
              />
            </svg>
          </span>
          <span
            class="MuiTouchRipple-root"
          />
        </button>
      </div>
    </div>
  </div>
  <div
    aria-hidden="true"
    class="MuiBackdrop-root Backdrop"
    style="opacity: 0; visibility: hidden;"
  />
  <div
    class="Drawer NavDrawer"
    style="visibility: hidden; webkit-transform: translateY(-NaNpx); transform: translateY(-NaNpx);"
  >
    <button
      aria-label="Close"
      class="MuiButtonBase-root MuiIconButton-root IconButton IconButton--medium IconButton--contained CloseButton"
      tabindex="0"
      type="button"
    >
      <span
        class="MuiIconButton-label"
      >
        <svg
          aria-hidden="true"
          class="MuiSvgIcon-root"
          focusable="false"
          viewBox="0 0 24 24"
        >
          <path
            d="M19 6.41L17.59 5 12 10.59 6.41 5 5 6.41 10.59 12 5 17.59 6.41 19 12 13.41 17.59 19 19 17.59 13.41 12z"
          />
        </svg>
      </span>
      <span
        class="MuiTouchRipple-root"
      />
    </button>
    <nav
      class="Navigation"
    >
      <div
        class="NavigationList Offset0"
      >
        <ul>
          <li>
            <h6
              class="MuiTypography-root MainMenuTitle Typography MuiTypography-h6"
            >
              BMI Group
            </h6>
          </li>
          <li>
            <button
              class="MuiButtonBase-root MuiButton-root MuiButton-text Button NavigationListButton MuiButton-textPrimary"
              tabindex="0"
              type="button"
            >
              <span
                class="MuiButton-label"
              >
                Get in touch
                <span
                  class="MuiButton-endIcon MuiButton-iconSizeMedium"
                >
                  <svg
                    aria-hidden="true"
                    class="MuiSvgIcon-root"
                    focusable="false"
                    viewBox="0 0 24 24"
                  >
                    <path
                      d="M10 6L8.59 7.41 13.17 12l-4.58 4.59L10 18l6-6z"
                    />
                  </svg>
                </span>
              </span>
              <span
                class="MuiTouchRipple-root"
              />
            </button>
            <div
              class="NavigationList"
            >
              <ul>
                <li
                  class="BackNavigation"
                >
                  <button
                    class="MuiButtonBase-root MuiButton-root MuiButton-text Button NavigationListButton BackButton MuiButton-textPrimary"
                    tabindex="0"
                    type="button"
                  >
                    <span
                      class="MuiButton-label"
                    >
                      <span
                        class="MuiButton-startIcon MuiButton-iconSizeMedium"
                      >
                        <svg
                          aria-hidden="true"
                          class="MuiSvgIcon-root"
                          focusable="false"
                          viewBox="0 0 24 24"
                        >
                          <path
                            d="M15.41 7.41L14 6l-6 6 6 6 1.41-1.41L10.83 12z"
                          />
                        </svg>
                      </span>
                      Main menu
                    </span>
                    <span
                      class="MuiTouchRipple-root"
                    />
                  </button>
                  <hr
                    class="Separator"
                  />
                </li>
                <li>
                  <a
                    aria-disabled="false"
                    class="MuiButtonBase-root MuiButton-root MuiButton-text Button NavigationListButton MuiButton-textPrimary"
                    href="tel:+4401234567890"
                    tabindex="0"
                  >
                    <span
                      class="MuiButton-label"
                    >
                      <svg
                        aria-hidden="true"
                        class="MuiSvgIcon-root"
                        focusable="false"
                        viewBox="0 0 24 24"
                      >
                        <path
                          d="M6.62 10.79c1.44 2.83 3.76 5.14 6.59 6.59l2.2-2.2c.27-.27.67-.36 1.02-.24 1.12.37 2.33.57 3.57.57.55 0 1 .45 1 1V20c0 .55-.45 1-1 1-9.39 0-17-7.61-17-17 0-.55.45-1 1-1h3.5c.55 0 1 .45 1 1 0 1.25.2 2.45.57 3.57.11.35.03.74-.25 1.02l-2.2 2.2z"
                        />
                      </svg>
                      <b>
                        +44 (0) 1234567890
                      </b>
                    </span>
                    <span
                      class="MuiTouchRipple-root"
                    />
                  </a>
                </li>
              </ul>
            </div>
          </li>
          <li>
            <button
              class="MuiButtonBase-root MuiButton-root MuiButton-text Button NavigationListButton MuiButton-textPrimary"
              tabindex="0"
              type="button"
            >
              <span
                class="MuiButton-label"
              >
                About BMI
                <span
                  class="MuiButton-endIcon MuiButton-iconSizeMedium"
                >
                  <svg
                    aria-hidden="true"
                    class="MuiSvgIcon-root"
                    focusable="false"
                    viewBox="0 0 24 24"
                  >
                    <path
                      d="M10 6L8.59 7.41 13.17 12l-4.58 4.59L10 18l6-6z"
                    />
                  </svg>
                </span>
              </span>
              <span
                class="MuiTouchRipple-root"
              />
            </button>
            <div
              class="NavigationList"
            >
              <ul>
                <li
                  class="BackNavigation"
                >
                  <button
                    class="MuiButtonBase-root MuiButton-root MuiButton-text Button NavigationListButton BackButton MuiButton-textPrimary"
                    tabindex="0"
                    type="button"
                  >
                    <span
                      class="MuiButton-label"
                    >
                      <span
                        class="MuiButton-startIcon MuiButton-iconSizeMedium"
                      >
                        <svg
                          aria-hidden="true"
                          class="MuiSvgIcon-root"
                          focusable="false"
                          viewBox="0 0 24 24"
                        >
                          <path
                            d="M15.41 7.41L14 6l-6 6 6 6 1.41-1.41L10.83 12z"
                          />
                        </svg>
                      </span>
                      Main menu
                    </span>
                    <span
                      class="MuiTouchRipple-root"
                    />
                  </button>
                  <hr
                    class="Separator"
                  />
                </li>
                <li>
                  <a
                    class="MuiButtonBase-root MuiButton-root MuiButton-text Button NavigationListButton MuiButton-textPrimary"
                    href="/gb/landing-page"
                  >
                    <span
                      class="MuiButton-label"
                    >
                      Our story
                    </span>
                    <span
                      class="MuiTouchRipple-root"
                    />
                  </a>
                </li>
              </ul>
            </div>
          </li>
          <ul
            class="Utilities"
          >
            <li>
              <a
                class="MuiButtonBase-root MuiButton-root MuiButton-text Button NavigationListButton MuiButton-textPrimary"
                href="/gb/landing-page"
              >
                <span
                  class="MuiButton-label"
                >
                  Our story
                </span>
                <span
                  class="MuiTouchRipple-root"
                />
              </a>
            </li>
          </ul>
          <li>
            <button
              class="MuiButtonBase-root MuiButton-root MuiButton-text Button NavigationListButton MuiButton-textPrimary"
              tabindex="0"
              type="button"
            >
              <span
                class="MuiButton-label"
              >
                Language
                <span
                  class="MuiButton-endIcon MuiButton-iconSizeMedium"
                >
                  <svg
                    aria-hidden="true"
                    class="MuiSvgIcon-root"
                    focusable="false"
                    viewBox="0 0 24 24"
                  >
                    <path
                      d="M10 6L8.59 7.41 13.17 12l-4.58 4.59L10 18l6-6z"
                    />
                  </svg>
                </span>
              </span>
              <span
                class="MuiTouchRipple-root"
              />
            </button>
          </li>
        </ul>
      </div>
    </nav>
  </div>
  <div
    class="Drawer SearchDrawer"
    style="visibility: hidden; webkit-transform: translateY(-NaNpx); transform: translateY(-NaNpx);"
  >
    <button
      aria-label="Close"
      class="MuiButtonBase-root MuiIconButton-root IconButton IconButton--medium IconButton--contained CloseButton"
      tabindex="0"
      type="button"
    >
      <span
        class="MuiIconButton-label"
      >
        <svg
          aria-hidden="true"
          class="MuiSvgIcon-root"
          focusable="false"
          viewBox="0 0 24 24"
        >
          <path
            d="M19 6.41L17.59 5 12 10.59 6.41 5 5 6.41 10.59 12 5 17.59 6.41 19 12 13.41 17.59 19 19 17.59 13.41 12z"
          />
        </svg>
      </span>
      <span
        class="MuiTouchRipple-root"
      />
    </button>
    <h4
      class="MuiTypography-root Typography MuiTypography-h4"
    >
      How can we help you today?
    </h4>
    <div
      class="InputGroup InputGroup--locked-sm"
    >
      <div
        class="MuiFormControl-root MuiTextField-root TextField input"
      >
        <label
          class="MuiFormLabel-root MuiInputLabel-root MuiInputLabel-formControl MuiInputLabel-animated MuiInputLabel-filled"
          data-shrink="false"
        >
          Search BMI...
        </label>
        <div
          class="MuiInputBase-root MuiFilledInput-root MuiFilledInput-underline MuiInputBase-formControl"
        >
          <input
            aria-invalid="false"
            class="MuiInputBase-input MuiFilledInput-input"
            type="text"
            value=""
          />
        </div>
      </div>
      <button
        aria-label="Search"
        class="MuiButtonBase-root MuiIconButton-root IconButton IconButton--medium IconButton--contained button"
        tabindex="0"
        type="button"
      >
        <span
          class="MuiIconButton-label"
        >
          <svg
            aria-hidden="true"
            class="MuiSvgIcon-root"
            focusable="false"
            viewBox="0 0 24 24"
          >
            <path
              d="M15.5 14h-.79l-.28-.27C15.41 12.59 16 11.11 16 9.5 16 5.91 13.09 3 9.5 3S3 5.91 3 9.5 5.91 16 9.5 16c1.61 0 3.09-.59 4.23-1.57l.27.28v.79l5 4.99L20.49 19l-4.99-5zm-6 0C7.01 14 5 11.99 5 9.5S7.01 5 9.5 5 14 7.01 14 9.5 11.99 14 9.5 14z"
            />
          </svg>
        </span>
        <span
          class="MuiTouchRipple-root"
        />
      </button>
    </div>
  </div>
</header>
`;
