// Jest Snapshot v1, https://goo.gl/fbAQLP

exports[`OverlapCards component renders correctly 1`] = `
<div
  class="OverlapCards"
>
  <div
    class="Container"
  >
    <div
      class="MuiContainer-root MuiContainer-maxWidthXl"
    >
      <div
        class="MuiGrid-root Grid Grid--justify MuiGrid-container MuiGrid-spacing-xs-3 MuiGrid-justify-xs-center"
      >
        <div
          class="MuiGrid-root item MuiGrid-item MuiGrid-grid-xs-12 MuiGrid-grid-sm-6 MuiGrid-grid-md-5 MuiGrid-grid-lg-3"
        >
          <a
            class="MuiButtonBase-root Card"
            href="/uk/some-page"
          >
            <div
              class="MuiPaper-root MuiCard-root body MuiPaper-elevation1 MuiPaper-rounded"
            >
              <section
                class="top-box"
              >
                <h5
                  class="MuiTypography-root heading Typography MuiTypography-h5"
                >
                  Call to action
                  <svg
                    aria-hidden="true"
                    class="MuiSvgIcon-root icon"
                    focusable="false"
                    viewBox="0 0 24 24"
                  >
                    <path
                      d="M12 4l-1.41 1.41L16.17 11H4v2h12.17l-5.58 5.59L12 20l8-8z"
                    />
                  </svg>
                </h5>
              </section>
              <div
                class="image Media gatsby-image-wrapper"
                style="overflow: hidden;"
              >
                <div
                  aria-hidden="true"
                  style="width: 100%; padding-bottom: 100%;"
                />
                <picture>
                  
                  <img
                    alt="Lorem ipsum"
                    draggable="false"
                    loading="lazy"
                    sizes=""
                    src=""
                    srcset=""
                    style="position: absolute; top: 0px; left: 0px; width: 100%; height: 100%; object-fit: cover; object-position: center; opacity: 0; transition: opacity 500ms; font-family: \\"object-fit: cover; object-position: center\\";"
                  />
                </picture>
                <noscript>
                  &lt;picture&gt;&lt;source srcset="" /&gt;&lt;img loading="lazy" src="" alt="Lorem ipsum" style="position:absolute;top:0;left:0;opacity:1;width:100%;height:100%;object-fit:cover;object-position:center"/&gt;&lt;/picture&gt;
                </noscript>
              </div>
            </div>
            <span
              class="MuiTouchRipple-root"
            />
          </a>
        </div>
        <div
          class="MuiGrid-root item MuiGrid-item MuiGrid-grid-xs-12 MuiGrid-grid-sm-6 MuiGrid-grid-md-5 MuiGrid-grid-lg-3"
        >
          <a
            class="MuiButtonBase-root Card"
            href="/uk/some-page"
          >
            <div
              class="MuiPaper-root MuiCard-root body MuiPaper-elevation1 MuiPaper-rounded"
            >
              <section
                class="top-box"
              >
                <h5
                  class="MuiTypography-root heading Typography MuiTypography-h5"
                >
                  Call to action
                  <svg
                    aria-hidden="true"
                    class="MuiSvgIcon-root icon"
                    focusable="false"
                    viewBox="0 0 24 24"
                  >
                    <path
                      d="M12 4l-1.41 1.41L16.17 11H4v2h12.17l-5.58 5.59L12 20l8-8z"
                    />
                  </svg>
                </h5>
              </section>
              <div
                class="image Media gatsby-image-wrapper"
                style="overflow: hidden;"
              >
                <div
                  aria-hidden="true"
                  style="width: 100%; padding-bottom: 100%;"
                />
                <picture>
                  
                  <img
                    alt="Lorem ipsum"
                    draggable="false"
                    loading="lazy"
                    sizes=""
                    src=""
                    srcset=""
                    style="position: absolute; top: 0px; left: 0px; width: 100%; height: 100%; object-fit: cover; object-position: center; opacity: 0; transition: opacity 500ms; font-family: \\"object-fit: cover; object-position: center\\";"
                  />
                </picture>
                <noscript>
                  &lt;picture&gt;&lt;source srcset="" /&gt;&lt;img loading="lazy" src="" alt="Lorem ipsum" style="position:absolute;top:0;left:0;opacity:1;width:100%;height:100%;object-fit:cover;object-position:center"/&gt;&lt;/picture&gt;
                </noscript>
              </div>
            </div>
            <span
              class="MuiTouchRipple-root"
            />
          </a>
        </div>
        <div
          class="MuiGrid-root item MuiGrid-item MuiGrid-grid-xs-12 MuiGrid-grid-sm-6 MuiGrid-grid-md-5 MuiGrid-grid-lg-3"
        >
          <div
            class="Card"
          >
            <div
              class="MuiPaper-root MuiCard-root body MuiPaper-elevation1 MuiPaper-rounded"
            >
              <a
                class="MuiButtonBase-root top-box"
                href="/uk/some-page"
              >
                <h5
                  class="MuiTypography-root heading Typography MuiTypography-h5"
                >
                  Card with Video
                  <svg
                    aria-hidden="true"
                    class="MuiSvgIcon-root icon"
                    focusable="false"
                    viewBox="0 0 24 24"
                  >
                    <path
                      d="M12 4l-1.41 1.41L16.17 11H4v2h12.17l-5.58 5.59L12 20l8-8z"
                    />
                  </svg>
                </h5>
                <span
                  class="MuiTouchRipple-root"
                />
              </a>
              <div
                class="image Media"
              >
                <div
                  class="YoutubeVideo"
                  style="background-image: url(link-to-page.png);"
                >
                  <span
                    class="AlternativeContent"
                  >
                    video label
                  </span>
                  <button
                    class="MuiButtonBase-root MuiIconButton-root IconButton IconButton--medium IconButton--contained play-button"
                    tabindex="0"
                    type="button"
                  >
                    <span
                      class="MuiIconButton-label"
                    >
                      <svg
                        aria-hidden="true"
                        class="MuiSvgIcon-root"
                        focusable="false"
                        viewBox="0 0 24 24"
                      >
                        <path
                          d="M8 5v14l11-7z"
                        />
                      </svg>
                    </span>
                    <span
                      class="MuiTouchRipple-root"
                    />
                  </button>
                </div>
              </div>
            </div>
          </div>
        </div>
      </div>
    </div>
  </div>
</div>
`;
