// Jest Snapshot v1, https://goo.gl/fbAQLP

exports[`SocialMediaLinks component renders correctly 1`] = `
<div>
  <ul
    class="css-1nn191a"
    data-testid="social-media-links"
  />
</div>
`;
