// Jest Snapshot v1, https://goo.gl/fbAQLP

exports[`TwoPaneCarousel component navigates to next page 1`] = `
"Snapshot Diff:
- First value
+ Second value

@@ -19,11 +19,11 @@
              <div
                style=\\"overflow-x: hidden;\\"
              >
                <div
                  class=\\"react-swipeable-view-container\\"
-                 style=\\"flex-direction: row; transition: all 0s ease 0s; direction: ltr; display: flex; will-change: transform;\\"
+                 style=\\"flex-direction: row; transition: transform 0.35s cubic-bezier(0.15, 0.3, 0.25, 1) 0s; direction: ltr; display: flex; will-change: transform; transform: translate(-400%, 0);\\"
                >
                  <div
                    aria-hidden=\\"false\\"
                    class=\\"Carousel__slide--global\\"
                    data-swipeable=\\"true\\"
@@ -34,38 +34,20 @@
                    >
                      <div
                        class=\\"slide left-pane-slide\\"
                        style=\\"width: 100%;\\"
                      >
-                       <svg
-                         class=\\"brand-icon\\"
-                         preserveAspectRatio=\\"xMinYMin\\"
-                       />
                        <h2
                          class=\\"MuiTypography-root heading Typography Typography--underline MuiTypography-h1\\"
                        >
-                         H1 Heading running onto 2 lines
+                         H1 Heading
                        </h2>
                        <div
                          class=\\"text\\"
-                       >
-                         Lorem ipsum dolor sit amet, consectetur adipiscing elit. Donec ligula nisi, condimentum facilisis hendrerit eget, sollicitudin non sapien. Class aptent taciti sociosqu ad litora.
-                         <div>
-                           <a
-                             class=\\"MuiTypography-root MuiLink-root MuiLink-underlineHover cta Anchorlink MuiTypography-colorPrimary\\"
-                             type=\\"button\\"
                        >
-                             <span>
-                               Read the full story
-                             </span>
-                             <svg
-                               aria-hidden=\\"true\\"
-                               class=\\"icon\\"
-                               focusable=\\"false\\"
-                             />
-                           </a>
-                         </div>
+                         Aliquip velit exercitation sunt eiusmod. Ipsum est quis dolore cupidatat nisi reprehenderit aliquip exercitation. Magna mollit Lorem est aliqua consequat officia cillum dolor.
+                         <div />
                        </div>
                      </div>
                    </div>
                  </div>
                </div>
@@ -104,16 +86,21 @@
            >
              <span
                class=\\"sliding-slot\\"
              >
                <span
-                 class=\\"numbers\\"
+                 class=\\"numbers numbers--up\\"
+               >
+                 <span
+                   class=\\"number\\"
                  >
+                   01
+                 </span>
                  <span
                    class=\\"number number--active\\"
                  >
-                   01
+                   02
                  </span>
                </span>
              </span>
              <span
                class=\\"total\\"
@@ -160,11 +147,11 @@
            <div
              style=\\"overflow-x: hidden;\\"
            >
              <div
                class=\\"react-swipeable-view-container\\"
-               style=\\"flex-direction: row; transition: all 0s ease 0s; direction: ltr; display: flex; will-change: transform;\\"
+               style=\\"flex-direction: row; transition: transform 0.35s cubic-bezier(0.15, 0.3, 0.25, 1) 0s; direction: ltr; display: flex; will-change: transform; transform: translate(-400%, 0);\\"
              >
                <div
                  aria-hidden=\\"false\\"
                  class=\\"Carousel__slide--global\\"
                  data-swipeable=\\"true\\""
`;

exports[`TwoPaneCarousel component navigates to previous page 1`] = `
"Snapshot Diff:
- First value
+ Second value

@@ -19,11 +19,11 @@
              <div
                style=\\"overflow-x: hidden;\\"
              >
                <div
                  class=\\"react-swipeable-view-container\\"
-                 style=\\"flex-direction: row; transition: all 0s ease 0s; direction: ltr; display: flex; will-change: transform;\\"
+                 style=\\"flex-direction: row; transition: transform 0.35s cubic-bezier(0.15, 0.3, 0.25, 1) 0s; direction: ltr; display: flex; will-change: transform; transform: translate(-200%, 0);\\"
                >
                  <div
                    aria-hidden=\\"false\\"
                    class=\\"Carousel__slide--global\\"
                    data-swipeable=\\"true\\"
@@ -34,23 +34,19 @@
                    >
                      <div
                        class=\\"slide left-pane-slide\\"
                        style=\\"width: 100%;\\"
                      >
-                       <svg
-                         class=\\"brand-icon\\"
-                         preserveAspectRatio=\\"xMinYMin\\"
-                       />
                        <h2
                          class=\\"MuiTypography-root heading Typography Typography--underline MuiTypography-h1\\"
                        >
-                         H1 Heading running onto 2 lines
+                         H1 Heading
                        </h2>
                        <div
                          class=\\"text\\"
                        >
-                         Lorem ipsum dolor sit amet, consectetur adipiscing elit. Donec ligula nisi, condimentum facilisis hendrerit eget, sollicitudin non sapien. Class aptent taciti sociosqu ad litora.
+                         Aliquip velit exercitation sunt eiusmod.
                          <div>
                            <a
                              class=\\"MuiTypography-root MuiLink-root MuiLink-underlineHover cta Anchorlink MuiTypography-colorPrimary\\"
                              type=\\"button\\"
                            >
@@ -104,14 +100,19 @@
            >
              <span
                class=\\"sliding-slot\\"
              >
                <span
-                 class=\\"numbers\\"
+                 class=\\"numbers numbers--down\\"
                >
                  <span
                    class=\\"number number--active\\"
+                 >
+                   03
+                 </span>
+                 <span
+                   class=\\"number\\"
                  >
                    01
                  </span>
                </span>
              </span>
@@ -160,11 +161,11 @@
            <div
              style=\\"overflow-x: hidden;\\"
            >
              <div
                class=\\"react-swipeable-view-container\\"
-               style=\\"flex-direction: row; transition: all 0s ease 0s; direction: ltr; display: flex; will-change: transform;\\"
+               style=\\"flex-direction: row; transition: transform 0.35s cubic-bezier(0.15, 0.3, 0.25, 1) 0s; direction: ltr; display: flex; will-change: transform; transform: translate(-200%, 0);\\"
              >
                <div
                  aria-hidden=\\"false\\"
                  class=\\"Carousel__slide--global\\"
                  data-swipeable=\\"true\\"
@@ -175,14 +176,13 @@
                  >
                    <div
                      class=\\"slide\\"
                      style=\\"width: 100%;\\"
                    >
-                     <img
-                       alt=\\"Lorem ipsum\\"
-                       class=\\"image Media\\"
-                       src=\\"path-to-image\\"
+                     <div
+                       class=\\"image\\"
+                       style=\\"background-image: url(path-to-image);\\"
                      />
                    </div>
                  </div>
                </div>
              </div>"
`;

exports[`TwoPaneCarousel component renders a single pane carousel 1`] = `
<div
  class="TwoPaneCarousel"
>
  <div
    class="MuiGrid-root Grid MuiGrid-container MuiGrid-spacing-xs-3 MuiGrid-align-items-xs-flex-start"
  >
    <div
      class="MuiGrid-root item MuiGrid-item MuiGrid-grid-xs-12 MuiGrid-grid-sm-6 MuiGrid-grid-xl-4"
    >
      <div
        class="left-pane"
      >
        <div
          class="wrapper"
        >
          <div
            class="Carousel Carousel--opacity Carousel--swipable"
          >
            <div
              style="overflow-x: hidden;"
            >
              <div
                class="react-swipeable-view-container"
                style="flex-direction: row; transition: all 0s ease 0s; direction: ltr; display: flex; will-change: transform;"
              >
                <div
                  aria-hidden="false"
                  class="Carousel__slide--global"
                  data-swipeable="true"
                  style="width: 100%; flex-shrink: 0; overflow: auto;"
                >
                  <div
                    class="page"
                  >
                    <div
                      class="slide left-pane-slide"
                      style="width: 100%;"
                    >
                      <svg
                        class="brand-icon"
                        preserveAspectRatio="xMinYMin"
                      />
                      <h2
                        class="MuiTypography-root heading Typography Typography--underline MuiTypography-h1"
                      >
                        H1 Heading running onto 2 lines
                      </h2>
                      <div
                        class="text"
                      >
                        Lorem ipsum dolor sit amet, consectetur adipiscing elit. Donec ligula nisi, condimentum facilisis hendrerit eget, sollicitudin non sapien. Class aptent taciti sociosqu ad litora.
                        <div>
                          <a
                            class="MuiTypography-root MuiLink-root MuiLink-underlineHover cta Anchorlink MuiTypography-colorPrimary"
                            type="button"
                          >
                            <span>
                              Read the full story
                            </span>
                            <svg
                              aria-hidden="true"
                              class="icon"
                              focusable="false"
                            />
                          </a>
                        </div>
                      </div>
                    </div>
                  </div>
                </div>
              </div>
            </div>
          </div>
        </div>
        <div
          class="SlideControls controls"
        >
          <button
            aria-label="previous"
            class="MuiButtonBase-root MuiIconButton-root IconButton IconButton--medium IconButton--text"
            tabindex="0"
            type="button"
          >
            <span
              class="MuiIconButton-label"
            >
              <svg
                aria-hidden="true"
                class="MuiSvgIcon-root chevron"
                focusable="false"
                viewBox="0 0 24 24"
              >
                <path
                  d="M15.41 16.59L10.83 12l4.58-4.59L14 6l-6 6 6 6 1.41-1.41z"
                />
              </svg>
            </span>
            <span
              class="MuiTouchRipple-root"
            />
          </button>
          <span
            class="middle-container"
          >
            <span
              class="sliding-slot"
            >
              <span
                class="numbers"
              >
                <span
                  class="number number--active"
                >
                  01
                </span>
              </span>
            </span>
            <span
              class="total"
            >
              03
            </span>
          </span>
          <button
            aria-label="next"
            class="MuiButtonBase-root MuiIconButton-root IconButton IconButton--medium IconButton--text"
            tabindex="0"
            type="button"
          >
            <span
              class="MuiIconButton-label"
            >
              <svg
                aria-hidden="true"
                class="MuiSvgIcon-root chevron"
                focusable="false"
                viewBox="0 0 24 24"
              >
                <path
                  d="M8.59 16.59L13.17 12 8.59 7.41 10 6l6 6-6 6-1.41-1.41z"
                />
              </svg>
            </span>
            <span
              class="MuiTouchRipple-root"
            />
          </button>
        </div>
      </div>
    </div>
    <div
      class="MuiGrid-root item MuiGrid-item MuiGrid-grid-xs-12 MuiGrid-grid-sm-6 MuiGrid-grid-xl-8"
    >
      <div
        class="wrapper"
      >
        <div
          class="Carousel Carousel--swipable"
        >
          <div
            style="overflow-x: hidden;"
          >
            <div
              class="react-swipeable-view-container"
              style="flex-direction: row; transition: all 0s ease 0s; direction: ltr; display: flex; will-change: transform;"
            >
              <div
                aria-hidden="false"
                class="Carousel__slide--global"
                data-swipeable="true"
                style="width: 100%; flex-shrink: 0; overflow: auto;"
              >
                <div
                  class="page"
                >
                  <div
                    class="slide"
                    style="width: 100%;"
                  >
                    <img
                      alt="Lorem ipsum"
                      class="image Media"
                      src="path-to-image"
                    />
                  </div>
                </div>
              </div>
            </div>
          </div>
        </div>
      </div>
    </div>
  </div>
  <div
    class="wrapper"
  >
    Lorem ipsum
  </div>
</div>
`;

exports[`TwoPaneCarousel component renders correctly 1`] = `
<div
  class="TwoPaneCarousel"
>
  <div>
    <div
      class="wrapper"
    >
      <div
        class="Carousel Carousel--opacity Carousel--swipable"
      >
        <div
          style="overflow-x: hidden;"
        >
          <div
            class="react-swipeable-view-container"
            style="flex-direction: row; transition: all 0s ease 0s; direction: ltr; display: flex; will-change: transform;"
          >
            <div
              aria-hidden="false"
              class="Carousel__slide--global"
              data-swipeable="true"
              style="width: 100%; flex-shrink: 0; overflow: auto;"
            >
              <div
                class="page"
              >
                <div
                  class="slide left-pane-slide"
                  style="width: 100%;"
                >
                  <svg
                    class="brand-icon"
                    preserveAspectRatio="xMinYMin"
                  />
                  <h2
                    class="MuiTypography-root heading Typography Typography--underline MuiTypography-h2"
                  >
                    H1 Heading running onto 2 lines
                  </h2>
                </div>
              </div>
            </div>
          </div>
        </div>
      </div>
    </div>
    <div
      class="wrapper"
    >
      <div
        class="Carousel Carousel--opacity Carousel--swipable"
      >
        <div
          style="overflow-x: hidden;"
        >
          <div
            class="react-swipeable-view-container"
            style="flex-direction: row; transition: all 0s ease 0s; direction: ltr; display: flex; will-change: transform;"
          >
            <div
              aria-hidden="false"
              class="Carousel__slide--global"
              data-swipeable="true"
              style="width: 100%; flex-shrink: 0; overflow: auto;"
            >
              <div
                class="page"
              >
                <div
                  class="slide left-pane-slide"
                  style="width: 100%;"
                >
                  <img
                    alt="Lorem ipsum"
                    class="image Media"
                    src="path-to-image"
                  />
                  <div
                    class="text"
                  >
                    Lorem ipsum dolor sit amet, consectetur adipiscing elit. Donec ligula nisi, condimentum facilisis hendrerit eget, sollicitudin non sapien. Class aptent taciti sociosqu ad litora.
                    <div>
                      <a
                        class="MuiTypography-root MuiLink-root MuiLink-underlineHover cta Anchorlink MuiTypography-colorPrimary"
                        type="button"
                      >
                        <span>
                          Read the full story
                        </span>
                        <svg
                          aria-hidden="true"
                          class="icon"
                          focusable="false"
                        />
                      </a>
                    </div>
                  </div>
                </div>
              </div>
            </div>
          </div>
        </div>
      </div>
    </div>
    <div
      class="SlideControls SlideControls--full-size controls"
    >
      <button
        aria-label="previous"
        class="MuiButtonBase-root MuiIconButton-root IconButton IconButton--medium IconButton--text"
        tabindex="0"
        type="button"
      >
        <span
          class="MuiIconButton-label"
        >
          <svg
            aria-hidden="true"
            class="MuiSvgIcon-root chevron"
            focusable="false"
            viewBox="0 0 24 24"
          >
            <path
              d="M15.41 16.59L10.83 12l4.58-4.59L14 6l-6 6 6 6 1.41-1.41z"
            />
          </svg>
        </span>
        <span
          class="MuiTouchRipple-root"
        />
      </button>
      <span
        class="middle-container"
      >
        <span
          class="sliding-slot"
        >
          <span
            class="numbers"
          >
            <span
              class="number number--active"
            >
              01
            </span>
          </span>
        </span>
        <span
          class="total"
        >
          03
        </span>
      </span>
      <button
        aria-label="next"
        class="MuiButtonBase-root MuiIconButton-root IconButton IconButton--medium IconButton--text"
        tabindex="0"
        type="button"
      >
        <span
          class="MuiIconButton-label"
        >
          <svg
            aria-hidden="true"
            class="MuiSvgIcon-root chevron"
            focusable="false"
            viewBox="0 0 24 24"
          >
            <path
              d="M8.59 16.59L13.17 12 8.59 7.41 10 6l6 6-6 6-1.41-1.41z"
            />
          </svg>
        </span>
        <span
          class="MuiTouchRipple-root"
        />
      </button>
    </div>
  </div>
  <div
    class="wrapper"
  >
    Lorem ipsum
  </div>
</div>
`;
