// Jest Snapshot v1, https://goo.gl/fbAQLP

exports[`CompaniesSidePanel component renders correctly 1`] = `
<div>
  <div
    class="main"
  >
    <div
      class="sidePanel"
    >
      <div
        class="filters"
      >
        <nav>
          <div
            class="MuiFormControl-root MuiTextField-root TextField-root-2 TextField-leftAdornment-3 MuiFormControl-fullWidth"
          >
            <label
              class="MuiFormLabel-root MuiInputLabel-root MuiInputLabel-formControl MuiInputLabel-animated MuiInputLabel-outlined"
              data-shrink="false"
              for="filter"
              id="filter-label"
            >
              search.inputLabel
            </label>
            <div
              class="MuiInputBase-root MuiOutlinedInput-root MuiInputBase-fullWidth MuiInputBase-formControl MuiInputBase-adornedEnd MuiOutlinedInput-adornedEnd"
            >
              <input
                aria-invalid="false"
                class="MuiInputBase-input MuiOutlinedInput-input MuiInputBase-inputAdornedEnd MuiOutlinedInput-inputAdornedEnd"
                id="filter"
                name="filter"
                type="text"
                value=""
              />
              <div
                class="MuiInputAdornment-root MuiInputAdornment-positionEnd"
              >
                <svg
                  aria-hidden="true"
                  class="MuiSvgIcon-root"
                  focusable="false"
                  viewBox="0 0 24 24"
                >
                  <path
                    d="M15.5 14h-.79l-.28-.27C15.41 12.59 16 11.11 16 9.5 16 5.91 13.09 3 9.5 3S3 5.91 3 9.5 5.91 16 9.5 16c1.61 0 3.09-.59 4.23-1.57l.27.28v.79l5 4.99L20.49 19l-4.99-5zm-6 0C7.01 14 5 11.99 5 9.5S7.01 5 9.5 5 14 7.01 14 9.5 11.99 14 9.5 14z"
                  />
                </svg>
              </div>
              <fieldset
                aria-hidden="true"
                class="PrivateNotchedOutline-root-5 MuiOutlinedInput-notchedOutline"
              >
                <legend
                  class="PrivateNotchedOutline-legendLabelled-7"
                >
                  <span>
                    search.inputLabel
                  </span>
                </legend>
              </fieldset>
            </div>
          </div>
        </nav>
        <div
          class="filterButtons"
        >
          <span>
            Sort by
            :
          </span>
          <div
            class="filterButton"
          >
            <div
              class="MuiButtonBase-root MuiChip-root Chip-root-9 MuiChip-colorPrimary MuiChip-clickableColorPrimary MuiChip-clickable"
              role="button"
              tabindex="0"
            >
              <span
                class="MuiChip-label"
              >
                order.labels.ALPHABETICAL
              </span>
              <span
                class="MuiTouchRipple-root"
              />
            </div>
          </div>
          <div
            class="filterButton"
          >
            <div
              class="MuiButtonBase-root MuiChip-root Chip-root-9 Chip-default-10 MuiChip-clickable"
              role="button"
              tabindex="0"
            >
              <span
                class="MuiChip-label"
              >
                order.labels.UPDATED
              </span>
              <span
                class="MuiTouchRipple-root"
              />
            </div>
          </div>
        </div>
      </div>
      <div
        class="results"
      >
        <div
          data-testid="companyCard"
        >
          <button
            class="MuiButtonBase-root MuiCardActionArea-root"
            tabindex="0"
            type="button"
          >
            <div
              class="MuiCardContent-root main"
            >
              <h6
                class="MuiTypography-root title Typography-root-12 MuiTypography-h6"
                data-testid="typography"
              >
                A company
              </h6>
              <div>
                <p
                  class="MuiTypography-root Typography-root-12 MuiTypography-body1"
                  data-testid="typography"
                  style="display: flex;"
                >
                  <svg
                    aria-hidden="true"
                    class="MuiSvgIcon-root MuiSvgIcon-root"
                    focusable="false"
                    style="color: rgb(0, 154, 68);"
                    viewBox="0 0 24 24"
                  >
                    <path
                      d="M9 16.17L4.83 12l-1.42 1.41L9 19 21 7l-1.41-1.41z"
                    />
                  </svg>
                  search.profileComplete
                </p>
              </div>
              <svg
                aria-hidden="true"
                class="MuiSvgIcon-root chevron MuiSvgIcon-colorDisabled"
                focusable="false"
                style="font-size: 36px;"
                viewBox="0 0 24 24"
              >
                <path
                  d="M10 6L8.59 7.41 13.17 12l-4.58 4.59L10 18l6-6z"
                />
              </svg>
            </div>
            <span
              class="MuiCardActionArea-focusHighlight"
            />
            <span
              class="MuiTouchRipple-root"
            />
          </button>
        </div>
        <div
          data-testid="companyCard"
        >
          <button
            class="MuiButtonBase-root MuiCardActionArea-root"
            tabindex="0"
            type="button"
          >
            <div
              class="MuiCardContent-root main"
            >
              <h6
                class="MuiTypography-root title Typography-root-12 MuiTypography-h6"
                data-testid="typography"
              >
                Z company
              </h6>
              <div>
                <p
                  class="MuiTypography-root Typography-root-12 MuiTypography-body1"
                  data-testid="typography"
                  style="display: flex;"
                >
                  search.profileIncomplete
                </p>
              </div>
              <svg
                aria-hidden="true"
                class="MuiSvgIcon-root chevron MuiSvgIcon-colorDisabled"
                focusable="false"
                style="font-size: 36px;"
                viewBox="0 0 24 24"
              >
                <path
                  d="M10 6L8.59 7.41 13.17 12l-4.58 4.59L10 18l6-6z"
                />
              </svg>
            </div>
            <span
              class="MuiCardActionArea-focusHighlight"
            />
            <span
              class="MuiTouchRipple-root"
            />
          </button>
        </div>
      </div>
      <div
        class="footerBtn"
      />
    </div>
  </div>
</div>
`;
