// Jest Snapshot v1, https://goo.gl/fbAQLP

exports[`gatsby-plugin-google-tagmanager should load gtm 1`] = `
"window.dataLayer = window.dataLayer || [];
function gtag(){dataLayer.push(arguments);} 

gtag('consent', 'default', { 
  'ad_storage': 'denied', 
  'analytics_storage': 'denied', 
  'functionality_storage': 'denied',
  'personalization_storage': 'denied',
  'security_storage': 'denied',
  'ad_user_data': 'denied',
  'ad_personalization': 'denied',
  'wait_for_update': 500 
}); 
 
window.dataLayer.push({"platform":"gatsby","env":"production"});
gtag('js', new Date().getTime());
['123'].forEach((id) => gtag("config", id))"
`;

exports[`gatsby-plugin-google-tagmanager should load gtm 2`] = `"<iframe src="https://www.googletagmanager.com/ns.html?id=123" height="0" width="0" style="display: none; visibility: hidden" aria-hidden="true"></iframe>"`;
